******************************************************************************
                  TI ARM Linker Unix v16.9.1                   
******************************************************************************
>> Linked Mon Apr 24 19:08:07 2017

OUTPUT FILE NAME:   <SAM_subcontroller.out>
ENTRY POINT SYMBOL: "_c_int00"  address: 00003035


MEMORY CONFIGURATION

         name            origin    length      used     unused   attr    fill
----------------------  --------  ---------  --------  --------  ----  --------
  FLASH                 00000000   00040000  00003826  0003c7da  R  X
  SRAM                  20000000   00008000  0000049f  00007b61  RW X


SEGMENT ALLOCATION MAP

run origin  load origin   length   init length attrs members
----------  ----------- ---------- ----------- ----- -------
00000000    00000000    00003830   00003830    r-x
  00000000    00000000    0000026c   0000026c    r-- .intvecs
  0000026c    0000026c    000031d6   000031d6    r-x .text
  00003448    00003448    000003a4   000003a4    r-- .const
  000037f0    000037f0    00000040   00000040    r-- .cinit
20000000    20000000    000004a0   00000000    rw-
  20000000    20000000    00000267   00000000    rw- .bss
  20000268    20000268    00000200   00000000    rw- .stack
  20000468    20000468    00000038   00000000    rw- .data


SECTION ALLOCATION MAP

 output                                  attributes/
section   page    origin      length       input sections
--------  ----  ----------  ----------   ----------------
.intvecs   0    00000000    0000026c     
                  00000000    0000026c     tm4c123gh6pm_startup_ccs.obj (.intvecs)

.text      0    0000026c    000031d6     
                  0000026c    00000a68     mainSubController.obj (.text)
                  00000cd4    000004d8     SAM.obj (.text)
                  000011ac    00000468     myRS485.obj (.text)
                  00001614    00000390     numManipulate.obj (.text)
                  000019a4    00000388     serial.obj (.text)
                  00001d2c    00000348     mySerial.obj (.text)
                  00002074    0000023c     rtsv7M4_T_le_v4SPD16_eabi.lib : strtod.obj (.text)
                  000022b0    000001fc     myTimer.obj (.text)
                  000024ac    000001b6     rtsv7M4_T_le_v4SPD16_eabi.lib : fd_add_t2.obj (.text)
                  00002662    00000136                                   : fd_div_t2.obj (.text)
                  00002798    00000130     driverlib.lib : gpio.obj (.text:GPIOPadConfigSet)
                  000028c8    00000118                   : sysctl.obj (.text:SysCtlClockGet)
                  000029e0    000000fc     rtsv7M4_T_le_v4SPD16_eabi.lib : fd_mul_t2.obj (.text)
                  00002adc    000000f0     driverlib.lib : sysctl.obj (.text:SysCtlClockSet)
                  00002bcc    000000c8     myIO.obj (.text)
                  00002c94    0000009c     rtsv7M4_T_le_v4SPD16_eabi.lib : memcpy_t2.obj (.text)
                  00002d30    00000086                                   : fd_cmp_t2.obj (.text:__aeabi_cdcmple)
                  00002db6    0000007a                                   : memset_t2.obj (.text)
                  00002e30    00000070                                   : autoinit.obj (.text)
                  00002ea0    0000006e                                   : fd_tos_t2.obj (.text)
                  00002f0e    00000068                                   : copy_decompress_lzss.obj (.text:decompress:lzss)
                  00002f76    00000002                                   : mpu_init.obj (.text)
                  00002f78    00000060     driverlib.lib : interrupt.obj (.text:IntEnable)
                  00002fd8    0000005c                   : timer.obj (.text:TimerConfigure)
                  00003034    00000054     rtsv7M4_T_le_v4SPD16_eabi.lib : boot.obj (.text)
                  00003088    00000054                                   : exit.obj (.text)
                  000030dc    0000004c                                   : atoi.obj (.text)
                  00003128    0000004c                                   : cpy_tbl.obj (.text)
                  00003174    00000048     driverlib.lib : gpio.obj (.text:GPIOPinConfigure)
                  000031bc    00000040                   : uart.obj (.text:UARTConfigSetExpClk)
                  000031fc    00000034                   : sysctl.obj (.text:SysCtlPeripheralEnable)
                  00003230    0000002a                   : gpio.obj (.text:GPIODirModeSet)
                  0000325a    00000002     rtsv7M4_T_le_v4SPD16_eabi.lib : startup.obj (.text)
                  0000325c    00000024     driverlib.lib : interrupt.obj (.text:IntPrioritySet)
                  00003280    0000001c                   : uart.obj (.text:UARTDisable)
                  0000329c    00000018                   : gpio.obj (.text:GPIOPinTypeGPIOOutput)
                  000032b4    00000018     rtsv7M4_T_le_v4SPD16_eabi.lib : args_main.obj (.text)
                  000032cc    00000014     driverlib.lib : systick.obj (.text:SysTickEnable)
                  000032e0    00000014                   : systick.obj (.text:SysTickIntEnable)
                  000032f4    00000014                   : uart.obj (.text:UARTEnable)
                  00003308    00000014     rtsv7M4_T_le_v4SPD16_eabi.lib : _lock.obj (.text)
                  0000331c    00000012     driverlib.lib : gpio.obj (.text:GPIOPinTypeUART)
                  0000332e    00000012                   : timer.obj (.text:TimerLoadSet)
                  00003340    00000012     rtsv7M4_T_le_v4SPD16_eabi.lib : atof.obj (.text)
                  00003352    00000002     --HOLE-- [fill = 0]
                  00003354    00000010     driverlib.lib : systick.obj (.text:SysTickPeriodSet)
                  00003364    00000010     rtsv7M4_T_le_v4SPD16_eabi.lib : isdigit.obj (.text)
                  00003374    0000000e     driverlib.lib : timer.obj (.text:TimerEnable)
                  00003382    0000000e     rtsv7M4_T_le_v4SPD16_eabi.lib : copy_decompress_none.obj (.text:decompress:none)
                  00003390    0000000c     driverlib.lib : cpu.obj (.text:CPUcpsie)
                  0000339c    0000000c                   : uart.obj (.text:UARTCharsAvail)
                  000033a8    0000000c                   : uart.obj (.text:UARTTxIntModeSet)
                  000033b4    0000000c     rtsv7M4_T_le_v4SPD16_eabi.lib : copy_zero_init.obj (.text:decompress:ZI)
                  000033c0    0000000c     tm4c123gh6pm_startup_ccs.obj (.text)
                  000033cc    0000000a     driverlib.lib : interrupt.obj (.text:IntMasterEnable)
                  000033d6    0000000a                   : timer.obj (.text:TimerValueGet)
                  000033e0    0000000a                   : uart.obj (.text:UARTCharGet)
                  000033ea    0000000a                   : uart.obj (.text:UARTCharPut)
                  000033f4    0000000a                   : uart.obj (.text:UARTFIFOEnable)
                  000033fe    0000000a                   : uart.obj (.text:UARTIntStatus)
                  00003408    00000008                   : timer.obj (.text:TimerIntEnable)
                  00003410    00000008                   : uart.obj (.text:UARTIntEnable)
                  00003418    00000006                   : gpio.obj (.text:GPIOPinRead)
                  0000341e    00000006                   : gpio.obj (.text:GPIOPinWrite)
                  00003424    00000006                   : sysctl.obj (.text:SysCtlDelay)
                  0000342a    00000006                   : uart.obj (.text:UARTClockSourceSet)
                  00003430    00000006                   : uart.obj (.text:UARTFIFOLevelSet)
                  00003436    00000004                   : timer.obj (.text:TimerIntClear)
                  0000343a    00000004                   : uart.obj (.text:UARTIntClear)
                  0000343e    00000004     rtsv7M4_T_le_v4SPD16_eabi.lib : pre_init.obj (.text)

.const     0    00003448    000003a4     
                  00003448    00000101     rtsv7M4_T_le_v4SPD16_eabi.lib : ctype.obj (.const:.string:_ctypes_)
                  00003549    00000003     --HOLE-- [fill = 0]
                  0000354c    0000009c     driverlib.lib : interrupt.obj (.const:g_pui32Regs)
                  000035e8    00000098     rtsv7M4_T_le_v4SPD16_eabi.lib : strtod.obj (.const:$O1$$)
                  00003680    00000090     driverlib.lib : gpio.obj (.const:g_pui32GPIOBaseAddrs)
                  00003710    00000070                   : interrupt.obj (.const)
                  00003780    0000006c                   : sysctl.obj (.const:g_pui32Xtals)

.cinit     0    000037f0    00000040     
                  000037f0    00000015     (.cinit..data.load) [load image, compression = lzss]
                  00003805    00000003     --HOLE-- [fill = 0]
                  00003808    0000000c     (__TI_handler_table)
                  00003814    00000004     --HOLE-- [fill = 0]
                  00003818    00000008     (.cinit..bss.load) [load image, compression = zero_init]
                  00003820    00000010     (__TI_cinit_table)

.init_array 
*          0    00000000    00000000     UNINITIALIZED

.bss       0    20000000    00000267     UNINITIALIZED
                  20000000    000000cb     (.common:serialPC)
                  200000cb    00000098     (.common:dataSendBuffer)
                  20000163    00000001     (.common:FlagTimer)
                  20000164    00000060     (.common:samPosition12)
                  200001c4    00000029     (.common:Uart)
                  200001ed    00000018     (.common:samD)
                  20000205    00000018     (.common:samDataAvail)
                  2000021d    00000018     (.common:samI)
                  20000235    00000018     (.common:samP)
                  2000024d    00000001     (.common:samReadBusy)
                  2000024e    00000001     (.common:samReadCurrentID_C2)
                  2000024f    00000001     (.common:samReadCurrentID_C4)
                  20000250    0000000c     (.common:sam1)
                  2000025c    00000006     (.common:SysTick_Int_Count)
                  20000262    00000004     (.common:toggle_led)
                  20000266    00000001     (.common:samReadMode)

.data      0    20000468    00000038     UNINITIALIZED
                  20000468    0000001a     myTimer.obj (.data)
                  20000482    00000001     mainSubController.obj (.data)
                  20000483    00000001     --HOLE--
                  20000484    0000000c     rtsv7M4_T_le_v4SPD16_eabi.lib : exit.obj (.data:$O1$$)
                  20000490    00000008                                   : _lock.obj (.data:$O1$$)
                  20000498    00000004                                   : errno.obj (.data)
                  2000049c    00000004                                   : stkdepth_vars.obj (.data)

.stack     0    20000268    00000200     UNINITIALIZED
                  20000268    00000200     --HOLE--

MODULE SUMMARY

       Module                         code    ro data   rw data
       ------                         ----    -------   -------
    ./
       mainSubController.obj          2664    0         2      
       SAM.obj                        1240    0         208    
       mySerial.obj                   840     0         355    
       myRS485.obj                    1128    0         0      
       serial.obj                     904     0         41     
       numManipulate.obj              912     0         0      
       tm4c123gh6pm_startup_ccs.obj   12      620       0      
       myTimer.obj                    508     0         32     
       myIO.obj                       200     0         4      
    +--+------------------------------+-------+---------+---------+
       Total:                         8408    620       642    
                                                               
    /opt/ti/TivaWare_C_Series-2.1.0.12573/driverlib/ccs/Debug/driverlib.lib
       sysctl.obj                     578     108       0      
       gpio.obj                       472     144       0      
       interrupt.obj                  142     268       0      
       uart.obj                       200     0         0      
       timer.obj                      146     0         0      
       systick.obj                    56      0         0      
       cpu.obj                        12      0         0      
    +--+------------------------------+-------+---------+---------+
       Total:                         1606    520       0      
                                                               
    /opt/ti/ccs710/ccsv7/tools/compiler/ti-cgt-arm_16.9.1.LTS/lib/rtsv7M4_T_le_v4SPD16_eabi.lib
       strtod.obj                     572     152       0      
       fd_add_t2.obj                  438     0         0      
       fd_div_t2.obj                  310     0         0      
       ctype.obj                      0       257       0      
       fd_mul_t2.obj                  252     0         0      
       memcpy_t2.obj                  156     0         0      
       fd_cmp_t2.obj                  134     0         0      
       memset_t2.obj                  122     0         0      
       autoinit.obj                   112     0         0      
       fd_tos_t2.obj                  110     0         0      
       copy_decompress_lzss.obj       104     0         0      
       exit.obj                       84      0         12     
       boot.obj                       84      0         0      
       atoi.obj                       76      0         0      
       cpy_tbl.obj                    76      0         0      
       _lock.obj                      20      0         8      
       args_main.obj                  24      0         0      
       atof.obj                       18      0         0      
       isdigit.obj                    16      0         0      
       copy_decompress_none.obj       14      0         0      
       copy_zero_init.obj             12      0         0      
       errno.obj                      0       0         4      
       pre_init.obj                   4       0         0      
       stkdepth_vars.obj              0       0         4      
       mpu_init.obj                   2       0         0      
       startup.obj                    2       0         0      
    +--+------------------------------+-------+---------+---------+
       Total:                         2742    409       28     
                                                               
       Stack:                         0       0         512    
       Linker Generated:              0       57        0      
    +--+------------------------------+-------+---------+---------+
       Grand Total:                   12756   1606      1182   


LINKER GENERATED COPY TABLES

__TI_cinit_table @ 00003820 records: 2, size/record: 8, table size: 16
	.data: load addr=000037f0, load size=00000015 bytes, run addr=20000468, run size=00000038 bytes, compression=lzss
	.bss: load addr=00003818, load size=00000008 bytes, run addr=20000000, run size=00000267 bytes, compression=zero_init


LINKER GENERATED HANDLER TABLE

__TI_handler_table @ 00003808 records: 3, size/record: 4, table size: 12
	index: 0, handler: __TI_decompress_lzss
	index: 1, handler: __TI_decompress_none
	index: 2, handler: __TI_zero_init


GLOBAL SYMBOLS: SORTED ALPHABETICALLY BY Name 

address   name                           
-------   ----                           
00003089  C$$EXIT                        
00003391  CPUcpsie                       
20000163  FlagTimer                      
00003231  GPIODirModeSet                 
00002799  GPIOPadConfigSet               
00003175  GPIOPinConfigure               
00003419  GPIOPinRead                    
0000329d  GPIOPinTypeGPIOOutput          
0000331d  GPIOPinTypeUART                
0000341f  GPIOPinWrite                   
00002f79  IntEnable                      
000033cd  IntMasterEnable                
0000325d  IntPrioritySet                 
00001615  Map_y                          
000011ad  RS485_2_Init                   
00001469  RS485_3_Init                   
0000130d  RS485_4_Init                   
000033c1  ResetISR                       
00002bef  SAM_Power_enable               
00000fc3  SAM_get_I                      
00000f5d  SAM_get_PD                     
00001031  SAM_get_jointAngle10bit        
00001115  SAM_get_jointAngle8bit         
00000cd5  SAM_init                       
00000cd7  SAM_send_bytes                 
00000ef5  SAM_set_I_Runtime              
00000e89  SAM_set_PD_Runtime             
00001097  SAM_set_jointAngle10bit        
0000115b  SAM_set_jointAngle8bit         
UNDEFED   SHT$$INIT_ARRAY$$Base          
UNDEFED   SHT$$INIT_ARRAY$$Limit         
00001c8f  SerialGetStr                   
00001c03  SerialPutChar                  
00001bcb  SerialPutData                  
00001c17  SerialPutStr                   
00001c3f  SerialPutStrLn                 
00001c6f  SerialPutStr_NonTer            
00001ed9  SerialSendData                 
00001f01  SerialSend_1_Position          
00001f5f  SerialSend_All_Position        
00001f6f  SerialSend_PID                 
00001ccf  SerialTerminator               
20000481  SycTick_Int_Count              
000022cb  SycTick_Interrupt_Handler      
000028c9  SysCtlClockGet                 
00002add  SysCtlClockSet                 
00003425  SysCtlDelay                    
000031fd  SysCtlPeripheralEnable         
000032cd  SysTickEnable                  
000032e1  SysTickIntEnable               
00003355  SysTickPeriodSet               
000022b1  SysTick_Init                   
2000025c  SysTick_Int_Count              
00002433  Timer0_Interrupt_Handler       
000023f1  Timer0_init                    
000023bf  Timer1_Interrupt_Handler       
000023e5  Timer1_Reset                   
00002377  Timer1_init                    
00002fd9  TimerConfigure                 
00003375  TimerEnable                    
00003437  TimerIntClear                  
00003409  TimerIntEnable                 
0000332f  TimerLoadSet                   
000033d7  TimerValueGet                  
00001b03  UART0_Init                     
00001a51  UART0_Interrupt_Handler        
00001b59  UART1_Init                     
000019ff  UART1_Interrupt_Handler        
00001d2d  UART2_Init                     
00001235  UART2_Interrupt_Handler        
00001519  UART3_Interrupt_Handler        
00001391  UART4_Interrupt_Handler        
00001d93  UART5_Init                     
00001deb  UART5_Interrupt_Handler        
00001aab  UART6_Init                     
000019e5  UART6_Interrupt_Handler        
00001e5d  UART7_Init                     
000033e1  UARTCharGet                    
000033eb  UARTCharPut                    
0000339d  UARTCharsAvail                 
0000342b  UARTClockSourceSet             
000031bd  UARTConfigSetExpClk            
00003281  UARTDisable                    
000032f5  UARTEnable                     
000033f5  UARTFIFOEnable                 
00003431  UARTFIFOLevelSet               
0000343b  UARTIntClear                   
00003411  UARTIntEnable                  
000033ff  UARTIntStatus                  
000033a9  UARTTxIntModeSet               
200001c4  Uart                           
20000468  __STACK_END                    
00000200  __STACK_SIZE                   
20000468  __STACK_TOP                    
00003820  __TI_CINIT_Base                
00003830  __TI_CINIT_Limit               
00003808  __TI_Handler_Table_Base        
00003814  __TI_Handler_Table_Limit       
00002e31  __TI_auto_init                 
20000484  __TI_cleanup_ptr               
00002f0f  __TI_decompress_lzss           
00003383  __TI_decompress_none           
20000488  __TI_dtors_ptr                 
2000048c  __TI_enable_exit_profile_output
ffffffff  __TI_pprof_out_hndl            
ffffffff  __TI_prof_data_size            
ffffffff  __TI_prof_data_start           
00000000  __TI_static_base__             
000033b5  __TI_zero_init                 
00002d31  __aeabi_cdcmpeq                
00002d31  __aeabi_cdcmple                
00002ea1  __aeabi_d2f                    
000024b7  __aeabi_dadd                   
00002663  __aeabi_ddiv                   
000029e1  __aeabi_dmul                   
000024ad  __aeabi_dsub                   
00002db7  __aeabi_memclr                 
00002db7  __aeabi_memclr4                
00002db7  __aeabi_memclr8                
00002c95  __aeabi_memcpy                 
00002c95  __aeabi_memcpy4                
00002c95  __aeabi_memcpy8                
00002db9  __aeabi_memset                 
00002db9  __aeabi_memset4                
00002db9  __aeabi_memset8                
ffffffff  __binit__                      
ffffffff  __c_args__                     
00002f77  __mpu_init                     
20000268  __stack                        
000032b5  _args_main                     
00003035  _c_int00                       
00003448  _ctypes_                       
20000490  _lock                          
00003317  _nop                           
0000330f  _register_lock                 
00003309  _register_unlock               
0000325b  _system_post_cinit             
0000343f  _system_pre_init               
20000494  _unlock                        
0000308d  abort                          
00003341  atof                           
000030dd  atoi                           
ffffffff  binit                          
00002c71  button                         
00000341  communication                  
00003129  copy_in                        
200000cb  dataSendBuffer                 
00000bdf  display_com                    
20000482  display_mode                   
20000498  errno                          
00003095  exit                           
00001669  float2str                      
00000000  g_pfnVectors                   
00002451  getMicroSecond                 
0000183b  int2num                        
00003365  isdigit                        
00002c19  led                            
0000026d  main                           
2000049c  main_func_sp                   
00002c95  memcpy                         
00002dbf  memset                         
00002bcd  myIO_init                      
2000046c  preMicroSecond_angle           
20000478  preMicroSecond_camera          
20000470  preMicroSecond_position        
20000474  preMicroSecond_sonar           
20000480  safe_flag                      
20000250  sam1                           
200001ed  samD                           
20000205  samDataAvail                   
2000021d  samI                           
20000235  samP                           
20000164  samPosition12                  
2000024d  samReadBusy                    
2000024e  samReadCurrentID_C2            
2000024f  samReadCurrentID_C4            
20000266  samReadMode                    
2000047c  sampling_time_second           
20000468  seconds                        
00001eb7  serialGetData                  
20000000  serialPC                       
00001939  set_float_value                
00001973  set_int_value                  
000019a5  set_position                   
00002075  strtod                         
00002075  strtold                        
000002fd  task_100Hz                     
000002e7  task_20Hz                      
00000313  task_50Hz                      
20000262  toggle_led                     


GLOBAL SYMBOLS: SORTED BY Symbol Address 

address   name                           
-------   ----                           
00000000  __TI_static_base__             
00000000  g_pfnVectors                   
00000200  __STACK_SIZE                   
0000026d  main                           
000002e7  task_20Hz                      
000002fd  task_100Hz                     
00000313  task_50Hz                      
00000341  communication                  
00000bdf  display_com                    
00000cd5  SAM_init                       
00000cd7  SAM_send_bytes                 
00000e89  SAM_set_PD_Runtime             
00000ef5  SAM_set_I_Runtime              
00000f5d  SAM_get_PD                     
00000fc3  SAM_get_I                      
00001031  SAM_get_jointAngle10bit        
00001097  SAM_set_jointAngle10bit        
00001115  SAM_get_jointAngle8bit         
0000115b  SAM_set_jointAngle8bit         
000011ad  RS485_2_Init                   
00001235  UART2_Interrupt_Handler        
0000130d  RS485_4_Init                   
00001391  UART4_Interrupt_Handler        
00001469  RS485_3_Init                   
00001519  UART3_Interrupt_Handler        
00001615  Map_y                          
00001669  float2str                      
0000183b  int2num                        
00001939  set_float_value                
00001973  set_int_value                  
000019a5  set_position                   
000019e5  UART6_Interrupt_Handler        
000019ff  UART1_Interrupt_Handler        
00001a51  UART0_Interrupt_Handler        
00001aab  UART6_Init                     
00001b03  UART0_Init                     
00001b59  UART1_Init                     
00001bcb  SerialPutData                  
00001c03  SerialPutChar                  
00001c17  SerialPutStr                   
00001c3f  SerialPutStrLn                 
00001c6f  SerialPutStr_NonTer            
00001c8f  SerialGetStr                   
00001ccf  SerialTerminator               
00001d2d  UART2_Init                     
00001d93  UART5_Init                     
00001deb  UART5_Interrupt_Handler        
00001e5d  UART7_Init                     
00001eb7  serialGetData                  
00001ed9  SerialSendData                 
00001f01  SerialSend_1_Position          
00001f5f  SerialSend_All_Position        
00001f6f  SerialSend_PID                 
00002075  strtod                         
00002075  strtold                        
000022b1  SysTick_Init                   
000022cb  SycTick_Interrupt_Handler      
00002377  Timer1_init                    
000023bf  Timer1_Interrupt_Handler       
000023e5  Timer1_Reset                   
000023f1  Timer0_init                    
00002433  Timer0_Interrupt_Handler       
00002451  getMicroSecond                 
000024ad  __aeabi_dsub                   
000024b7  __aeabi_dadd                   
00002663  __aeabi_ddiv                   
00002799  GPIOPadConfigSet               
000028c9  SysCtlClockGet                 
000029e1  __aeabi_dmul                   
00002add  SysCtlClockSet                 
00002bcd  myIO_init                      
00002bef  SAM_Power_enable               
00002c19  led                            
00002c71  button                         
00002c95  __aeabi_memcpy                 
00002c95  __aeabi_memcpy4                
00002c95  __aeabi_memcpy8                
00002c95  memcpy                         
00002d31  __aeabi_cdcmpeq                
00002d31  __aeabi_cdcmple                
00002db7  __aeabi_memclr                 
00002db7  __aeabi_memclr4                
00002db7  __aeabi_memclr8                
00002db9  __aeabi_memset                 
00002db9  __aeabi_memset4                
00002db9  __aeabi_memset8                
00002dbf  memset                         
00002e31  __TI_auto_init                 
00002ea1  __aeabi_d2f                    
00002f0f  __TI_decompress_lzss           
00002f77  __mpu_init                     
00002f79  IntEnable                      
00002fd9  TimerConfigure                 
00003035  _c_int00                       
00003089  C$$EXIT                        
0000308d  abort                          
00003095  exit                           
000030dd  atoi                           
00003129  copy_in                        
00003175  GPIOPinConfigure               
000031bd  UARTConfigSetExpClk            
000031fd  SysCtlPeripheralEnable         
00003231  GPIODirModeSet                 
0000325b  _system_post_cinit             
0000325d  IntPrioritySet                 
00003281  UARTDisable                    
0000329d  GPIOPinTypeGPIOOutput          
000032b5  _args_main                     
000032cd  SysTickEnable                  
000032e1  SysTickIntEnable               
000032f5  UARTEnable                     
00003309  _register_unlock               
0000330f  _register_lock                 
00003317  _nop                           
0000331d  GPIOPinTypeUART                
0000332f  TimerLoadSet                   
00003341  atof                           
00003355  SysTickPeriodSet               
00003365  isdigit                        
00003375  TimerEnable                    
00003383  __TI_decompress_none           
00003391  CPUcpsie                       
0000339d  UARTCharsAvail                 
000033a9  UARTTxIntModeSet               
000033b5  __TI_zero_init                 
000033c1  ResetISR                       
000033cd  IntMasterEnable                
000033d7  TimerValueGet                  
000033e1  UARTCharGet                    
000033eb  UARTCharPut                    
000033f5  UARTFIFOEnable                 
000033ff  UARTIntStatus                  
00003409  TimerIntEnable                 
00003411  UARTIntEnable                  
00003419  GPIOPinRead                    
0000341f  GPIOPinWrite                   
00003425  SysCtlDelay                    
0000342b  UARTClockSourceSet             
00003431  UARTFIFOLevelSet               
00003437  TimerIntClear                  
0000343b  UARTIntClear                   
0000343f  _system_pre_init               
00003448  _ctypes_                       
00003808  __TI_Handler_Table_Base        
00003814  __TI_Handler_Table_Limit       
00003820  __TI_CINIT_Base                
00003830  __TI_CINIT_Limit               
20000000  serialPC                       
200000cb  dataSendBuffer                 
20000163  FlagTimer                      
20000164  samPosition12                  
200001c4  Uart                           
200001ed  samD                           
20000205  samDataAvail                   
2000021d  samI                           
20000235  samP                           
2000024d  samReadBusy                    
2000024e  samReadCurrentID_C2            
2000024f  samReadCurrentID_C4            
20000250  sam1                           
2000025c  SysTick_Int_Count              
20000262  toggle_led                     
20000266  samReadMode                    
20000268  __stack                        
20000468  __STACK_END                    
20000468  __STACK_TOP                    
20000468  seconds                        
2000046c  preMicroSecond_angle           
20000470  preMicroSecond_position        
20000474  preMicroSecond_sonar           
20000478  preMicroSecond_camera          
2000047c  sampling_time_second           
20000480  safe_flag                      
20000481  SycTick_Int_Count              
20000482  display_mode                   
20000484  __TI_cleanup_ptr               
20000488  __TI_dtors_ptr                 
2000048c  __TI_enable_exit_profile_output
20000490  _lock                          
20000494  _unlock                        
20000498  errno                          
2000049c  main_func_sp                   
ffffffff  __TI_pprof_out_hndl            
ffffffff  __TI_prof_data_size            
ffffffff  __TI_prof_data_start           
ffffffff  __binit__                      
ffffffff  __c_args__                     
ffffffff  binit                          
UNDEFED   SHT$$INIT_ARRAY$$Base          
UNDEFED   SHT$$INIT_ARRAY$$Limit         

[190 symbols]
