******************************************************************************
                  TI ARM Linker Unix v16.9.1                   
******************************************************************************
>> Linked Mon Apr 24 18:25:47 2017

OUTPUT FILE NAME:   <SAM_subcontroller.out>
ENTRY POINT SYMBOL: "_c_int00"  address: 00002969


MEMORY CONFIGURATION

         name            origin    length      used     unused   attr    fill
----------------------  --------  ---------  --------  --------  ----  --------
  FLASH                 00000000   00040000  00003178  0003ce88  R  X
  SRAM                  20000000   00008000  000005bf  00007a41  RW X


SEGMENT ALLOCATION MAP

run origin  load origin   length   init length attrs members
----------  ----------- ---------- ----------- ----- -------
00000000    00000000    00003180   00003180    r-x
  00000000    00000000    0000026c   0000026c    r-- .intvecs
  0000026c    0000026c    00002b28   00002b28    r-x .text
  00002d98    00002d98    000003a4   000003a4    r-- .const
  00003140    00003140    00000040   00000040    r-- .cinit
20000000    20000000    000005c0   00000000    rw-
  20000000    20000000    0000037f   00000000    rw- .bss
  20000380    20000380    00000200   00000000    rw- .stack
  20000580    20000580    00000040   00000000    rw- .data


SECTION ALLOCATION MAP

 output                                  attributes/
section   page    origin      length       input sections
--------  ----  ----------  ----------   ----------------
.intvecs   0    00000000    0000026c     
                  00000000    0000026c     tm4c123gh6pm_startup_ccs.obj (.intvecs)

.text      0    0000026c    00002b28     
                  0000026c    00000720     mainSubController.obj (.text)
                  0000098c    00000390     numManipulate.obj (.text)
                  00000d1c    00000388     serial.obj (.text)
                  000010a4    0000030c     ringbuf.obj (.text)
                  000013b0    00000298     myRS485.obj (.text)
                  00001648    0000023c     rtsv7M4_T_le_v4SPD16_eabi.lib : strtod.obj (.text)
                  00001884    00000214     mySerial.obj (.text)
                  00001a98    000001f4     myTimer.obj (.text)
                  00001c8c    000001b6     rtsv7M4_T_le_v4SPD16_eabi.lib : fd_add_t2.obj (.text)
                  00001e42    00000002                                   : mpu_init.obj (.text)
                  00001e44    00000190     myFIFO.obj (.text)
                  00001fd4    00000136     rtsv7M4_T_le_v4SPD16_eabi.lib : fd_div_t2.obj (.text)
                  0000210a    00000130     driverlib.lib : gpio.obj (.text:GPIOPadConfigSet)
                  0000223a    00000002     rtsv7M4_T_le_v4SPD16_eabi.lib : startup.obj (.text)
                  0000223c    00000118     driverlib.lib : sysctl.obj (.text:SysCtlClockGet)
                  00002354    000000fc     rtsv7M4_T_le_v4SPD16_eabi.lib : fd_mul_t2.obj (.text)
                  00002450    000000f0     driverlib.lib : sysctl.obj (.text:SysCtlClockSet)
                  00002540    0000009c     rtsv7M4_T_le_v4SPD16_eabi.lib : memcpy_t2.obj (.text)
                  000025dc    00000088     myIO.obj (.text)
                  00002664    00000086     rtsv7M4_T_le_v4SPD16_eabi.lib : fd_cmp_t2.obj (.text:__aeabi_cdcmple)
                  000026ea    0000007a                                   : memset_t2.obj (.text)
                  00002764    00000070                                   : autoinit.obj (.text)
                  000027d4    0000006e                                   : fd_tos_t2.obj (.text)
                  00002842    00000068                                   : copy_decompress_lzss.obj (.text:decompress:lzss)
                  000028aa    00000002     --HOLE-- [fill = 0]
                  000028ac    00000060     driverlib.lib : interrupt.obj (.text:IntEnable)
                  0000290c    0000005c                   : timer.obj (.text:TimerConfigure)
                  00002968    00000054     rtsv7M4_T_le_v4SPD16_eabi.lib : boot.obj (.text)
                  000029bc    00000054                                   : exit.obj (.text)
                  00002a10    0000004c                                   : atoi.obj (.text)
                  00002a5c    0000004c                                   : cpy_tbl.obj (.text)
                  00002aa8    00000048     driverlib.lib : gpio.obj (.text:GPIOPinConfigure)
                  00002af0    00000040                   : uart.obj (.text:UARTConfigSetExpClk)
                  00002b30    00000034                   : sysctl.obj (.text:SysCtlPeripheralEnable)
                  00002b64    0000002a                   : gpio.obj (.text:GPIODirModeSet)
                  00002b8e    00000002     --HOLE-- [fill = 0]
                  00002b90    00000024                   : interrupt.obj (.text:IntPrioritySet)
                  00002bb4    0000001c                   : uart.obj (.text:UARTDisable)
                  00002bd0    00000018                   : gpio.obj (.text:GPIOPinTypeGPIOOutput)
                  00002be8    00000018     rtsv7M4_T_le_v4SPD16_eabi.lib : args_main.obj (.text)
                  00002c00    00000014     driverlib.lib : systick.obj (.text:SysTickEnable)
                  00002c14    00000014                   : systick.obj (.text:SysTickIntEnable)
                  00002c28    00000014                   : uart.obj (.text:UARTEnable)
                  00002c3c    00000014     rtsv7M4_T_le_v4SPD16_eabi.lib : _lock.obj (.text)
                  00002c50    00000012     driverlib.lib : gpio.obj (.text:GPIOPinTypeUART)
                  00002c62    00000012                   : timer.obj (.text:TimerLoadSet)
                  00002c74    00000012     rtsv7M4_T_le_v4SPD16_eabi.lib : atof.obj (.text)
                  00002c86    00000002     --HOLE-- [fill = 0]
                  00002c88    00000010     driverlib.lib : systick.obj (.text:SysTickPeriodSet)
                  00002c98    00000010     rtsv7M4_T_le_v4SPD16_eabi.lib : isdigit.obj (.text)
                  00002ca8    0000000e     driverlib.lib : timer.obj (.text:TimerEnable)
                  00002cb6    0000000e     rtsv7M4_T_le_v4SPD16_eabi.lib : copy_decompress_none.obj (.text:decompress:none)
                  00002cc4    0000000c     driverlib.lib : cpu.obj (.text:CPUcpsid)
                  00002cd0    0000000c                   : cpu.obj (.text:CPUcpsie)
                  00002cdc    0000000c                   : uart.obj (.text:UARTCharsAvail)
                  00002ce8    0000000c                   : uart.obj (.text:UARTTxIntModeSet)
                  00002cf4    0000000c     rtsv7M4_T_le_v4SPD16_eabi.lib : copy_zero_init.obj (.text:decompress:ZI)
                  00002d00    0000000c     tm4c123gh6pm_startup_ccs.obj (.text)
                  00002d0c    0000000a     driverlib.lib : interrupt.obj (.text:IntMasterDisable)
                  00002d16    0000000a                   : interrupt.obj (.text:IntMasterEnable)
                  00002d20    0000000a                   : timer.obj (.text:TimerValueGet)
                  00002d2a    0000000a                   : uart.obj (.text:UARTCharGet)
                  00002d34    0000000a                   : uart.obj (.text:UARTCharPut)
                  00002d3e    0000000a                   : uart.obj (.text:UARTFIFOEnable)
                  00002d48    0000000a                   : uart.obj (.text:UARTIntStatus)
                  00002d52    00000008                   : timer.obj (.text:TimerIntEnable)
                  00002d5a    00000008                   : uart.obj (.text:UARTBusy)
                  00002d62    00000008                   : uart.obj (.text:UARTIntEnable)
                  00002d6a    00000006                   : gpio.obj (.text:GPIOPinRead)
                  00002d70    00000006                   : gpio.obj (.text:GPIOPinWrite)
                  00002d76    00000006                   : sysctl.obj (.text:SysCtlDelay)
                  00002d7c    00000006                   : uart.obj (.text:UARTClockSourceSet)
                  00002d82    00000006                   : uart.obj (.text:UARTFIFOLevelSet)
                  00002d88    00000004                   : timer.obj (.text:TimerIntClear)
                  00002d8c    00000004                   : uart.obj (.text:UARTIntClear)
                  00002d90    00000004     rtsv7M4_T_le_v4SPD16_eabi.lib : pre_init.obj (.text)

.const     0    00002d98    000003a4     
                  00002d98    00000101     rtsv7M4_T_le_v4SPD16_eabi.lib : ctype.obj (.const:.string:_ctypes_)
                  00002e99    00000003     --HOLE-- [fill = 0]
                  00002e9c    0000009c     driverlib.lib : interrupt.obj (.const:g_pui32Regs)
                  00002f38    00000098     rtsv7M4_T_le_v4SPD16_eabi.lib : strtod.obj (.const:$O1$$)
                  00002fd0    00000090     driverlib.lib : gpio.obj (.const:g_pui32GPIOBaseAddrs)
                  00003060    00000070                   : interrupt.obj (.const)
                  000030d0    0000006c                   : sysctl.obj (.const:g_pui32Xtals)

.cinit     0    00003140    00000040     
                  00003140    00000015     (.cinit..data.load) [load image, compression = lzss]
                  00003155    00000003     --HOLE-- [fill = 0]
                  00003158    0000000c     (__TI_handler_table)
                  00003164    00000004     --HOLE-- [fill = 0]
                  00003168    00000008     (.cinit..bss.load) [load image, compression = zero_init]
                  00003170    00000010     (__TI_cinit_table)

.init_array 
*          0    00000000    00000000     UNINITIALIZED

.bss       0    20000000    0000037f     UNINITIALIZED
                  20000000    00000278     (.common:serialPcFIFO)
                  20000278    000000cb     (.common:serialPC)
                  20000343    00000029     (.common:Uart)
                  2000036c    00000008     (.common:sam1)
                  20000374    00000006     (.common:SysTick_Int_Count)
                  2000037a    00000004     (.common:toggle_led)
                  2000037e    00000001     (.common:FlagTimer)

.data      0    20000580    00000040     UNINITIALIZED
                  20000580    0000001a     myTimer.obj (.data)
                  2000059a    00000001     myFIFO.obj (.data)
                  2000059b    00000001     --HOLE--
                  2000059c    0000000c     rtsv7M4_T_le_v4SPD16_eabi.lib : exit.obj (.data:$O1$$)
                  200005a8    00000008                                   : _lock.obj (.data:$O1$$)
                  200005b0    00000005     mainSubController.obj (.data)
                  200005b5    00000003     --HOLE--
                  200005b8    00000004     rtsv7M4_T_le_v4SPD16_eabi.lib : errno.obj (.data)
                  200005bc    00000004                                   : stkdepth_vars.obj (.data)

.stack     0    20000380    00000200     UNINITIALIZED
                  20000380    00000200     --HOLE--

MODULE SUMMARY

       Module                         code    ro data   rw data
       ------                         ----    -------   -------
    ./
       mainSubController.obj          1824    0         6      
       mySerial.obj                   532     0         835    
       serial.obj                     904     0         41     
       numManipulate.obj              912     0         0      
       ringbuf.obj                    780     0         0      
       myRS485.obj                    664     0         0      
       tm4c123gh6pm_startup_ccs.obj   12      620       0      
       myTimer.obj                    500     0         32     
       myFIFO.obj                     400     0         1      
       myIO.obj                       136     0         4      
       SAM.obj                        0       0         8      
    +--+------------------------------+-------+---------+---------+
       Total:                         6664    620       927    
                                                               
    /opt/ti/TivaWare_C_Series-2.1.0.12573/driverlib/ccs/Debug/driverlib.lib
       sysctl.obj                     578     108       0      
       gpio.obj                       472     144       0      
       interrupt.obj                  152     268       0      
       uart.obj                       208     0         0      
       timer.obj                      146     0         0      
       systick.obj                    56      0         0      
       cpu.obj                        24      0         0      
    +--+------------------------------+-------+---------+---------+
       Total:                         1636    520       0      
                                                               
    /opt/ti/ccs710/ccsv7/tools/compiler/ti-cgt-arm_16.9.1.LTS/lib/rtsv7M4_T_le_v4SPD16_eabi.lib
       strtod.obj                     572     152       0      
       fd_add_t2.obj                  438     0         0      
       fd_div_t2.obj                  310     0         0      
       ctype.obj                      0       257       0      
       fd_mul_t2.obj                  252     0         0      
       memcpy_t2.obj                  156     0         0      
       fd_cmp_t2.obj                  134     0         0      
       memset_t2.obj                  122     0         0      
       autoinit.obj                   112     0         0      
       fd_tos_t2.obj                  110     0         0      
       copy_decompress_lzss.obj       104     0         0      
       exit.obj                       84      0         12     
       boot.obj                       84      0         0      
       atoi.obj                       76      0         0      
       cpy_tbl.obj                    76      0         0      
       _lock.obj                      20      0         8      
       args_main.obj                  24      0         0      
       atof.obj                       18      0         0      
       isdigit.obj                    16      0         0      
       copy_decompress_none.obj       14      0         0      
       copy_zero_init.obj             12      0         0      
       errno.obj                      0       0         4      
       pre_init.obj                   4       0         0      
       stkdepth_vars.obj              0       0         4      
       mpu_init.obj                   2       0         0      
       startup.obj                    2       0         0      
    +--+------------------------------+-------+---------+---------+
       Total:                         2742    409       28     
                                                               
       Stack:                         0       0         512    
       Linker Generated:              0       57        0      
    +--+------------------------------+-------+---------+---------+
       Grand Total:                   11042   1606      1467   


LINKER GENERATED COPY TABLES

__TI_cinit_table @ 00003170 records: 2, size/record: 8, table size: 16
	.data: load addr=00003140, load size=00000015 bytes, run addr=20000580, run size=00000040 bytes, compression=lzss
	.bss: load addr=00003168, load size=00000008 bytes, run addr=20000000, run size=0000037f bytes, compression=zero_init


LINKER GENERATED HANDLER TABLE

__TI_handler_table @ 00003158 records: 3, size/record: 4, table size: 12
	index: 0, handler: __TI_decompress_lzss
	index: 1, handler: __TI_decompress_none
	index: 2, handler: __TI_zero_init


GLOBAL SYMBOLS: SORTED ALPHABETICALLY BY Name 

address   name                           
-------   ----                           
000029bd  C$$EXIT                        
00002cc5  CPUcpsid                       
00002cd1  CPUcpsie                       
00001f65  FIFOCharPut                    
00001f8d  FIFO_PutStr                    
00001ea1  FIFO_Rx_CharPut                
00001e5f  FIFO_Rx_DataGet                
00001eb7  FIFO_Rx_StrGet                 
00001e45  FIFO_Rx_clear                  
00001e53  FIFO_Tx_clear                  
2000037e  FlagTimer                      
00002b65  GPIODirModeSet                 
0000210b  GPIOPadConfigSet               
00002aa9  GPIOPinConfigure               
00002d6b  GPIOPinRead                    
00002bd1  GPIOPinTypeGPIOOutput          
00002c51  GPIOPinTypeUART                
00002d71  GPIOPinWrite                   
000028ad  IntEnable                      
00002d0d  IntMasterDisable               
00002d17  IntMasterEnable                
00002b91  IntPrioritySet                 
0000098d  Map_y                          
0000053b  RS485PutData                   
000014e5  RS485_3_Init                   
000013b1  RS485_4_Init                   
00002d01  ResetISR                       
0000128f  RingBufAdvanceRead             
000012bd  RingBufAdvanceWrite            
000011e9  RingBufContigFree              
000011bb  RingBufContigUsed              
00001129  RingBufEmpty                   
00001153  RingBufFlush                   
000011a5  RingBufFree                    
000010ef  RingBufFull                    
0000138d  RingBufInit                    
00001259  RingBufRead                    
00001233  RingBufReadOne                 
00001225  RingBufSize                    
00001173  RingBufUsed                    
00001357  RingBufWrite                   
00001331  RingBufWriteOne                
UNDEFED   SHT$$INIT_ARRAY$$Base          
UNDEFED   SHT$$INIT_ARRAY$$Limit         
00001007  SerialGetStr                   
00000f7b  SerialPutChar                  
00000f43  SerialPutData                  
00000f8f  SerialPutStr                   
00000fb7  SerialPutStrLn                 
00000fe7  SerialPutStr_NonTer            
00001047  SerialTerminator               
20000599  SycTick_Int_Count              
00001ab3  SycTick_Interrupt_Handler      
0000223d  SysCtlClockGet                 
00002451  SysCtlClockSet                 
00002d77  SysCtlDelay                    
00002b31  SysCtlPeripheralEnable         
00002c01  SysTickEnable                  
00002c15  SysTickIntEnable               
00002c89  SysTickPeriodSet               
00001a99  SysTick_Init                   
20000374  SysTick_Int_Count              
00001c15  Timer0_Interrupt_Handler       
00001bd3  Timer0_init                    
00001ba7  Timer1_Interrupt_Handler       
00001bc7  Timer1_Reset                   
00001b5f  Timer1_init                    
0000290d  TimerConfigure                 
00002ca9  TimerEnable                    
00002d89  TimerIntClear                  
00002d53  TimerIntEnable                 
00002c63  TimerLoadSet                   
00002d21  TimerValueGet                  
00000e7b  UART0_Init                     
00000dc9  UART0_Interrupt_Handler        
00000ed1  UART1_Init                     
00000d77  UART1_Interrupt_Handler        
00001885  UART2_Init                     
00001569  UART3_Interrupt_Handler        
00001435  UART4_Interrupt_Handler        
000018eb  UART5_Init                     
00001949  UART5_Interrupt_Handler        
00000e23  UART6_Init                     
00000d5d  UART6_Interrupt_Handler        
000019bb  UART7_Init                     
00002d5b  UARTBusy                       
00002d2b  UARTCharGet                    
00002d35  UARTCharPut                    
00002cdd  UARTCharsAvail                 
00002d7d  UARTClockSourceSet             
00002af1  UARTConfigSetExpClk            
00002bb5  UARTDisable                    
00002c29  UARTEnable                     
00002d3f  UARTFIFOEnable                 
00002d83  UARTFIFOLevelSet               
00002d8d  UARTIntClear                   
00002d63  UARTIntEnable                  
00002d49  UARTIntStatus                  
00002ce9  UARTTxIntModeSet               
20000343  Uart                           
20000580  __STACK_END                    
00000200  __STACK_SIZE                   
20000580  __STACK_TOP                    
00003170  __TI_CINIT_Base                
00003180  __TI_CINIT_Limit               
00003158  __TI_Handler_Table_Base        
00003164  __TI_Handler_Table_Limit       
00002765  __TI_auto_init                 
2000059c  __TI_cleanup_ptr               
00002843  __TI_decompress_lzss           
00002cb7  __TI_decompress_none           
200005a0  __TI_dtors_ptr                 
200005a4  __TI_enable_exit_profile_output
ffffffff  __TI_pprof_out_hndl            
ffffffff  __TI_prof_data_size            
ffffffff  __TI_prof_data_start           
00000000  __TI_static_base__             
00002cf5  __TI_zero_init                 
00002665  __aeabi_cdcmpeq                
00002665  __aeabi_cdcmple                
000027d5  __aeabi_d2f                    
00001c97  __aeabi_dadd                   
00001fd5  __aeabi_ddiv                   
00002355  __aeabi_dmul                   
00001c8d  __aeabi_dsub                   
000026eb  __aeabi_memclr                 
000026eb  __aeabi_memclr4                
000026eb  __aeabi_memclr8                
00002541  __aeabi_memcpy                 
00002541  __aeabi_memcpy4                
00002541  __aeabi_memcpy8                
000026ed  __aeabi_memset                 
000026ed  __aeabi_memset4                
000026ed  __aeabi_memset8                
ffffffff  __binit__                      
ffffffff  __c_args__                     
00001e43  __mpu_init                     
20000380  __stack                        
00002be9  _args_main                     
00002969  _c_int00                       
00002d98  _ctypes_                       
200005a8  _lock                          
00002c4b  _nop                           
00002c43  _register_lock                 
00002c3d  _register_unlock               
0000223b  _system_post_cinit             
00002d91  _system_pre_init               
200005ac  _unlock                        
000029c1  abort                          
00002c75  atof                           
00002a11  atoi                           
ffffffff  binit                          
00002647  button                         
00000641  communication                  
00002a5d  copy_in                        
200005b0  count                          
00000889  display_com                    
200005b4  display_mode                   
200005b8  errno                          
000029c9  exit                           
2000059a  flag_change_mode               
000009e1  float2str                      
00000000  g_pfnVectors                   
00001c33  getMicroSecond                 
00000bb3  int2num                        
00002c99  isdigit                        
000025ef  led                            
00000583  main                           
200005bc  main_func_sp                   
00002541  memcpy                         
000026f3  memset                         
00001e7b  myFIFO_init                    
000025dd  myIO_init                      
20000584  preMicroSecond_angle           
20000590  preMicroSecond_camera          
20000588  preMicroSecond_position        
2000058c  preMicroSecond_sonar           
20000598  safe_flag                      
2000036c  sam1                           
20000594  sampling_time_second           
20000580  seconds                        
00001a15  serialGetData                  
20000278  serialPC                       
20000000  serialPcFIFO                   
00000cb1  set_float_value                
00000ceb  set_int_value                  
00000d1d  set_position                   
00001649  strtod                         
00001649  strtold                        
00000611  task_100Hz                     
000005dd  task_20Hz                      
00000627  task_50Hz                      
2000037a  toggle_led                     
0000026d  uax_get_jointAngle10bit        
0000041f  uax_get_jointAngle8bit         
00000335  uax_set_jointAngle10bit        
000004ad  uax_set_jointAngle8bit         
00001eed  update_hardwareFIFO            


GLOBAL SYMBOLS: SORTED BY Symbol Address 

address   name                           
-------   ----                           
00000000  __TI_static_base__             
00000000  g_pfnVectors                   
00000200  __STACK_SIZE                   
0000026d  uax_get_jointAngle10bit        
00000335  uax_set_jointAngle10bit        
0000041f  uax_get_jointAngle8bit         
000004ad  uax_set_jointAngle8bit         
0000053b  RS485PutData                   
00000583  main                           
000005dd  task_20Hz                      
00000611  task_100Hz                     
00000627  task_50Hz                      
00000641  communication                  
00000889  display_com                    
0000098d  Map_y                          
000009e1  float2str                      
00000bb3  int2num                        
00000cb1  set_float_value                
00000ceb  set_int_value                  
00000d1d  set_position                   
00000d5d  UART6_Interrupt_Handler        
00000d77  UART1_Interrupt_Handler        
00000dc9  UART0_Interrupt_Handler        
00000e23  UART6_Init                     
00000e7b  UART0_Init                     
00000ed1  UART1_Init                     
00000f43  SerialPutData                  
00000f7b  SerialPutChar                  
00000f8f  SerialPutStr                   
00000fb7  SerialPutStrLn                 
00000fe7  SerialPutStr_NonTer            
00001007  SerialGetStr                   
00001047  SerialTerminator               
000010ef  RingBufFull                    
00001129  RingBufEmpty                   
00001153  RingBufFlush                   
00001173  RingBufUsed                    
000011a5  RingBufFree                    
000011bb  RingBufContigUsed              
000011e9  RingBufContigFree              
00001225  RingBufSize                    
00001233  RingBufReadOne                 
00001259  RingBufRead                    
0000128f  RingBufAdvanceRead             
000012bd  RingBufAdvanceWrite            
00001331  RingBufWriteOne                
00001357  RingBufWrite                   
0000138d  RingBufInit                    
000013b1  RS485_4_Init                   
00001435  UART4_Interrupt_Handler        
000014e5  RS485_3_Init                   
00001569  UART3_Interrupt_Handler        
00001649  strtod                         
00001649  strtold                        
00001885  UART2_Init                     
000018eb  UART5_Init                     
00001949  UART5_Interrupt_Handler        
000019bb  UART7_Init                     
00001a15  serialGetData                  
00001a99  SysTick_Init                   
00001ab3  SycTick_Interrupt_Handler      
00001b5f  Timer1_init                    
00001ba7  Timer1_Interrupt_Handler       
00001bc7  Timer1_Reset                   
00001bd3  Timer0_init                    
00001c15  Timer0_Interrupt_Handler       
00001c33  getMicroSecond                 
00001c8d  __aeabi_dsub                   
00001c97  __aeabi_dadd                   
00001e43  __mpu_init                     
00001e45  FIFO_Rx_clear                  
00001e53  FIFO_Tx_clear                  
00001e5f  FIFO_Rx_DataGet                
00001e7b  myFIFO_init                    
00001ea1  FIFO_Rx_CharPut                
00001eb7  FIFO_Rx_StrGet                 
00001eed  update_hardwareFIFO            
00001f65  FIFOCharPut                    
00001f8d  FIFO_PutStr                    
00001fd5  __aeabi_ddiv                   
0000210b  GPIOPadConfigSet               
0000223b  _system_post_cinit             
0000223d  SysCtlClockGet                 
00002355  __aeabi_dmul                   
00002451  SysCtlClockSet                 
00002541  __aeabi_memcpy                 
00002541  __aeabi_memcpy4                
00002541  __aeabi_memcpy8                
00002541  memcpy                         
000025dd  myIO_init                      
000025ef  led                            
00002647  button                         
00002665  __aeabi_cdcmpeq                
00002665  __aeabi_cdcmple                
000026eb  __aeabi_memclr                 
000026eb  __aeabi_memclr4                
000026eb  __aeabi_memclr8                
000026ed  __aeabi_memset                 
000026ed  __aeabi_memset4                
000026ed  __aeabi_memset8                
000026f3  memset                         
00002765  __TI_auto_init                 
000027d5  __aeabi_d2f                    
00002843  __TI_decompress_lzss           
000028ad  IntEnable                      
0000290d  TimerConfigure                 
00002969  _c_int00                       
000029bd  C$$EXIT                        
000029c1  abort                          
000029c9  exit                           
00002a11  atoi                           
00002a5d  copy_in                        
00002aa9  GPIOPinConfigure               
00002af1  UARTConfigSetExpClk            
00002b31  SysCtlPeripheralEnable         
00002b65  GPIODirModeSet                 
00002b91  IntPrioritySet                 
00002bb5  UARTDisable                    
00002bd1  GPIOPinTypeGPIOOutput          
00002be9  _args_main                     
00002c01  SysTickEnable                  
00002c15  SysTickIntEnable               
00002c29  UARTEnable                     
00002c3d  _register_unlock               
00002c43  _register_lock                 
00002c4b  _nop                           
00002c51  GPIOPinTypeUART                
00002c63  TimerLoadSet                   
00002c75  atof                           
00002c89  SysTickPeriodSet               
00002c99  isdigit                        
00002ca9  TimerEnable                    
00002cb7  __TI_decompress_none           
00002cc5  CPUcpsid                       
00002cd1  CPUcpsie                       
00002cdd  UARTCharsAvail                 
00002ce9  UARTTxIntModeSet               
00002cf5  __TI_zero_init                 
00002d01  ResetISR                       
00002d0d  IntMasterDisable               
00002d17  IntMasterEnable                
00002d21  TimerValueGet                  
00002d2b  UARTCharGet                    
00002d35  UARTCharPut                    
00002d3f  UARTFIFOEnable                 
00002d49  UARTIntStatus                  
00002d53  TimerIntEnable                 
00002d5b  UARTBusy                       
00002d63  UARTIntEnable                  
00002d6b  GPIOPinRead                    
00002d71  GPIOPinWrite                   
00002d77  SysCtlDelay                    
00002d7d  UARTClockSourceSet             
00002d83  UARTFIFOLevelSet               
00002d89  TimerIntClear                  
00002d8d  UARTIntClear                   
00002d91  _system_pre_init               
00002d98  _ctypes_                       
00003158  __TI_Handler_Table_Base        
00003164  __TI_Handler_Table_Limit       
00003170  __TI_CINIT_Base                
00003180  __TI_CINIT_Limit               
20000000  serialPcFIFO                   
20000278  serialPC                       
20000343  Uart                           
2000036c  sam1                           
20000374  SysTick_Int_Count              
2000037a  toggle_led                     
2000037e  FlagTimer                      
20000380  __stack                        
20000580  __STACK_END                    
20000580  __STACK_TOP                    
20000580  seconds                        
20000584  preMicroSecond_angle           
20000588  preMicroSecond_position        
2000058c  preMicroSecond_sonar           
20000590  preMicroSecond_camera          
20000594  sampling_time_second           
20000598  safe_flag                      
20000599  SycTick_Int_Count              
2000059a  flag_change_mode               
2000059c  __TI_cleanup_ptr               
200005a0  __TI_dtors_ptr                 
200005a4  __TI_enable_exit_profile_output
200005a8  _lock                          
200005ac  _unlock                        
200005b0  count                          
200005b4  display_mode                   
200005b8  errno                          
200005bc  main_func_sp                   
ffffffff  __TI_pprof_out_hndl            
ffffffff  __TI_prof_data_size            
ffffffff  __TI_prof_data_start           
ffffffff  __binit__                      
ffffffff  __c_args__                     
ffffffff  binit                          
UNDEFED   SHT$$INIT_ARRAY$$Base          
UNDEFED   SHT$$INIT_ARRAY$$Limit         

[198 symbols]
