******************************************************************************
                  TI ARM Linker Unix v16.9.1                   
******************************************************************************
>> Linked Wed Sep  6 13:00:46 2017

OUTPUT FILE NAME:   <SAM_sub_controller.out>
ENTRY POINT SYMBOL: "_c_int00"  address: 00004b81


MEMORY CONFIGURATION

         name            origin    length      used     unused   attr    fill
----------------------  --------  ---------  --------  --------  ----  --------
  FLASH                 00000000   00040000  0000536c  0003ac94  R  X
  SRAM                  20000000   00008000  00000550  00007ab0  RW X


SEGMENT ALLOCATION MAP

run origin  load origin   length   init length attrs members
----------  ----------- ---------- ----------- ----- -------
00000000    00000000    00005370   00005370    r-x
  00000000    00000000    0000026c   0000026c    r-- .intvecs
  0000026c    0000026c    00004d1c   00004d1c    r-x .text
  00004f88    00004f88    000003a4   000003a4    r-- .const
  00005330    00005330    00000040   00000040    r-- .cinit
20000000    20000000    00000550   00000000    rw-
  20000000    20000000    00000300   00000000    rw- .bss
  20000300    20000300    00000200   00000000    rw- .stack
  20000500    20000500    00000050   00000000    rw- .data


SECTION ALLOCATION MAP

 output                                  attributes/
section   page    origin      length       input sections
--------  ----  ----------  ----------   ----------------
.intvecs   0    00000000    0000026c     
                  00000000    0000026c     tm4c123gh6pm_startup_ccs.obj (.intvecs)

.text      0    0000026c    00004d1c     
                  0000026c    00001db0     mainSubController.obj (.text)
                  0000201c    00000ad4     myRS485.obj (.text)
                  00002af0    000006f0     SAM.obj (.text)
                  000031e0    0000042c     mySerial.obj (.text)
                  0000360c    00000390     numManipulate.obj (.text)
                  0000399c    0000023c     rtsv7M4_T_le_v4SPD16_eabi.lib : strtod.obj (.text)
                  00003bd8    00000224     serial.obj (.text)
                  00003dfc    000001fc     myTimer.obj (.text)
                  00003ff8    000001b6     rtsv7M4_T_le_v4SPD16_eabi.lib : fd_add_t2.obj (.text)
                  000041ae    00000136                                   : fd_div_t2.obj (.text)
                  000042e4    00000130     driverlib.lib : gpio.obj (.text:GPIOPadConfigSet)
                  00004414    00000118                   : sysctl.obj (.text:SysCtlClockGet)
                  0000452c    000000fc     rtsv7M4_T_le_v4SPD16_eabi.lib : fd_mul_t2.obj (.text)
                  00004628    000000f0     driverlib.lib : sysctl.obj (.text:SysCtlClockSet)
                  00004718    000000c8     myIO.obj (.text)
                  000047e0    0000009c     rtsv7M4_T_le_v4SPD16_eabi.lib : memcpy_t2.obj (.text)
                  0000487c    00000086                                   : fd_cmp_t2.obj (.text:__aeabi_cdcmple)
                  00004902    0000007a                                   : memset_t2.obj (.text)
                  0000497c    00000070                                   : autoinit.obj (.text)
                  000049ec    0000006e                                   : fd_tos_t2.obj (.text)
                  00004a5a    00000068                                   : copy_decompress_lzss.obj (.text:decompress:lzss)
                  00004ac2    00000002                                   : mpu_init.obj (.text)
                  00004ac4    00000060     driverlib.lib : interrupt.obj (.text:IntEnable)
                  00004b24    0000005c                   : timer.obj (.text:TimerConfigure)
                  00004b80    00000054     rtsv7M4_T_le_v4SPD16_eabi.lib : boot.obj (.text)
                  00004bd4    00000054                                   : exit.obj (.text)
                  00004c28    0000004c                                   : atoi.obj (.text)
                  00004c74    0000004c                                   : cpy_tbl.obj (.text)
                  00004cc0    00000048     driverlib.lib : gpio.obj (.text:GPIOPinConfigure)
                  00004d08    00000040                   : uart.obj (.text:UARTConfigSetExpClk)
                  00004d48    00000034                   : sysctl.obj (.text:SysCtlPeripheralEnable)
                  00004d7c    0000002a                   : gpio.obj (.text:GPIODirModeSet)
                  00004da6    00000002     rtsv7M4_T_le_v4SPD16_eabi.lib : startup.obj (.text)
                  00004da8    00000024     driverlib.lib : interrupt.obj (.text:IntPrioritySet)
                  00004dcc    0000001c                   : uart.obj (.text:UARTDisable)
                  00004de8    00000018                   : gpio.obj (.text:GPIOPinTypeGPIOOutput)
                  00004e00    00000018     rtsv7M4_T_le_v4SPD16_eabi.lib : args_main.obj (.text)
                  00004e18    00000014     driverlib.lib : systick.obj (.text:SysTickEnable)
                  00004e2c    00000014                   : systick.obj (.text:SysTickIntEnable)
                  00004e40    00000014                   : uart.obj (.text:UARTEnable)
                  00004e54    00000014     rtsv7M4_T_le_v4SPD16_eabi.lib : _lock.obj (.text)
                  00004e68    00000012     driverlib.lib : gpio.obj (.text:GPIOPinTypeUART)
                  00004e7a    00000012                   : timer.obj (.text:TimerLoadSet)
                  00004e8c    00000012     rtsv7M4_T_le_v4SPD16_eabi.lib : atof.obj (.text)
                  00004e9e    00000002     --HOLE-- [fill = 0]
                  00004ea0    00000010     driverlib.lib : systick.obj (.text:SysTickPeriodSet)
                  00004eb0    00000010     rtsv7M4_T_le_v4SPD16_eabi.lib : isdigit.obj (.text)
                  00004ec0    0000000e     driverlib.lib : timer.obj (.text:TimerEnable)
                  00004ece    0000000e     rtsv7M4_T_le_v4SPD16_eabi.lib : copy_decompress_none.obj (.text:decompress:none)
                  00004edc    0000000c     driverlib.lib : cpu.obj (.text:CPUcpsie)
                  00004ee8    0000000c                   : uart.obj (.text:UARTCharsAvail)
                  00004ef4    0000000c                   : uart.obj (.text:UARTTxIntModeSet)
                  00004f00    0000000c     rtsv7M4_T_le_v4SPD16_eabi.lib : copy_zero_init.obj (.text:decompress:ZI)
                  00004f0c    0000000c     tm4c123gh6pm_startup_ccs.obj (.text)
                  00004f18    0000000a     driverlib.lib : interrupt.obj (.text:IntMasterEnable)
                  00004f22    0000000a                   : timer.obj (.text:TimerValueGet)
                  00004f2c    0000000a                   : uart.obj (.text:UARTCharGet)
                  00004f36    0000000a                   : uart.obj (.text:UARTCharPut)
                  00004f40    0000000a                   : uart.obj (.text:UARTFIFOEnable)
                  00004f4a    0000000a                   : uart.obj (.text:UARTIntStatus)
                  00004f54    00000008                   : timer.obj (.text:TimerIntEnable)
                  00004f5c    00000008                   : uart.obj (.text:UARTIntEnable)
                  00004f64    00000006                   : gpio.obj (.text:GPIOPinRead)
                  00004f6a    00000006                   : gpio.obj (.text:GPIOPinWrite)
                  00004f70    00000006                   : sysctl.obj (.text:SysCtlDelay)
                  00004f76    00000006                   : uart.obj (.text:UARTFIFOLevelSet)
                  00004f7c    00000004                   : timer.obj (.text:TimerIntClear)
                  00004f80    00000004                   : uart.obj (.text:UARTIntClear)
                  00004f84    00000004     rtsv7M4_T_le_v4SPD16_eabi.lib : pre_init.obj (.text)

.const     0    00004f88    000003a4     
                  00004f88    00000101     rtsv7M4_T_le_v4SPD16_eabi.lib : ctype.obj (.const:.string:_ctypes_)
                  00005089    00000003     --HOLE-- [fill = 0]
                  0000508c    0000009c     driverlib.lib : interrupt.obj (.const:g_pui32Regs)
                  00005128    00000098     rtsv7M4_T_le_v4SPD16_eabi.lib : strtod.obj (.const:$O1$$)
                  000051c0    00000090     driverlib.lib : gpio.obj (.const:g_pui32GPIOBaseAddrs)
                  00005250    00000070                   : interrupt.obj (.const)
                  000052c0    0000006c                   : sysctl.obj (.const:g_pui32Xtals)

.cinit     0    00005330    00000040     
                  00005330    00000018     (.cinit..data.load) [load image, compression = lzss]
                  00005348    0000000c     (__TI_handler_table)
                  00005354    00000004     --HOLE-- [fill = 0]
                  00005358    00000008     (.cinit..bss.load) [load image, compression = zero_init]
                  00005360    00000010     (__TI_cinit_table)

.init_array 
*          0    00000000    00000000     UNINITIALIZED

.bss       0    20000000    00000300     UNINITIALIZED
                  20000000    000000cc     (.common:serialPC)
                  200000cc    00000098     (.common:dataSendBuffer)
                  20000164    00000060     (.common:samAverageTorq)
                  200001c4    00000060     (.common:samPosition12)
                  20000224    00000029     (.common:Uart)
                  2000024d    00000018     (.common:samD)
                  20000265    00000018     (.common:samDataAvail)
                  2000027d    00000018     (.common:samI)
                  20000295    00000018     (.common:samLoad8)
                  200002ad    00000018     (.common:samP)
                  200002c5    00000018     (.common:samPosition8)
                  200002dd    00000001     (.common:FlagTimer)
                  200002de    00000001     (.common:samReadBusy)
                  200002df    00000001     (.common:samReadCurrentID_C1)
                  200002e0    00000010     (.common:sam1)
                  200002f0    00000006     (.common:SysTick_Int_Count)
                  200002f6    00000004     (.common:toggle_led)
                  200002fa    00000001     (.common:samReadCurrentID_C2)
                  200002fb    00000001     (.common:samReadCurrentID_C3)
                  200002fc    00000001     (.common:samReadCurrentID_C4)
                  200002fd    00000001     (.common:samReadCurrentID_C6)
                  200002fe    00000001     (.common:samReadCurrentID_C7)
                  200002ff    00000001     (.common:samReadMode)

.data      0    20000500    00000050     UNINITIALIZED
                  20000500    0000001a     myTimer.obj (.data)
                  2000051a    00000018     SAM.obj (.data:samEnableRead)
                  20000532    00000001     mainSubController.obj (.data)
                  20000533    00000001     --HOLE--
                  20000534    0000000c     rtsv7M4_T_le_v4SPD16_eabi.lib : exit.obj (.data:$O1$$)
                  20000540    00000008                                   : _lock.obj (.data:$O1$$)
                  20000548    00000004                                   : errno.obj (.data)
                  2000054c    00000004                                   : stkdepth_vars.obj (.data)

.stack     0    20000300    00000200     UNINITIALIZED
                  20000300    00000200     --HOLE--

MODULE SUMMARY

       Module                         code    ro data   rw data
       ------                         ----    -------   -------
    ./
       mainSubController.obj          7600    0         2      
       myRS485.obj                    2772    0         0      
       SAM.obj                        1776    0         384    
       mySerial.obj                   1068    0         356    
       numManipulate.obj              912     0         0      
       tm4c123gh6pm_startup_ccs.obj   12      620       0      
       serial.obj                     548     0         41     
       myTimer.obj                    508     0         32     
       myIO.obj                       200     0         4      
    +--+------------------------------+-------+---------+---------+
       Total:                         15396   620       819    
                                                               
    /opt/ti/TivaWare_C_Series-2.1.0.12573/driverlib/ccs/Debug/driverlib.lib
       sysctl.obj                     578     108       0      
       gpio.obj                       472     144       0      
       interrupt.obj                  142     268       0      
       uart.obj                       194     0         0      
       timer.obj                      146     0         0      
       systick.obj                    56      0         0      
       cpu.obj                        12      0         0      
    +--+------------------------------+-------+---------+---------+
       Total:                         1600    520       0      
                                                               
    /opt/ti/ccs710/ccsv7/tools/compiler/ti-cgt-arm_16.9.1.LTS/lib/rtsv7M4_T_le_v4SPD16_eabi.lib
       strtod.obj                     572     152       0      
       fd_add_t2.obj                  438     0         0      
       fd_div_t2.obj                  310     0         0      
       ctype.obj                      0       257       0      
       fd_mul_t2.obj                  252     0         0      
       memcpy_t2.obj                  156     0         0      
       fd_cmp_t2.obj                  134     0         0      
       memset_t2.obj                  122     0         0      
       autoinit.obj                   112     0         0      
       fd_tos_t2.obj                  110     0         0      
       copy_decompress_lzss.obj       104     0         0      
       exit.obj                       84      0         12     
       boot.obj                       84      0         0      
       atoi.obj                       76      0         0      
       cpy_tbl.obj                    76      0         0      
       _lock.obj                      20      0         8      
       args_main.obj                  24      0         0      
       atof.obj                       18      0         0      
       isdigit.obj                    16      0         0      
       copy_decompress_none.obj       14      0         0      
       copy_zero_init.obj             12      0         0      
       errno.obj                      0       0         4      
       pre_init.obj                   4       0         0      
       stkdepth_vars.obj              0       0         4      
       mpu_init.obj                   2       0         0      
       startup.obj                    2       0         0      
    +--+------------------------------+-------+---------+---------+
       Total:                         2742    409       28     
                                                               
       Stack:                         0       0         512    
       Linker Generated:              0       60        0      
    +--+------------------------------+-------+---------+---------+
       Grand Total:                   19738   1609      1359   


LINKER GENERATED COPY TABLES

__TI_cinit_table @ 00005360 records: 2, size/record: 8, table size: 16
	.data: load addr=00005330, load size=00000018 bytes, run addr=20000500, run size=00000050 bytes, compression=lzss
	.bss: load addr=00005358, load size=00000008 bytes, run addr=20000000, run size=00000300 bytes, compression=zero_init


LINKER GENERATED HANDLER TABLE

__TI_handler_table @ 00005348 records: 3, size/record: 4, table size: 12
	index: 0, handler: __TI_decompress_lzss
	index: 1, handler: __TI_decompress_none
	index: 2, handler: __TI_zero_init


GLOBAL SYMBOLS: SORTED ALPHABETICALLY BY Name 

address   name                           
-------   ----                           
00004bd5  C$$EXIT                        
00004edd  CPUcpsie                       
200002dd  FlagTimer                      
00004d7d  GPIODirModeSet                 
000042e5  GPIOPadConfigSet               
00004cc1  GPIOPinConfigure               
00004f65  GPIOPinRead                    
00004de9  GPIOPinTypeGPIOOutput          
00004e69  GPIOPinTypeUART                
00004f6b  GPIOPinWrite                   
00004ac5  IntEnable                      
00004f19  IntMasterEnable                
00004da9  IntPrioritySet                 
0000360d  Map_y                          
00002369  RS485_1_Init                   
00002541  RS485_2_Init                   
000028eb  RS485_3_Init                   
000026fd  RS485_4_Init                   
000021b3  RS485_6_Init                   
0000201d  RS485_7_Init                   
00004f0d  ResetISR                       
0000473b  SAM_Power_enable               
00002fa1  SAM_get_I                      
00002f2b  SAM_get_PD                     
00002d69  SAM_get_avergTorque            
00003015  SAM_get_jointAngle12bit        
000030ff  SAM_get_jointAngle8bit         
00002af1  SAM_init                       
00002af3  SAM_send_bytes                 
00002ebd  SAM_set_I_Runtime              
00002e45  SAM_set_PD_Runtime             
00002dcf  SAM_set_PD_RuntimeQuick        
00002cfb  SAM_set_avergTorque            
00003081  SAM_set_jointAngle12bit        
00003143  SAM_set_jointAngle8bit         
0000319d  SAM_set_passiveMode            
UNDEFED   SHT$$INIT_ARRAY$$Base          
UNDEFED   SHT$$INIT_ARRAY$$Limit         
00003d8d  SerialGetStr                   
00003d01  SerialPutChar                  
00003cc9  SerialPutData                  
00003d15  SerialPutStr                   
00003d3d  SerialPutStrLn                 
00003d6d  SerialPutStr_NonTer            
00003375  SerialSendData                 
000033fb  SerialSend_1_AverageTorq       
0000339d  SerialSend_1_Position12        
00003477  SerialSend_1_Position8         
00003503  SerialSend_All_Position        
00003555  SerialSend_PID                 
00003dcd  SerialTerminator               
20000519  SycTick_Int_Count              
00003e17  SycTick_Interrupt_Handler      
00004415  SysCtlClockGet                 
00004629  SysCtlClockSet                 
00004f71  SysCtlDelay                    
00004d49  SysCtlPeripheralEnable         
00004e19  SysTickEnable                  
00004e2d  SysTickIntEnable               
00004ea1  SysTickPeriodSet               
00003dfd  SysTick_Init                   
200002f0  SysTick_Int_Count              
00003f7f  Timer0_Interrupt_Handler       
00003f3d  Timer0_init                    
00003f0b  Timer1_Interrupt_Handler       
00003f31  Timer1_Reset                   
00003ec3  Timer1_init                    
00004b25  TimerConfigure                 
00004ec1  TimerEnable                    
00004f7d  TimerIntClear                  
00004f55  TimerIntEnable                 
00004e7b  TimerLoadSet                   
00004f23  TimerValueGet                  
00003c73  UART0_Init                     
00003c19  UART0_Interrupt_Handler        
00002429  UART1_Interrupt_Handler        
000031e1  UART2_Init                     
000025e1  UART2_Interrupt_Handler        
0000298d  UART3_Interrupt_Handler        
000027d1  UART4_Interrupt_Handler        
00003247  UART5_Init                     
0000329f  UART5_Interrupt_Handler        
0000222f  UART6_Interrupt_Handler        
00002099  UART7_Interrupt_Handler        
00004f2d  UARTCharGet                    
00004f37  UARTCharPut                    
00004ee9  UARTCharsAvail                 
00004d09  UARTConfigSetExpClk            
00004dcd  UARTDisable                    
00004e41  UARTEnable                     
00004f41  UARTFIFOEnable                 
00004f77  UARTFIFOLevelSet               
00004f81  UARTIntClear                   
00004f5d  UARTIntEnable                  
00004f4b  UARTIntStatus                  
00004ef5  UARTTxIntModeSet               
20000224  Uart                           
20000500  __STACK_END                    
00000200  __STACK_SIZE                   
20000500  __STACK_TOP                    
00005360  __TI_CINIT_Base                
00005370  __TI_CINIT_Limit               
00005348  __TI_Handler_Table_Base        
00005354  __TI_Handler_Table_Limit       
0000497d  __TI_auto_init                 
20000534  __TI_cleanup_ptr               
00004a5b  __TI_decompress_lzss           
00004ecf  __TI_decompress_none           
20000538  __TI_dtors_ptr                 
2000053c  __TI_enable_exit_profile_output
ffffffff  __TI_pprof_out_hndl            
ffffffff  __TI_prof_data_size            
ffffffff  __TI_prof_data_start           
00000000  __TI_static_base__             
00004f01  __TI_zero_init                 
0000487d  __aeabi_cdcmpeq                
0000487d  __aeabi_cdcmple                
000049ed  __aeabi_d2f                    
00004003  __aeabi_dadd                   
000041af  __aeabi_ddiv                   
0000452d  __aeabi_dmul                   
00003ff9  __aeabi_dsub                   
00004903  __aeabi_memclr                 
00004903  __aeabi_memclr4                
00004903  __aeabi_memclr8                
000047e1  __aeabi_memcpy                 
000047e1  __aeabi_memcpy4                
000047e1  __aeabi_memcpy8                
00004905  __aeabi_memset                 
00004905  __aeabi_memset4                
00004905  __aeabi_memset8                
ffffffff  __binit__                      
ffffffff  __c_args__                     
00004ac3  __mpu_init                     
20000300  __stack                        
00004e01  _args_main                     
00004b81  _c_int00                       
00004f88  _ctypes_                       
20000540  _lock                          
00004e63  _nop                           
00004e5b  _register_lock                 
00004e55  _register_unlock               
00004da7  _system_post_cinit             
00004f85  _system_pre_init               
20000544  _unlock                        
00004bd9  abort                          
00004e8d  atof                           
00004c29  atoi                           
ffffffff  binit                          
000047bd  button                         
0000034d  communication                  
00004c75  copy_in                        
200000cc  dataSendBuffer                 
00001f2d  display_com                    
20000532  display_mode                   
20000548  errno                          
00004be1  exit                           
00003661  float2str                      
00000000  g_pfnVectors                   
00003f9d  getMicroSecond                 
00003833  int2num                        
00004eb1  isdigit                        
00004765  led                            
0000026d  main                           
2000054c  main_func_sp                   
000047e1  memcpy                         
0000490b  memset                         
00004719  myIO_init                      
20000504  preMicroSecond_angle           
20000510  preMicroSecond_camera          
20000508  preMicroSecond_position        
2000050c  preMicroSecond_sonar           
20000518  safe_flag                      
200002e0  sam1                           
20000164  samAverageTorq                 
2000024d  samD                           
20000265  samDataAvail                   
2000051a  samEnableRead                  
2000027d  samI                           
20000295  samLoad8                       
200002ad  samP                           
200001c4  samPosition12                  
200002c5  samPosition8                   
200002de  samReadBusy                    
200002df  samReadCurrentID_C1            
200002fa  samReadCurrentID_C2            
200002fb  samReadCurrentID_C3            
200002fc  samReadCurrentID_C4            
200002fd  samReadCurrentID_C6            
200002fe  samReadCurrentID_C7            
200002ff  samReadMode                    
20000514  sampling_time_second           
20000500  seconds                        
00003353  serialGetData                  
20000000  serialPC                       
00003931  set_float_value                
0000396b  set_int_value                  
00003bd9  set_position                   
0000399d  strtod                         
0000399d  strtold                        
00000309  task_100Hz                     
000002f3  task_20Hz                      
0000031f  task_50Hz                      
200002f6  toggle_led                     


GLOBAL SYMBOLS: SORTED BY Symbol Address 

address   name                           
-------   ----                           
00000000  __TI_static_base__             
00000000  g_pfnVectors                   
00000200  __STACK_SIZE                   
0000026d  main                           
000002f3  task_20Hz                      
00000309  task_100Hz                     
0000031f  task_50Hz                      
0000034d  communication                  
00001f2d  display_com                    
0000201d  RS485_7_Init                   
00002099  UART7_Interrupt_Handler        
000021b3  RS485_6_Init                   
0000222f  UART6_Interrupt_Handler        
00002369  RS485_1_Init                   
00002429  UART1_Interrupt_Handler        
00002541  RS485_2_Init                   
000025e1  UART2_Interrupt_Handler        
000026fd  RS485_4_Init                   
000027d1  UART4_Interrupt_Handler        
000028eb  RS485_3_Init                   
0000298d  UART3_Interrupt_Handler        
00002af1  SAM_init                       
00002af3  SAM_send_bytes                 
00002cfb  SAM_set_avergTorque            
00002d69  SAM_get_avergTorque            
00002dcf  SAM_set_PD_RuntimeQuick        
00002e45  SAM_set_PD_Runtime             
00002ebd  SAM_set_I_Runtime              
00002f2b  SAM_get_PD                     
00002fa1  SAM_get_I                      
00003015  SAM_get_jointAngle12bit        
00003081  SAM_set_jointAngle12bit        
000030ff  SAM_get_jointAngle8bit         
00003143  SAM_set_jointAngle8bit         
0000319d  SAM_set_passiveMode            
000031e1  UART2_Init                     
00003247  UART5_Init                     
0000329f  UART5_Interrupt_Handler        
00003353  serialGetData                  
00003375  SerialSendData                 
0000339d  SerialSend_1_Position12        
000033fb  SerialSend_1_AverageTorq       
00003477  SerialSend_1_Position8         
00003503  SerialSend_All_Position        
00003555  SerialSend_PID                 
0000360d  Map_y                          
00003661  float2str                      
00003833  int2num                        
00003931  set_float_value                
0000396b  set_int_value                  
0000399d  strtod                         
0000399d  strtold                        
00003bd9  set_position                   
00003c19  UART0_Interrupt_Handler        
00003c73  UART0_Init                     
00003cc9  SerialPutData                  
00003d01  SerialPutChar                  
00003d15  SerialPutStr                   
00003d3d  SerialPutStrLn                 
00003d6d  SerialPutStr_NonTer            
00003d8d  SerialGetStr                   
00003dcd  SerialTerminator               
00003dfd  SysTick_Init                   
00003e17  SycTick_Interrupt_Handler      
00003ec3  Timer1_init                    
00003f0b  Timer1_Interrupt_Handler       
00003f31  Timer1_Reset                   
00003f3d  Timer0_init                    
00003f7f  Timer0_Interrupt_Handler       
00003f9d  getMicroSecond                 
00003ff9  __aeabi_dsub                   
00004003  __aeabi_dadd                   
000041af  __aeabi_ddiv                   
000042e5  GPIOPadConfigSet               
00004415  SysCtlClockGet                 
0000452d  __aeabi_dmul                   
00004629  SysCtlClockSet                 
00004719  myIO_init                      
0000473b  SAM_Power_enable               
00004765  led                            
000047bd  button                         
000047e1  __aeabi_memcpy                 
000047e1  __aeabi_memcpy4                
000047e1  __aeabi_memcpy8                
000047e1  memcpy                         
0000487d  __aeabi_cdcmpeq                
0000487d  __aeabi_cdcmple                
00004903  __aeabi_memclr                 
00004903  __aeabi_memclr4                
00004903  __aeabi_memclr8                
00004905  __aeabi_memset                 
00004905  __aeabi_memset4                
00004905  __aeabi_memset8                
0000490b  memset                         
0000497d  __TI_auto_init                 
000049ed  __aeabi_d2f                    
00004a5b  __TI_decompress_lzss           
00004ac3  __mpu_init                     
00004ac5  IntEnable                      
00004b25  TimerConfigure                 
00004b81  _c_int00                       
00004bd5  C$$EXIT                        
00004bd9  abort                          
00004be1  exit                           
00004c29  atoi                           
00004c75  copy_in                        
00004cc1  GPIOPinConfigure               
00004d09  UARTConfigSetExpClk            
00004d49  SysCtlPeripheralEnable         
00004d7d  GPIODirModeSet                 
00004da7  _system_post_cinit             
00004da9  IntPrioritySet                 
00004dcd  UARTDisable                    
00004de9  GPIOPinTypeGPIOOutput          
00004e01  _args_main                     
00004e19  SysTickEnable                  
00004e2d  SysTickIntEnable               
00004e41  UARTEnable                     
00004e55  _register_unlock               
00004e5b  _register_lock                 
00004e63  _nop                           
00004e69  GPIOPinTypeUART                
00004e7b  TimerLoadSet                   
00004e8d  atof                           
00004ea1  SysTickPeriodSet               
00004eb1  isdigit                        
00004ec1  TimerEnable                    
00004ecf  __TI_decompress_none           
00004edd  CPUcpsie                       
00004ee9  UARTCharsAvail                 
00004ef5  UARTTxIntModeSet               
00004f01  __TI_zero_init                 
00004f0d  ResetISR                       
00004f19  IntMasterEnable                
00004f23  TimerValueGet                  
00004f2d  UARTCharGet                    
00004f37  UARTCharPut                    
00004f41  UARTFIFOEnable                 
00004f4b  UARTIntStatus                  
00004f55  TimerIntEnable                 
00004f5d  UARTIntEnable                  
00004f65  GPIOPinRead                    
00004f6b  GPIOPinWrite                   
00004f71  SysCtlDelay                    
00004f77  UARTFIFOLevelSet               
00004f7d  TimerIntClear                  
00004f81  UARTIntClear                   
00004f85  _system_pre_init               
00004f88  _ctypes_                       
00005348  __TI_Handler_Table_Base        
00005354  __TI_Handler_Table_Limit       
00005360  __TI_CINIT_Base                
00005370  __TI_CINIT_Limit               
20000000  serialPC                       
200000cc  dataSendBuffer                 
20000164  samAverageTorq                 
200001c4  samPosition12                  
20000224  Uart                           
2000024d  samD                           
20000265  samDataAvail                   
2000027d  samI                           
20000295  samLoad8                       
200002ad  samP                           
200002c5  samPosition8                   
200002dd  FlagTimer                      
200002de  samReadBusy                    
200002df  samReadCurrentID_C1            
200002e0  sam1                           
200002f0  SysTick_Int_Count              
200002f6  toggle_led                     
200002fa  samReadCurrentID_C2            
200002fb  samReadCurrentID_C3            
200002fc  samReadCurrentID_C4            
200002fd  samReadCurrentID_C6            
200002fe  samReadCurrentID_C7            
200002ff  samReadMode                    
20000300  __stack                        
20000500  __STACK_END                    
20000500  __STACK_TOP                    
20000500  seconds                        
20000504  preMicroSecond_angle           
20000508  preMicroSecond_position        
2000050c  preMicroSecond_sonar           
20000510  preMicroSecond_camera          
20000514  sampling_time_second           
20000518  safe_flag                      
20000519  SycTick_Int_Count              
2000051a  samEnableRead                  
20000532  display_mode                   
20000534  __TI_cleanup_ptr               
20000538  __TI_dtors_ptr                 
2000053c  __TI_enable_exit_profile_output
20000540  _lock                          
20000544  _unlock                        
20000548  errno                          
2000054c  main_func_sp                   
ffffffff  __TI_pprof_out_hndl            
ffffffff  __TI_prof_data_size            
ffffffff  __TI_prof_data_start           
ffffffff  __binit__                      
ffffffff  __c_args__                     
ffffffff  binit                          
UNDEFED   SHT$$INIT_ARRAY$$Base          
UNDEFED   SHT$$INIT_ARRAY$$Limit         

[204 symbols]
