<?xml version="1.0"?>
<link_info>
   <banner>TI ARM Linker Unix v16.9.1.LTS</banner>
   <copyright>Copyright (c) 1996-2015 Texas Instruments Incorporated</copyright>
   <link_time>0x59af8f0e</link_time>
   <link_errors>0x0</link_errors>
   <output_file>SAM_sub_controller.out</output_file>
   <entry_point>
      <name>_c_int00</name>
      <address>0x4b81</address>
   </entry_point>
   <input_file_list>
      <input_file id="fl-2">
         <path>./</path>
         <kind>object</kind>
         <file>SAM.obj</file>
         <name>SAM.obj</name>
      </input_file>
      <input_file id="fl-3">
         <path>./</path>
         <kind>object</kind>
         <file>mainSubController.obj</file>
         <name>mainSubController.obj</name>
      </input_file>
      <input_file id="fl-4">
         <path>./</path>
         <kind>object</kind>
         <file>myFIFO.obj</file>
         <name>myFIFO.obj</name>
      </input_file>
      <input_file id="fl-5">
         <path>./</path>
         <kind>object</kind>
         <file>myIO.obj</file>
         <name>myIO.obj</name>
      </input_file>
      <input_file id="fl-6">
         <path>./</path>
         <kind>object</kind>
         <file>myRS485.obj</file>
         <name>myRS485.obj</name>
      </input_file>
      <input_file id="fl-7">
         <path>./</path>
         <kind>object</kind>
         <file>mySerial.obj</file>
         <name>mySerial.obj</name>
      </input_file>
      <input_file id="fl-8">
         <path>./</path>
         <kind>object</kind>
         <file>myTimer.obj</file>
         <name>myTimer.obj</name>
      </input_file>
      <input_file id="fl-9">
         <path>./</path>
         <kind>object</kind>
         <file>numManipulate.obj</file>
         <name>numManipulate.obj</name>
      </input_file>
      <input_file id="fl-a">
         <path>./</path>
         <kind>object</kind>
         <file>ringbuf.obj</file>
         <name>ringbuf.obj</name>
      </input_file>
      <input_file id="fl-b">
         <path>./</path>
         <kind>object</kind>
         <file>serial.obj</file>
         <name>serial.obj</name>
      </input_file>
      <input_file id="fl-c">
         <path>./</path>
         <kind>object</kind>
         <file>tm4c123gh6pm_startup_ccs.obj</file>
         <name>tm4c123gh6pm_startup_ccs.obj</name>
      </input_file>
      <input_file id="fl-12">
         <path>/opt/ti/TivaWare_C_Series-2.1.0.12573/driverlib/ccs/Debug/</path>
         <kind>archive</kind>
         <file>driverlib.lib</file>
         <name>uart.obj</name>
      </input_file>
      <input_file id="fl-13">
         <path>/opt/ti/TivaWare_C_Series-2.1.0.12573/driverlib/ccs/Debug/</path>
         <kind>archive</kind>
         <file>driverlib.lib</file>
         <name>timer.obj</name>
      </input_file>
      <input_file id="fl-14">
         <path>/opt/ti/TivaWare_C_Series-2.1.0.12573/driverlib/ccs/Debug/</path>
         <kind>archive</kind>
         <file>driverlib.lib</file>
         <name>systick.obj</name>
      </input_file>
      <input_file id="fl-15">
         <path>/opt/ti/TivaWare_C_Series-2.1.0.12573/driverlib/ccs/Debug/</path>
         <kind>archive</kind>
         <file>driverlib.lib</file>
         <name>sysctl.obj</name>
      </input_file>
      <input_file id="fl-16">
         <path>/opt/ti/TivaWare_C_Series-2.1.0.12573/driverlib/ccs/Debug/</path>
         <kind>archive</kind>
         <file>driverlib.lib</file>
         <name>interrupt.obj</name>
      </input_file>
      <input_file id="fl-17">
         <path>/opt/ti/TivaWare_C_Series-2.1.0.12573/driverlib/ccs/Debug/</path>
         <kind>archive</kind>
         <file>driverlib.lib</file>
         <name>gpio.obj</name>
      </input_file>
      <input_file id="fl-18">
         <path>/opt/ti/TivaWare_C_Series-2.1.0.12573/driverlib/ccs/Debug/</path>
         <kind>archive</kind>
         <file>driverlib.lib</file>
         <name>cpu.obj</name>
      </input_file>
      <input_file id="fl-ce">
         <path>/opt/ti/ccs710/ccsv7/tools/compiler/ti-cgt-arm_16.9.1.LTS/lib/</path>
         <kind>archive</kind>
         <file>rtsv7M4_T_le_v4SPD16_eabi.lib</file>
         <name>atof.obj</name>
      </input_file>
      <input_file id="fl-cf">
         <path>/opt/ti/ccs710/ccsv7/tools/compiler/ti-cgt-arm_16.9.1.LTS/lib/</path>
         <kind>archive</kind>
         <file>rtsv7M4_T_le_v4SPD16_eabi.lib</file>
         <name>atoi.obj</name>
      </input_file>
      <input_file id="fl-d0">
         <path>/opt/ti/ccs710/ccsv7/tools/compiler/ti-cgt-arm_16.9.1.LTS/lib/</path>
         <kind>archive</kind>
         <file>rtsv7M4_T_le_v4SPD16_eabi.lib</file>
         <name>boot.obj</name>
      </input_file>
      <input_file id="fl-d1">
         <path>/opt/ti/ccs710/ccsv7/tools/compiler/ti-cgt-arm_16.9.1.LTS/lib/</path>
         <kind>archive</kind>
         <file>rtsv7M4_T_le_v4SPD16_eabi.lib</file>
         <name>copy_decompress_lzss.obj</name>
      </input_file>
      <input_file id="fl-d2">
         <path>/opt/ti/ccs710/ccsv7/tools/compiler/ti-cgt-arm_16.9.1.LTS/lib/</path>
         <kind>archive</kind>
         <file>rtsv7M4_T_le_v4SPD16_eabi.lib</file>
         <name>copy_decompress_none.obj</name>
      </input_file>
      <input_file id="fl-d3">
         <path>/opt/ti/ccs710/ccsv7/tools/compiler/ti-cgt-arm_16.9.1.LTS/lib/</path>
         <kind>archive</kind>
         <file>rtsv7M4_T_le_v4SPD16_eabi.lib</file>
         <name>copy_zero_init.obj</name>
      </input_file>
      <input_file id="fl-d4">
         <path>/opt/ti/ccs710/ccsv7/tools/compiler/ti-cgt-arm_16.9.1.LTS/lib/</path>
         <kind>archive</kind>
         <file>rtsv7M4_T_le_v4SPD16_eabi.lib</file>
         <name>ctype.obj</name>
      </input_file>
      <input_file id="fl-d5">
         <path>/opt/ti/ccs710/ccsv7/tools/compiler/ti-cgt-arm_16.9.1.LTS/lib/</path>
         <kind>archive</kind>
         <file>rtsv7M4_T_le_v4SPD16_eabi.lib</file>
         <name>exit.obj</name>
      </input_file>
      <input_file id="fl-d6">
         <path>/opt/ti/ccs710/ccsv7/tools/compiler/ti-cgt-arm_16.9.1.LTS/lib/</path>
         <kind>archive</kind>
         <file>rtsv7M4_T_le_v4SPD16_eabi.lib</file>
         <name>fd_tos_t2.obj</name>
      </input_file>
      <input_file id="fl-d7">
         <path>/opt/ti/ccs710/ccsv7/tools/compiler/ti-cgt-arm_16.9.1.LTS/lib/</path>
         <kind>archive</kind>
         <file>rtsv7M4_T_le_v4SPD16_eabi.lib</file>
         <name>isdigit.obj</name>
      </input_file>
      <input_file id="fl-d8">
         <path>/opt/ti/ccs710/ccsv7/tools/compiler/ti-cgt-arm_16.9.1.LTS/lib/</path>
         <kind>archive</kind>
         <file>rtsv7M4_T_le_v4SPD16_eabi.lib</file>
         <name>memcpy_t2.obj</name>
      </input_file>
      <input_file id="fl-d9">
         <path>/opt/ti/ccs710/ccsv7/tools/compiler/ti-cgt-arm_16.9.1.LTS/lib/</path>
         <kind>archive</kind>
         <file>rtsv7M4_T_le_v4SPD16_eabi.lib</file>
         <name>memset_t2.obj</name>
      </input_file>
      <input_file id="fl-da">
         <path>/opt/ti/ccs710/ccsv7/tools/compiler/ti-cgt-arm_16.9.1.LTS/lib/</path>
         <kind>archive</kind>
         <file>rtsv7M4_T_le_v4SPD16_eabi.lib</file>
         <name>mpu_init.obj</name>
      </input_file>
      <input_file id="fl-db">
         <path>/opt/ti/ccs710/ccsv7/tools/compiler/ti-cgt-arm_16.9.1.LTS/lib/</path>
         <kind>archive</kind>
         <file>rtsv7M4_T_le_v4SPD16_eabi.lib</file>
         <name>pre_init.obj</name>
      </input_file>
      <input_file id="fl-dc">
         <path>/opt/ti/ccs710/ccsv7/tools/compiler/ti-cgt-arm_16.9.1.LTS/lib/</path>
         <kind>archive</kind>
         <file>rtsv7M4_T_le_v4SPD16_eabi.lib</file>
         <name>stkdepth_vars.obj</name>
      </input_file>
      <input_file id="fl-dd">
         <path>/opt/ti/ccs710/ccsv7/tools/compiler/ti-cgt-arm_16.9.1.LTS/lib/</path>
         <kind>archive</kind>
         <file>rtsv7M4_T_le_v4SPD16_eabi.lib</file>
         <name>strtod.obj</name>
      </input_file>
      <input_file id="fl-de">
         <path>/opt/ti/ccs710/ccsv7/tools/compiler/ti-cgt-arm_16.9.1.LTS/lib/</path>
         <kind>archive</kind>
         <file>rtsv7M4_T_le_v4SPD16_eabi.lib</file>
         <name>_lock.obj</name>
      </input_file>
      <input_file id="fl-df">
         <path>/opt/ti/ccs710/ccsv7/tools/compiler/ti-cgt-arm_16.9.1.LTS/lib/</path>
         <kind>archive</kind>
         <file>rtsv7M4_T_le_v4SPD16_eabi.lib</file>
         <name>args_main.obj</name>
      </input_file>
      <input_file id="fl-e0">
         <path>/opt/ti/ccs710/ccsv7/tools/compiler/ti-cgt-arm_16.9.1.LTS/lib/</path>
         <kind>archive</kind>
         <file>rtsv7M4_T_le_v4SPD16_eabi.lib</file>
         <name>autoinit.obj</name>
      </input_file>
      <input_file id="fl-e1">
         <path>/opt/ti/ccs710/ccsv7/tools/compiler/ti-cgt-arm_16.9.1.LTS/lib/</path>
         <kind>archive</kind>
         <file>rtsv7M4_T_le_v4SPD16_eabi.lib</file>
         <name>cpy_tbl.obj</name>
      </input_file>
      <input_file id="fl-e2">
         <path>/opt/ti/ccs710/ccsv7/tools/compiler/ti-cgt-arm_16.9.1.LTS/lib/</path>
         <kind>archive</kind>
         <file>rtsv7M4_T_le_v4SPD16_eabi.lib</file>
         <name>errno.obj</name>
      </input_file>
      <input_file id="fl-e3">
         <path>/opt/ti/ccs710/ccsv7/tools/compiler/ti-cgt-arm_16.9.1.LTS/lib/</path>
         <kind>archive</kind>
         <file>rtsv7M4_T_le_v4SPD16_eabi.lib</file>
         <name>fd_add_t2.obj</name>
      </input_file>
      <input_file id="fl-e4">
         <path>/opt/ti/ccs710/ccsv7/tools/compiler/ti-cgt-arm_16.9.1.LTS/lib/</path>
         <kind>archive</kind>
         <file>rtsv7M4_T_le_v4SPD16_eabi.lib</file>
         <name>fd_cmp_t2.obj</name>
      </input_file>
      <input_file id="fl-e5">
         <path>/opt/ti/ccs710/ccsv7/tools/compiler/ti-cgt-arm_16.9.1.LTS/lib/</path>
         <kind>archive</kind>
         <file>rtsv7M4_T_le_v4SPD16_eabi.lib</file>
         <name>fd_div_t2.obj</name>
      </input_file>
      <input_file id="fl-e6">
         <path>/opt/ti/ccs710/ccsv7/tools/compiler/ti-cgt-arm_16.9.1.LTS/lib/</path>
         <kind>archive</kind>
         <file>rtsv7M4_T_le_v4SPD16_eabi.lib</file>
         <name>fd_mul_t2.obj</name>
      </input_file>
      <input_file id="fl-e7">
         <path>/opt/ti/ccs710/ccsv7/tools/compiler/ti-cgt-arm_16.9.1.LTS/lib/</path>
         <kind>archive</kind>
         <file>rtsv7M4_T_le_v4SPD16_eabi.lib</file>
         <name>startup.obj</name>
      </input_file>
   </input_file_list>
   <object_component_list>
      <object_component id="oc-f">
         <name>.intvecs</name>
         <load_address>0x0</load_address>
         <run_address>0x0</run_address>
         <size>0x26c</size>
         <input_file_ref idref="fl-c"/>
      </object_component>
      <object_component id="oc-1a7">
         <name>.text</name>
         <load_address>0x26c</load_address>
         <run_address>0x26c</run_address>
         <size>0x1db0</size>
         <input_file_ref idref="fl-3"/>
      </object_component>
      <object_component id="oc-3d">
         <name>.text</name>
         <load_address>0x201c</load_address>
         <run_address>0x201c</run_address>
         <size>0xad4</size>
         <input_file_ref idref="fl-6"/>
      </object_component>
      <object_component id="oc-25f">
         <name>.text</name>
         <load_address>0x2af0</load_address>
         <run_address>0x2af0</run_address>
         <size>0x6f0</size>
         <input_file_ref idref="fl-2"/>
      </object_component>
      <object_component id="oc-43">
         <name>.text</name>
         <load_address>0x31e0</load_address>
         <run_address>0x31e0</run_address>
         <size>0x42c</size>
         <input_file_ref idref="fl-7"/>
      </object_component>
      <object_component id="oc-26a">
         <name>.text</name>
         <load_address>0x360c</load_address>
         <run_address>0x360c</run_address>
         <size>0x390</size>
         <input_file_ref idref="fl-9"/>
      </object_component>
      <object_component id="oc-2dd">
         <name>.text</name>
         <load_address>0x399c</load_address>
         <run_address>0x399c</run_address>
         <size>0x23c</size>
         <input_file_ref idref="fl-dd"/>
      </object_component>
      <object_component id="oc-37">
         <name>.text</name>
         <load_address>0x3bd8</load_address>
         <run_address>0x3bd8</run_address>
         <size>0x224</size>
         <input_file_ref idref="fl-b"/>
      </object_component>
      <object_component id="oc-31">
         <name>.text</name>
         <load_address>0x3dfc</load_address>
         <run_address>0x3dfc</run_address>
         <size>0x1fc</size>
         <input_file_ref idref="fl-8"/>
      </object_component>
      <object_component id="oc-2ef">
         <name>.text</name>
         <load_address>0x3ff8</load_address>
         <run_address>0x3ff8</run_address>
         <size>0x1b6</size>
         <input_file_ref idref="fl-e3"/>
      </object_component>
      <object_component id="oc-2f9">
         <name>.text</name>
         <load_address>0x41ae</load_address>
         <run_address>0x41ae</run_address>
         <size>0x136</size>
         <input_file_ref idref="fl-e5"/>
      </object_component>
      <object_component id="oc-21f">
         <name>.text:GPIOPadConfigSet</name>
         <load_address>0x42e4</load_address>
         <run_address>0x42e4</run_address>
         <size>0x130</size>
         <input_file_ref idref="fl-17"/>
      </object_component>
      <object_component id="oc-92">
         <name>.text:SysCtlClockGet</name>
         <load_address>0x4414</load_address>
         <run_address>0x4414</run_address>
         <size>0x118</size>
         <input_file_ref idref="fl-15"/>
      </object_component>
      <object_component id="oc-2ea">
         <name>.text</name>
         <load_address>0x452c</load_address>
         <run_address>0x452c</run_address>
         <size>0xfc</size>
         <input_file_ref idref="fl-e6"/>
      </object_component>
      <object_component id="oc-258">
         <name>.text:SysCtlClockSet</name>
         <load_address>0x4628</load_address>
         <run_address>0x4628</run_address>
         <size>0xf0</size>
         <input_file_ref idref="fl-15"/>
      </object_component>
      <object_component id="oc-e0">
         <name>.text</name>
         <load_address>0x4718</load_address>
         <run_address>0x4718</run_address>
         <size>0xc8</size>
         <input_file_ref idref="fl-5"/>
      </object_component>
      <object_component id="oc-57">
         <name>.text</name>
         <load_address>0x47e0</load_address>
         <run_address>0x47e0</run_address>
         <size>0x9c</size>
         <input_file_ref idref="fl-d8"/>
      </object_component>
      <object_component id="oc-2f4">
         <name>.text:__aeabi_cdcmple</name>
         <load_address>0x487c</load_address>
         <run_address>0x487c</run_address>
         <size>0x86</size>
         <input_file_ref idref="fl-e4"/>
      </object_component>
      <object_component id="oc-63">
         <name>.text</name>
         <load_address>0x4902</load_address>
         <run_address>0x4902</run_address>
         <size>0x7a</size>
         <input_file_ref idref="fl-d9"/>
      </object_component>
      <object_component id="oc-7b">
         <name>.text</name>
         <load_address>0x497c</load_address>
         <run_address>0x497c</run_address>
         <size>0x70</size>
         <input_file_ref idref="fl-e0"/>
      </object_component>
      <object_component id="oc-2cd">
         <name>.text</name>
         <load_address>0x49ec</load_address>
         <run_address>0x49ec</run_address>
         <size>0x6e</size>
         <input_file_ref idref="fl-d6"/>
      </object_component>
      <object_component id="oc-12">
         <name>.text:decompress:lzss</name>
         <load_address>0x4a5a</load_address>
         <run_address>0x4a5a</run_address>
         <size>0x68</size>
         <input_file_ref idref="fl-d1"/>
      </object_component>
      <object_component id="oc-6f">
         <name>.text</name>
         <load_address>0x4ac2</load_address>
         <run_address>0x4ac2</run_address>
         <size>0x2</size>
         <input_file_ref idref="fl-da"/>
      </object_component>
      <object_component id="oc-c2">
         <name>.text:IntEnable</name>
         <load_address>0x4ac4</load_address>
         <run_address>0x4ac4</run_address>
         <size>0x60</size>
         <input_file_ref idref="fl-16"/>
      </object_component>
      <object_component id="oc-b0">
         <name>.text:TimerConfigure</name>
         <load_address>0x4b24</load_address>
         <run_address>0x4b24</run_address>
         <size>0x5c</size>
         <input_file_ref idref="fl-13"/>
      </object_component>
      <object_component id="oc-24">
         <name>.text</name>
         <load_address>0x4b80</load_address>
         <run_address>0x4b80</run_address>
         <size>0x54</size>
         <input_file_ref idref="fl-d0"/>
      </object_component>
      <object_component id="oc-87">
         <name>.text</name>
         <load_address>0x4bd4</load_address>
         <run_address>0x4bd4</run_address>
         <size>0x54</size>
         <input_file_ref idref="fl-d5"/>
      </object_component>
      <object_component id="oc-101">
         <name>.text</name>
         <load_address>0x4c28</load_address>
         <run_address>0x4c28</run_address>
         <size>0x4c</size>
         <input_file_ref idref="fl-cf"/>
      </object_component>
      <object_component id="oc-199">
         <name>.text</name>
         <load_address>0x4c74</load_address>
         <run_address>0x4c74</run_address>
         <size>0x4c</size>
         <input_file_ref idref="fl-e1"/>
      </object_component>
      <object_component id="oc-113">
         <name>.text:GPIOPinConfigure</name>
         <load_address>0x4cc0</load_address>
         <run_address>0x4cc0</run_address>
         <size>0x48</size>
         <input_file_ref idref="fl-17"/>
      </object_component>
      <object_component id="oc-11f">
         <name>.text:UARTConfigSetExpClk</name>
         <load_address>0x4d08</load_address>
         <run_address>0x4d08</run_address>
         <size>0x40</size>
         <input_file_ref idref="fl-12"/>
      </object_component>
      <object_component id="oc-aa">
         <name>.text:SysCtlPeripheralEnable</name>
         <load_address>0x4d48</load_address>
         <run_address>0x4d48</run_address>
         <size>0x34</size>
         <input_file_ref idref="fl-15"/>
      </object_component>
      <object_component id="oc-219">
         <name>.text:GPIODirModeSet</name>
         <load_address>0x4d7c</load_address>
         <run_address>0x4d7c</run_address>
         <size>0x2a</size>
         <input_file_ref idref="fl-17"/>
      </object_component>
      <object_component id="oc-19f">
         <name>.text</name>
         <load_address>0x4da6</load_address>
         <run_address>0x4da6</run_address>
         <size>0x2</size>
         <input_file_ref idref="fl-e7"/>
      </object_component>
      <object_component id="oc-c8">
         <name>.text:IntPrioritySet</name>
         <load_address>0x4da8</load_address>
         <run_address>0x4da8</run_address>
         <size>0x24</size>
         <input_file_ref idref="fl-16"/>
      </object_component>
      <object_component id="oc-226">
         <name>.text:UARTDisable</name>
         <load_address>0x4dcc</load_address>
         <run_address>0x4dcc</run_address>
         <size>0x1c</size>
         <input_file_ref idref="fl-12"/>
      </object_component>
      <object_component id="oc-158">
         <name>.text:GPIOPinTypeGPIOOutput</name>
         <load_address>0x4de8</load_address>
         <run_address>0x4de8</run_address>
         <size>0x18</size>
         <input_file_ref idref="fl-17"/>
      </object_component>
      <object_component id="oc-81">
         <name>.text</name>
         <load_address>0x4e00</load_address>
         <run_address>0x4e00</run_address>
         <size>0x18</size>
         <input_file_ref idref="fl-df"/>
      </object_component>
      <object_component id="oc-a4">
         <name>.text:SysTickEnable</name>
         <load_address>0x4e18</load_address>
         <run_address>0x4e18</run_address>
         <size>0x14</size>
         <input_file_ref idref="fl-14"/>
      </object_component>
      <object_component id="oc-9e">
         <name>.text:SysTickIntEnable</name>
         <load_address>0x4e2c</load_address>
         <run_address>0x4e2c</run_address>
         <size>0x14</size>
         <input_file_ref idref="fl-14"/>
      </object_component>
      <object_component id="oc-146">
         <name>.text:UARTEnable</name>
         <load_address>0x4e40</load_address>
         <run_address>0x4e40</run_address>
         <size>0x14</size>
         <input_file_ref idref="fl-12"/>
      </object_component>
      <object_component id="oc-27d">
         <name>.text</name>
         <load_address>0x4e54</load_address>
         <run_address>0x4e54</run_address>
         <size>0x14</size>
         <input_file_ref idref="fl-de"/>
      </object_component>
      <object_component id="oc-119">
         <name>.text:GPIOPinTypeUART</name>
         <load_address>0x4e68</load_address>
         <run_address>0x4e68</run_address>
         <size>0x12</size>
         <input_file_ref idref="fl-17"/>
      </object_component>
      <object_component id="oc-b6">
         <name>.text:TimerLoadSet</name>
         <load_address>0x4e7a</load_address>
         <run_address>0x4e7a</run_address>
         <size>0x12</size>
         <input_file_ref idref="fl-13"/>
      </object_component>
      <object_component id="oc-2c7">
         <name>.text</name>
         <load_address>0x4e8c</load_address>
         <run_address>0x4e8c</run_address>
         <size>0x12</size>
         <input_file_ref idref="fl-ce"/>
      </object_component>
      <object_component id="oc-98">
         <name>.text:SysTickPeriodSet</name>
         <load_address>0x4ea0</load_address>
         <run_address>0x4ea0</run_address>
         <size>0x10</size>
         <input_file_ref idref="fl-14"/>
      </object_component>
      <object_component id="oc-2c1">
         <name>.text</name>
         <load_address>0x4eb0</load_address>
         <run_address>0x4eb0</run_address>
         <size>0x10</size>
         <input_file_ref idref="fl-d7"/>
      </object_component>
      <object_component id="oc-d4">
         <name>.text:TimerEnable</name>
         <load_address>0x4ec0</load_address>
         <run_address>0x4ec0</run_address>
         <size>0xe</size>
         <input_file_ref idref="fl-13"/>
      </object_component>
      <object_component id="oc-18">
         <name>.text:decompress:none</name>
         <load_address>0x4ece</load_address>
         <run_address>0x4ece</run_address>
         <size>0xe</size>
         <input_file_ref idref="fl-d2"/>
      </object_component>
      <object_component id="oc-1cc">
         <name>.text:CPUcpsie</name>
         <load_address>0x4edc</load_address>
         <run_address>0x4edc</run_address>
         <size>0xc</size>
         <input_file_ref idref="fl-18"/>
      </object_component>
      <object_component id="oc-164">
         <name>.text:UARTCharsAvail</name>
         <load_address>0x4ee8</load_address>
         <run_address>0x4ee8</run_address>
         <size>0xc</size>
         <input_file_ref idref="fl-12"/>
      </object_component>
      <object_component id="oc-152">
         <name>.text:UARTTxIntModeSet</name>
         <load_address>0x4ef4</load_address>
         <run_address>0x4ef4</run_address>
         <size>0xc</size>
         <input_file_ref idref="fl-12"/>
      </object_component>
      <object_component id="oc-1e">
         <name>.text:decompress:ZI</name>
         <load_address>0x4f00</load_address>
         <run_address>0x4f00</run_address>
         <size>0xc</size>
         <input_file_ref idref="fl-d3"/>
      </object_component>
      <object_component id="oc-2b">
         <name>.text</name>
         <load_address>0x4f0c</load_address>
         <run_address>0x4f0c</run_address>
         <size>0xc</size>
         <input_file_ref idref="fl-c"/>
      </object_component>
      <object_component id="oc-bc">
         <name>.text:IntMasterEnable</name>
         <load_address>0x4f18</load_address>
         <run_address>0x4f18</run_address>
         <size>0xa</size>
         <input_file_ref idref="fl-16"/>
      </object_component>
      <object_component id="oc-e6">
         <name>.text:TimerValueGet</name>
         <load_address>0x4f22</load_address>
         <run_address>0x4f22</run_address>
         <size>0xa</size>
         <input_file_ref idref="fl-13"/>
      </object_component>
      <object_component id="oc-137">
         <name>.text:UARTCharGet</name>
         <load_address>0x4f2c</load_address>
         <run_address>0x4f2c</run_address>
         <size>0xa</size>
         <input_file_ref idref="fl-12"/>
      </object_component>
      <object_component id="oc-131">
         <name>.text:UARTCharPut</name>
         <load_address>0x4f36</load_address>
         <run_address>0x4f36</run_address>
         <size>0xa</size>
         <input_file_ref idref="fl-12"/>
      </object_component>
      <object_component id="oc-14c">
         <name>.text:UARTFIFOEnable</name>
         <load_address>0x4f40</load_address>
         <run_address>0x4f40</run_address>
         <size>0xa</size>
         <input_file_ref idref="fl-12"/>
      </object_component>
      <object_component id="oc-107">
         <name>.text:UARTIntStatus</name>
         <load_address>0x4f4a</load_address>
         <run_address>0x4f4a</run_address>
         <size>0xa</size>
         <input_file_ref idref="fl-12"/>
      </object_component>
      <object_component id="oc-ce">
         <name>.text:TimerIntEnable</name>
         <load_address>0x4f54</load_address>
         <run_address>0x4f54</run_address>
         <size>0x8</size>
         <input_file_ref idref="fl-13"/>
      </object_component>
      <object_component id="oc-12b">
         <name>.text:UARTIntEnable</name>
         <load_address>0x4f5c</load_address>
         <run_address>0x4f5c</run_address>
         <size>0x8</size>
         <input_file_ref idref="fl-12"/>
      </object_component>
      <object_component id="oc-1e4">
         <name>.text:GPIOPinRead</name>
         <load_address>0x4f64</load_address>
         <run_address>0x4f64</run_address>
         <size>0x6</size>
         <input_file_ref idref="fl-17"/>
      </object_component>
      <object_component id="oc-15e">
         <name>.text:GPIOPinWrite</name>
         <load_address>0x4f6a</load_address>
         <run_address>0x4f6a</run_address>
         <size>0x6</size>
         <input_file_ref idref="fl-17"/>
      </object_component>
      <object_component id="oc-25e">
         <name>.text:SysCtlDelay</name>
         <load_address>0x4f70</load_address>
         <run_address>0x4f70</run_address>
         <size>0x6</size>
         <input_file_ref idref="fl-15"/>
      </object_component>
      <object_component id="oc-125">
         <name>.text:UARTFIFOLevelSet</name>
         <load_address>0x4f76</load_address>
         <run_address>0x4f76</run_address>
         <size>0x6</size>
         <input_file_ref idref="fl-12"/>
      </object_component>
      <object_component id="oc-da">
         <name>.text:TimerIntClear</name>
         <load_address>0x4f7c</load_address>
         <run_address>0x4f7c</run_address>
         <size>0x4</size>
         <input_file_ref idref="fl-13"/>
      </object_component>
      <object_component id="oc-10d">
         <name>.text:UARTIntClear</name>
         <load_address>0x4f80</load_address>
         <run_address>0x4f80</run_address>
         <size>0x4</size>
         <input_file_ref idref="fl-12"/>
      </object_component>
      <object_component id="oc-75">
         <name>.text</name>
         <load_address>0x4f84</load_address>
         <run_address>0x4f84</run_address>
         <size>0x4</size>
         <input_file_ref idref="fl-db"/>
      </object_component>
      <object_component id="oc-20c">
         <name>.const:.string:_ctypes_</name>
         <load_address>0x4f88</load_address>
         <run_address>0x4f88</run_address>
         <size>0x101</size>
         <input_file_ref idref="fl-d4"/>
      </object_component>
      <object_component id="oc-1dd">
         <name>.const:g_pui32Regs</name>
         <load_address>0x508c</load_address>
         <run_address>0x508c</run_address>
         <size>0x9c</size>
         <input_file_ref idref="fl-16"/>
      </object_component>
      <object_component id="oc-2fe">
         <name>.const:$O1$$</name>
         <load_address>0x5128</load_address>
         <run_address>0x5128</run_address>
         <size>0x98</size>
         <input_file_ref idref="fl-dd"/>
      </object_component>
      <object_component id="oc-214">
         <name>.const:g_pui32GPIOBaseAddrs</name>
         <load_address>0x51c0</load_address>
         <run_address>0x51c0</run_address>
         <size>0x90</size>
         <input_file_ref idref="fl-17"/>
      </object_component>
      <object_component id="oc-1d8">
         <name>.const</name>
         <load_address>0x5250</load_address>
         <run_address>0x5250</run_address>
         <size>0x70</size>
         <input_file_ref idref="fl-16"/>
      </object_component>
      <object_component id="oc-1ba">
         <name>.const:g_pui32Xtals</name>
         <load_address>0x52c0</load_address>
         <run_address>0x52c0</run_address>
         <size>0x6c</size>
         <input_file_ref idref="fl-15"/>
      </object_component>
      <object_component id="oc-334">
         <name>.cinit..data.load</name>
         <load_address>0x5330</load_address>
         <run_address>0x5330</run_address>
         <size>0x18</size>
      </object_component>
      <object_component id="oc-332">
         <name>__TI_handler_table</name>
         <load_address>0x5348</load_address>
         <run_address>0x5348</run_address>
         <size>0xc</size>
      </object_component>
      <object_component id="oc-335">
         <name>.cinit..bss.load</name>
         <load_address>0x5358</load_address>
         <run_address>0x5358</run_address>
         <size>0x8</size>
      </object_component>
      <object_component id="oc-333">
         <name>__TI_cinit_table</name>
         <load_address>0x5360</load_address>
         <run_address>0x5360</run_address>
         <size>0x10</size>
      </object_component>
      <object_component id="oc-266">
         <name>.data:samEnableRead</name>
         <load_address>0x2000051a</load_address>
         <run_address>0x2000051a</run_address>
         <size>0x18</size>
         <input_file_ref idref="fl-2"/>
      </object_component>
      <object_component id="oc-270">
         <name>.data</name>
         <load_address>0x20000532</load_address>
         <run_address>0x20000532</run_address>
         <size>0x1</size>
         <input_file_ref idref="fl-3"/>
      </object_component>
      <object_component id="oc-f8">
         <name>.data</name>
         <load_address>0x20000500</load_address>
         <run_address>0x20000500</run_address>
         <size>0x1a</size>
         <input_file_ref idref="fl-8"/>
      </object_component>
      <object_component id="oc-1af">
         <name>.data:$O1$$</name>
         <load_address>0x20000534</load_address>
         <run_address>0x20000534</run_address>
         <size>0xc</size>
         <input_file_ref idref="fl-d5"/>
      </object_component>
      <object_component id="oc-8d">
         <name>.data</name>
         <load_address>0x2000054c</load_address>
         <run_address>0x2000054c</run_address>
         <size>0x4</size>
         <input_file_ref idref="fl-dc"/>
      </object_component>
      <object_component id="oc-1b2">
         <name>.data:$O1$$</name>
         <load_address>0x20000540</load_address>
         <run_address>0x20000540</run_address>
         <size>0x8</size>
         <input_file_ref idref="fl-de"/>
      </object_component>
      <object_component id="oc-301">
         <name>.data</name>
         <load_address>0x20000548</load_address>
         <run_address>0x20000548</run_address>
         <size>0x4</size>
         <input_file_ref idref="fl-e2"/>
      </object_component>
      <object_component id="oc-265">
         <name>.common:sam1</name>
         <uninitialized>true</uninitialized>
         <run_address>0x200002e0</run_address>
         <size>0x10</size>
      </object_component>
      <object_component id="oc-16d">
         <name>.common:samPosition12</name>
         <uninitialized>true</uninitialized>
         <run_address>0x200001c4</run_address>
         <size>0x60</size>
      </object_component>
      <object_component id="oc-171">
         <name>.common:samAverageTorq</name>
         <uninitialized>true</uninitialized>
         <run_address>0x20000164</run_address>
         <size>0x60</size>
      </object_component>
      <object_component id="oc-16c">
         <name>.common:samPosition8</name>
         <uninitialized>true</uninitialized>
         <run_address>0x200002c5</run_address>
         <size>0x18</size>
      </object_component>
      <object_component id="oc-16a">
         <name>.common:samLoad8</name>
         <uninitialized>true</uninitialized>
         <run_address>0x20000295</run_address>
         <size>0x18</size>
      </object_component>
      <object_component id="oc-173">
         <name>.common:samDataAvail</name>
         <uninitialized>true</uninitialized>
         <run_address>0x20000265</run_address>
         <size>0x18</size>
      </object_component>
      <object_component id="oc-16e">
         <name>.common:samP</name>
         <uninitialized>true</uninitialized>
         <run_address>0x200002ad</run_address>
         <size>0x18</size>
      </object_component>
      <object_component id="oc-170">
         <name>.common:samI</name>
         <uninitialized>true</uninitialized>
         <run_address>0x2000027d</run_address>
         <size>0x18</size>
      </object_component>
      <object_component id="oc-16f">
         <name>.common:samD</name>
         <uninitialized>true</uninitialized>
         <run_address>0x2000024d</run_address>
         <size>0x18</size>
      </object_component>
      <object_component id="oc-f2">
         <name>.common:samReadBusy</name>
         <uninitialized>true</uninitialized>
         <run_address>0x200002de</run_address>
         <size>0x1</size>
      </object_component>
      <object_component id="oc-172">
         <name>.common:samReadMode</name>
         <uninitialized>true</uninitialized>
         <run_address>0x200002ff</run_address>
         <size>0x1</size>
      </object_component>
      <object_component id="oc-16b">
         <name>.common:samReadCurrentID_C7</name>
         <uninitialized>true</uninitialized>
         <run_address>0x200002fe</run_address>
         <size>0x1</size>
      </object_component>
      <object_component id="oc-174">
         <name>.common:samReadCurrentID_C6</name>
         <uninitialized>true</uninitialized>
         <run_address>0x200002fd</run_address>
         <size>0x1</size>
      </object_component>
      <object_component id="oc-177">
         <name>.common:samReadCurrentID_C4</name>
         <uninitialized>true</uninitialized>
         <run_address>0x200002fc</run_address>
         <size>0x1</size>
      </object_component>
      <object_component id="oc-178">
         <name>.common:samReadCurrentID_C3</name>
         <uninitialized>true</uninitialized>
         <run_address>0x200002fb</run_address>
         <size>0x1</size>
      </object_component>
      <object_component id="oc-176">
         <name>.common:samReadCurrentID_C2</name>
         <uninitialized>true</uninitialized>
         <run_address>0x200002fa</run_address>
         <size>0x1</size>
      </object_component>
      <object_component id="oc-175">
         <name>.common:samReadCurrentID_C1</name>
         <uninitialized>true</uninitialized>
         <run_address>0x200002df</run_address>
         <size>0x1</size>
      </object_component>
      <object_component id="oc-ef">
         <name>.common:FlagTimer</name>
         <uninitialized>true</uninitialized>
         <run_address>0x200002dd</run_address>
         <size>0x1</size>
      </object_component>
      <object_component id="oc-f5">
         <name>.common:toggle_led</name>
         <uninitialized>true</uninitialized>
         <run_address>0x200002f6</run_address>
         <size>0x4</size>
      </object_component>
      <object_component id="oc-17b">
         <name>.common:serialPC</name>
         <uninitialized>true</uninitialized>
         <run_address>0x20000000</run_address>
         <size>0xcc</size>
      </object_component>
      <object_component id="oc-269">
         <name>.common:dataSendBuffer</name>
         <uninitialized>true</uninitialized>
         <run_address>0x200000cc</run_address>
         <size>0x98</size>
      </object_component>
      <object_component id="oc-ec">
         <name>.common:SysTick_Int_Count</name>
         <uninitialized>true</uninitialized>
         <run_address>0x200002f0</run_address>
         <size>0x6</size>
      </object_component>
      <object_component id="oc-13d">
         <name>.common:Uart</name>
         <uninitialized>true</uninitialized>
         <run_address>0x20000224</run_address>
         <size>0x29</size>
      </object_component>
      <object_component id="oc-2a">
         <name>.stack</name>
         <uninitialized>true</uninitialized>
         <run_address>0x20000300</run_address>
         <size>0x0</size>
         <input_file_ref idref="fl-d0"/>
      </object_component>
      <object_component id="oc-336">
         <name>.stack</name>
         <uninitialized>true</uninitialized>
         <run_address>0x20000300</run_address>
         <size>0x0</size>
      </object_component>
      <object_component id="oc-f3">
         <name>.debug_info</name>
         <load_address>0x0</load_address>
         <run_address>0x0</run_address>
         <size>0x440</size>
         <input_file_ref idref="fl-2"/>
      </object_component>
      <object_component id="oc-267">
         <name>.debug_info</name>
         <load_address>0x440</load_address>
         <run_address>0x440</run_address>
         <size>0xf0</size>
         <input_file_ref idref="fl-2"/>
      </object_component>
      <object_component id="oc-260">
         <name>.debug_info</name>
         <load_address>0x530</load_address>
         <run_address>0x530</run_address>
         <size>0xab8</size>
         <input_file_ref idref="fl-2"/>
      </object_component>
      <object_component id="oc-1f8">
         <name>.debug_info</name>
         <load_address>0xfe8</load_address>
         <run_address>0xfe8</run_address>
         <size>0xea</size>
         <input_file_ref idref="fl-2"/>
      </object_component>
      <object_component id="oc-2ac">
         <name>.debug_info</name>
         <load_address>0x10d2</load_address>
         <run_address>0x10d2</run_address>
         <size>0x86</size>
         <input_file_ref idref="fl-2"/>
      </object_component>
      <object_component id="oc-52">
         <name>.debug_info</name>
         <load_address>0x1158</load_address>
         <run_address>0x1158</run_address>
         <size>0x84</size>
         <input_file_ref idref="fl-2"/>
      </object_component>
      <object_component id="oc-fc">
         <name>.debug_info</name>
         <load_address>0x11dc</load_address>
         <run_address>0x11dc</run_address>
         <size>0x18b</size>
         <input_file_ref idref="fl-2"/>
      </object_component>
      <object_component id="oc-f0">
         <name>.debug_info</name>
         <load_address>0x1367</load_address>
         <run_address>0x1367</run_address>
         <size>0xb86</size>
         <input_file_ref idref="fl-3"/>
      </object_component>
      <object_component id="oc-271">
         <name>.debug_info</name>
         <load_address>0x1eed</load_address>
         <run_address>0x1eed</run_address>
         <size>0xfd</size>
         <input_file_ref idref="fl-3"/>
      </object_component>
      <object_component id="oc-1a8">
         <name>.debug_info</name>
         <load_address>0x1fea</load_address>
         <run_address>0x1fea</run_address>
         <size>0x1aea</size>
         <input_file_ref idref="fl-3"/>
      </object_component>
      <object_component id="oc-1fd">
         <name>.debug_info</name>
         <load_address>0x3ad4</load_address>
         <run_address>0x3ad4</run_address>
         <size>0x9a</size>
         <input_file_ref idref="fl-3"/>
      </object_component>
      <object_component id="oc-1ee">
         <name>.debug_info</name>
         <load_address>0x3b6e</load_address>
         <run_address>0x3b6e</run_address>
         <size>0xc3</size>
         <input_file_ref idref="fl-3"/>
      </object_component>
      <object_component id="oc-202">
         <name>.debug_info</name>
         <load_address>0x3c31</load_address>
         <run_address>0x3c31</run_address>
         <size>0x3f</size>
         <input_file_ref idref="fl-3"/>
      </object_component>
      <object_component id="oc-233">
         <name>.debug_info</name>
         <load_address>0x3c70</load_address>
         <run_address>0x3c70</run_address>
         <size>0x5e</size>
         <input_file_ref idref="fl-3"/>
      </object_component>
      <object_component id="oc-238">
         <name>.debug_info</name>
         <load_address>0x3cce</load_address>
         <run_address>0x3cce</run_address>
         <size>0x88</size>
         <input_file_ref idref="fl-3"/>
      </object_component>
      <object_component id="oc-141">
         <name>.debug_info</name>
         <load_address>0x3d56</load_address>
         <run_address>0x3d56</run_address>
         <size>0x8b</size>
         <input_file_ref idref="fl-4"/>
      </object_component>
      <object_component id="oc-f6">
         <name>.debug_info</name>
         <load_address>0x3de1</load_address>
         <run_address>0x3de1</run_address>
         <size>0x232</size>
         <input_file_ref idref="fl-5"/>
      </object_component>
      <object_component id="oc-e1">
         <name>.debug_info</name>
         <load_address>0x4013</load_address>
         <run_address>0x4013</run_address>
         <size>0x382</size>
         <input_file_ref idref="fl-5"/>
      </object_component>
      <object_component id="oc-17a">
         <name>.debug_info</name>
         <load_address>0x4395</load_address>
         <run_address>0x4395</run_address>
         <size>0x756</size>
         <input_file_ref idref="fl-6"/>
      </object_component>
      <object_component id="oc-3e">
         <name>.debug_info</name>
         <load_address>0x4aeb</load_address>
         <run_address>0x4aeb</run_address>
         <size>0x13e6</size>
         <input_file_ref idref="fl-6"/>
      </object_component>
      <object_component id="oc-17c">
         <name>.debug_info</name>
         <load_address>0x5ed1</load_address>
         <run_address>0x5ed1</run_address>
         <size>0x47e</size>
         <input_file_ref idref="fl-7"/>
      </object_component>
      <object_component id="oc-44">
         <name>.debug_info</name>
         <load_address>0x634f</load_address>
         <run_address>0x634f</run_address>
         <size>0xb88</size>
         <input_file_ref idref="fl-7"/>
      </object_component>
      <object_component id="oc-ed">
         <name>.debug_info</name>
         <load_address>0x6ed7</load_address>
         <run_address>0x6ed7</run_address>
         <size>0x43b</size>
         <input_file_ref idref="fl-8"/>
      </object_component>
      <object_component id="oc-f9">
         <name>.debug_info</name>
         <load_address>0x7312</load_address>
         <run_address>0x7312</run_address>
         <size>0x263</size>
         <input_file_ref idref="fl-8"/>
      </object_component>
      <object_component id="oc-32">
         <name>.debug_info</name>
         <load_address>0x7575</load_address>
         <run_address>0x7575</run_address>
         <size>0x5e0</size>
         <input_file_ref idref="fl-8"/>
      </object_component>
      <object_component id="oc-1f2">
         <name>.debug_info</name>
         <load_address>0x7b55</load_address>
         <run_address>0x7b55</run_address>
         <size>0x10f</size>
         <input_file_ref idref="fl-8"/>
      </object_component>
      <object_component id="oc-2d3">
         <name>.debug_info</name>
         <load_address>0x7c64</load_address>
         <run_address>0x7c64</run_address>
         <size>0x188</size>
         <input_file_ref idref="fl-9"/>
      </object_component>
      <object_component id="oc-26b">
         <name>.debug_info</name>
         <load_address>0x7dec</load_address>
         <run_address>0x7dec</run_address>
         <size>0x5bf</size>
         <input_file_ref idref="fl-9"/>
      </object_component>
      <object_component id="oc-13e">
         <name>.debug_info</name>
         <load_address>0x83ab</load_address>
         <run_address>0x83ab</run_address>
         <size>0x525</size>
         <input_file_ref idref="fl-b"/>
      </object_component>
      <object_component id="oc-38">
         <name>.debug_info</name>
         <load_address>0x88d0</load_address>
         <run_address>0x88d0</run_address>
         <size>0x9e8</size>
         <input_file_ref idref="fl-b"/>
      </object_component>
      <object_component id="oc-4b">
         <name>.debug_info</name>
         <load_address>0x92b8</load_address>
         <run_address>0x92b8</run_address>
         <size>0x372</size>
         <input_file_ref idref="fl-c"/>
      </object_component>
      <object_component id="oc-10">
         <name>.debug_info</name>
         <load_address>0x962a</load_address>
         <run_address>0x962a</run_address>
         <size>0x103</size>
         <input_file_ref idref="fl-c"/>
      </object_component>
      <object_component id="oc-2c">
         <name>.debug_info</name>
         <load_address>0x972d</load_address>
         <run_address>0x972d</run_address>
         <size>0x280</size>
         <input_file_ref idref="fl-c"/>
      </object_component>
      <object_component id="oc-212">
         <name>.debug_info</name>
         <load_address>0x99ad</load_address>
         <run_address>0x99ad</run_address>
         <size>0x1ce</size>
         <input_file_ref idref="fl-12"/>
      </object_component>
      <object_component id="oc-153">
         <name>.debug_info</name>
         <load_address>0x9b7b</load_address>
         <run_address>0x9b7b</run_address>
         <size>0x1e9</size>
         <input_file_ref idref="fl-12"/>
      </object_component>
      <object_component id="oc-108">
         <name>.debug_info</name>
         <load_address>0x9d64</load_address>
         <run_address>0x9d64</run_address>
         <size>0x1e3</size>
         <input_file_ref idref="fl-12"/>
      </object_component>
      <object_component id="oc-12c">
         <name>.debug_info</name>
         <load_address>0x9f47</load_address>
         <run_address>0x9f47</run_address>
         <size>0x1f3</size>
         <input_file_ref idref="fl-12"/>
      </object_component>
      <object_component id="oc-10e">
         <name>.debug_info</name>
         <load_address>0xa13a</load_address>
         <run_address>0xa13a</run_address>
         <size>0x1f1</size>
         <input_file_ref idref="fl-12"/>
      </object_component>
      <object_component id="oc-126">
         <name>.debug_info</name>
         <load_address>0xa32b</load_address>
         <run_address>0xa32b</run_address>
         <size>0x233</size>
         <input_file_ref idref="fl-12"/>
      </object_component>
      <object_component id="oc-14d">
         <name>.debug_info</name>
         <load_address>0xa55e</load_address>
         <run_address>0xa55e</run_address>
         <size>0x1b3</size>
         <input_file_ref idref="fl-12"/>
      </object_component>
      <object_component id="oc-147">
         <name>.debug_info</name>
         <load_address>0xa711</load_address>
         <run_address>0xa711</run_address>
         <size>0x1ab</size>
         <input_file_ref idref="fl-12"/>
      </object_component>
      <object_component id="oc-227">
         <name>.debug_info</name>
         <load_address>0xa8bc</load_address>
         <run_address>0xa8bc</run_address>
         <size>0x233</size>
         <input_file_ref idref="fl-12"/>
      </object_component>
      <object_component id="oc-120">
         <name>.debug_info</name>
         <load_address>0xaaef</load_address>
         <run_address>0xaaef</run_address>
         <size>0x28a</size>
         <input_file_ref idref="fl-12"/>
      </object_component>
      <object_component id="oc-165">
         <name>.debug_info</name>
         <load_address>0xad79</load_address>
         <run_address>0xad79</run_address>
         <size>0x1b7</size>
         <input_file_ref idref="fl-12"/>
      </object_component>
      <object_component id="oc-132">
         <name>.debug_info</name>
         <load_address>0xaf30</load_address>
         <run_address>0xaf30</run_address>
         <size>0x25d</size>
         <input_file_ref idref="fl-12"/>
      </object_component>
      <object_component id="oc-138">
         <name>.debug_info</name>
         <load_address>0xb18d</load_address>
         <run_address>0xb18d</run_address>
         <size>0x237</size>
         <input_file_ref idref="fl-12"/>
      </object_component>
      <object_component id="oc-1d3">
         <name>.debug_info</name>
         <load_address>0xb3c4</load_address>
         <run_address>0xb3c4</run_address>
         <size>0x90</size>
         <input_file_ref idref="fl-12"/>
      </object_component>
      <object_component id="oc-1be">
         <name>.debug_info</name>
         <load_address>0xb454</load_address>
         <run_address>0xb454</run_address>
         <size>0x18b</size>
         <input_file_ref idref="fl-12"/>
      </object_component>
      <object_component id="oc-1ca">
         <name>.debug_info</name>
         <load_address>0xb5df</load_address>
         <run_address>0xb5df</run_address>
         <size>0x1cf</size>
         <input_file_ref idref="fl-13"/>
      </object_component>
      <object_component id="oc-e7">
         <name>.debug_info</name>
         <load_address>0xb7ae</load_address>
         <run_address>0xb7ae</run_address>
         <size>0x1ee</size>
         <input_file_ref idref="fl-13"/>
      </object_component>
      <object_component id="oc-b8">
         <name>.debug_info</name>
         <load_address>0xb99c</load_address>
         <run_address>0xb99c</run_address>
         <size>0x21e</size>
         <input_file_ref idref="fl-13"/>
      </object_component>
      <object_component id="oc-d0">
         <name>.debug_info</name>
         <load_address>0xbbba</load_address>
         <run_address>0xbbba</run_address>
         <size>0x1f8</size>
         <input_file_ref idref="fl-13"/>
      </object_component>
      <object_component id="oc-dc">
         <name>.debug_info</name>
         <load_address>0xbdb2</load_address>
         <run_address>0xbdb2</run_address>
         <size>0x1f6</size>
         <input_file_ref idref="fl-13"/>
      </object_component>
      <object_component id="oc-d6">
         <name>.debug_info</name>
         <load_address>0xbfa8</load_address>
         <run_address>0xbfa8</run_address>
         <size>0x1e3</size>
         <input_file_ref idref="fl-13"/>
      </object_component>
      <object_component id="oc-b4">
         <name>.debug_info</name>
         <load_address>0xc18b</load_address>
         <run_address>0xc18b</run_address>
         <size>0x1f0</size>
         <input_file_ref idref="fl-13"/>
      </object_component>
      <object_component id="oc-1c4">
         <name>.debug_info</name>
         <load_address>0xc37b</load_address>
         <run_address>0xc37b</run_address>
         <size>0x144</size>
         <input_file_ref idref="fl-14"/>
      </object_component>
      <object_component id="oc-99">
         <name>.debug_info</name>
         <load_address>0xc4bf</load_address>
         <run_address>0xc4bf</run_address>
         <size>0x1c5</size>
         <input_file_ref idref="fl-14"/>
      </object_component>
      <object_component id="oc-9f">
         <name>.debug_info</name>
         <load_address>0xc684</load_address>
         <run_address>0xc684</run_address>
         <size>0x18b</size>
         <input_file_ref idref="fl-14"/>
      </object_component>
      <object_component id="oc-a5">
         <name>.debug_info</name>
         <load_address>0xc80f</load_address>
         <run_address>0xc80f</run_address>
         <size>0x185</size>
         <input_file_ref idref="fl-14"/>
      </object_component>
      <object_component id="oc-1c8">
         <name>.debug_info</name>
         <load_address>0xc994</load_address>
         <run_address>0xc994</run_address>
         <size>0x226</size>
         <input_file_ref idref="fl-15"/>
      </object_component>
      <object_component id="oc-1bb">
         <name>.debug_info</name>
         <load_address>0xcbba</load_address>
         <run_address>0xcbba</run_address>
         <size>0xff</size>
         <input_file_ref idref="fl-15"/>
      </object_component>
      <object_component id="oc-ab">
         <name>.debug_info</name>
         <load_address>0xccb9</load_address>
         <run_address>0xccb9</run_address>
         <size>0x1e1</size>
         <input_file_ref idref="fl-15"/>
      </object_component>
      <object_component id="oc-259">
         <name>.debug_info</name>
         <load_address>0xce9a</load_address>
         <run_address>0xce9a</run_address>
         <size>0x363</size>
         <input_file_ref idref="fl-15"/>
      </object_component>
      <object_component id="oc-93">
         <name>.debug_info</name>
         <load_address>0xd1fd</load_address>
         <run_address>0xd1fd</run_address>
         <size>0x219</size>
         <input_file_ref idref="fl-15"/>
      </object_component>
      <object_component id="oc-28f">
         <name>.debug_info</name>
         <load_address>0xd416</load_address>
         <run_address>0xd416</run_address>
         <size>0x5f</size>
         <input_file_ref idref="fl-15"/>
      </object_component>
      <object_component id="oc-1dc">
         <name>.debug_info</name>
         <load_address>0xd475</load_address>
         <run_address>0xd475</run_address>
         <size>0x1ba</size>
         <input_file_ref idref="fl-16"/>
      </object_component>
      <object_component id="oc-1d9">
         <name>.debug_info</name>
         <load_address>0xd62f</load_address>
         <run_address>0xd62f</run_address>
         <size>0x1c2</size>
         <input_file_ref idref="fl-16"/>
      </object_component>
      <object_component id="oc-1de">
         <name>.debug_info</name>
         <load_address>0xd7f1</load_address>
         <run_address>0xd7f1</run_address>
         <size>0x100</size>
         <input_file_ref idref="fl-16"/>
      </object_component>
      <object_component id="oc-c9">
         <name>.debug_info</name>
         <load_address>0xd8f1</load_address>
         <run_address>0xd8f1</run_address>
         <size>0x22d</size>
         <input_file_ref idref="fl-16"/>
      </object_component>
      <object_component id="oc-bd">
         <name>.debug_info</name>
         <load_address>0xdb1e</load_address>
         <run_address>0xdb1e</run_address>
         <size>0x1a2</size>
         <input_file_ref idref="fl-16"/>
      </object_component>
      <object_component id="oc-c3">
         <name>.debug_info</name>
         <load_address>0xdcc0</load_address>
         <run_address>0xdcc0</run_address>
         <size>0x1cc</size>
         <input_file_ref idref="fl-16"/>
      </object_component>
      <object_component id="oc-218">
         <name>.debug_info</name>
         <load_address>0xde8c</load_address>
         <run_address>0xde8c</run_address>
         <size>0x1d7</size>
         <input_file_ref idref="fl-17"/>
      </object_component>
      <object_component id="oc-215">
         <name>.debug_info</name>
         <load_address>0xe063</load_address>
         <run_address>0xe063</run_address>
         <size>0x10d</size>
         <input_file_ref idref="fl-17"/>
      </object_component>
      <object_component id="oc-15f">
         <name>.debug_info</name>
         <load_address>0xe170</load_address>
         <run_address>0xe170</run_address>
         <size>0x207</size>
         <input_file_ref idref="fl-17"/>
      </object_component>
      <object_component id="oc-21a">
         <name>.debug_info</name>
         <load_address>0xe377</load_address>
         <run_address>0xe377</run_address>
         <size>0x217</size>
         <input_file_ref idref="fl-17"/>
      </object_component>
      <object_component id="oc-220">
         <name>.debug_info</name>
         <load_address>0xe58e</load_address>
         <run_address>0xe58e</run_address>
         <size>0x312</size>
         <input_file_ref idref="fl-17"/>
      </object_component>
      <object_component id="oc-11a">
         <name>.debug_info</name>
         <load_address>0xe8a0</load_address>
         <run_address>0xe8a0</run_address>
         <size>0x1df</size>
         <input_file_ref idref="fl-17"/>
      </object_component>
      <object_component id="oc-159">
         <name>.debug_info</name>
         <load_address>0xea7f</load_address>
         <run_address>0xea7f</run_address>
         <size>0x1eb</size>
         <input_file_ref idref="fl-17"/>
      </object_component>
      <object_component id="oc-1e5">
         <name>.debug_info</name>
         <load_address>0xec6a</load_address>
         <run_address>0xec6a</run_address>
         <size>0x1df</size>
         <input_file_ref idref="fl-17"/>
      </object_component>
      <object_component id="oc-114">
         <name>.debug_info</name>
         <load_address>0xee49</load_address>
         <run_address>0xee49</run_address>
         <size>0x1e4</size>
         <input_file_ref idref="fl-17"/>
      </object_component>
      <object_component id="oc-1cd">
         <name>.debug_info</name>
         <load_address>0xf02d</load_address>
         <run_address>0xf02d</run_address>
         <size>0x176</size>
         <input_file_ref idref="fl-18"/>
      </object_component>
      <object_component id="oc-2e4">
         <name>.debug_info</name>
         <load_address>0xf1a3</load_address>
         <run_address>0xf1a3</run_address>
         <size>0x116</size>
         <input_file_ref idref="fl-ce"/>
      </object_component>
      <object_component id="oc-2c8">
         <name>.debug_info</name>
         <load_address>0xf2b9</load_address>
         <run_address>0xf2b9</run_address>
         <size>0x13e</size>
         <input_file_ref idref="fl-ce"/>
      </object_component>
      <object_component id="oc-210">
         <name>.debug_info</name>
         <load_address>0xf3f7</load_address>
         <run_address>0xf3f7</run_address>
         <size>0x114</size>
         <input_file_ref idref="fl-cf"/>
      </object_component>
      <object_component id="oc-102">
         <name>.debug_info</name>
         <load_address>0xf50b</load_address>
         <run_address>0xf50b</run_address>
         <size>0x171</size>
         <input_file_ref idref="fl-cf"/>
      </object_component>
      <object_component id="oc-25">
         <name>.debug_info</name>
         <load_address>0xf67c</load_address>
         <run_address>0xf67c</run_address>
         <size>0x160</size>
         <input_file_ref idref="fl-d0"/>
      </object_component>
      <object_component id="oc-186">
         <name>.debug_info</name>
         <load_address>0xf7dc</load_address>
         <run_address>0xf7dc</run_address>
         <size>0xf9</size>
         <input_file_ref idref="fl-d1"/>
      </object_component>
      <object_component id="oc-13">
         <name>.debug_info</name>
         <load_address>0xf8d5</load_address>
         <run_address>0xf8d5</run_address>
         <size>0x245</size>
         <input_file_ref idref="fl-d1"/>
      </object_component>
      <object_component id="oc-4d">
         <name>.debug_info</name>
         <load_address>0xfb1a</load_address>
         <run_address>0xfb1a</run_address>
         <size>0x60</size>
         <input_file_ref idref="fl-d1"/>
      </object_component>
      <object_component id="oc-181">
         <name>.debug_info</name>
         <load_address>0xfb7a</load_address>
         <run_address>0xfb7a</run_address>
         <size>0x46</size>
         <input_file_ref idref="fl-d1"/>
      </object_component>
      <object_component id="oc-62">
         <name>.debug_info</name>
         <load_address>0xfbc0</load_address>
         <run_address>0xfbc0</run_address>
         <size>0x140</size>
         <input_file_ref idref="fl-d2"/>
      </object_component>
      <object_component id="oc-19">
         <name>.debug_info</name>
         <load_address>0xfd00</load_address>
         <run_address>0xfd00</run_address>
         <size>0x1df</size>
         <input_file_ref idref="fl-d2"/>
      </object_component>
      <object_component id="oc-5d">
         <name>.debug_info</name>
         <load_address>0xfedf</load_address>
         <run_address>0xfedf</run_address>
         <size>0x46</size>
         <input_file_ref idref="fl-d2"/>
      </object_component>
      <object_component id="oc-188">
         <name>.debug_info</name>
         <load_address>0xff25</load_address>
         <run_address>0xff25</run_address>
         <size>0x2c</size>
         <input_file_ref idref="fl-d2"/>
      </object_component>
      <object_component id="oc-6e">
         <name>.debug_info</name>
         <load_address>0xff51</load_address>
         <run_address>0xff51</run_address>
         <size>0x12f</size>
         <input_file_ref idref="fl-d3"/>
      </object_component>
      <object_component id="oc-1f">
         <name>.debug_info</name>
         <load_address>0x10080</load_address>
         <run_address>0x10080</run_address>
         <size>0x1aa</size>
         <input_file_ref idref="fl-d3"/>
      </object_component>
      <object_component id="oc-69">
         <name>.debug_info</name>
         <load_address>0x1022a</load_address>
         <run_address>0x1022a</run_address>
         <size>0x46</size>
         <input_file_ref idref="fl-d3"/>
      </object_component>
      <object_component id="oc-190">
         <name>.debug_info</name>
         <load_address>0x10270</load_address>
         <run_address>0x10270</run_address>
         <size>0x2c</size>
         <input_file_ref idref="fl-d3"/>
      </object_component>
      <object_component id="oc-2a0">
         <name>.debug_info</name>
         <load_address>0x1029c</load_address>
         <run_address>0x1029c</run_address>
         <size>0xee</size>
         <input_file_ref idref="fl-d4"/>
      </object_component>
      <object_component id="oc-20d">
         <name>.debug_info</name>
         <load_address>0x1038a</load_address>
         <run_address>0x1038a</run_address>
         <size>0xfa</size>
         <input_file_ref idref="fl-d4"/>
      </object_component>
      <object_component id="oc-1b6">
         <name>.debug_info</name>
         <load_address>0x10484</load_address>
         <run_address>0x10484</run_address>
         <size>0x234</size>
         <input_file_ref idref="fl-d5"/>
      </object_component>
      <object_component id="oc-1b0">
         <name>.debug_info</name>
         <load_address>0x106b8</load_address>
         <run_address>0x106b8</run_address>
         <size>0x185</size>
         <input_file_ref idref="fl-d5"/>
      </object_component>
      <object_component id="oc-88">
         <name>.debug_info</name>
         <load_address>0x1083d</load_address>
         <run_address>0x1083d</run_address>
         <size>0x214</size>
         <input_file_ref idref="fl-d5"/>
      </object_component>
      <object_component id="oc-2ce">
         <name>.debug_info</name>
         <load_address>0x10a51</load_address>
         <run_address>0x10a51</run_address>
         <size>0x136</size>
         <input_file_ref idref="fl-d6"/>
      </object_component>
      <object_component id="oc-2dc">
         <name>.debug_info</name>
         <load_address>0x10b87</load_address>
         <run_address>0x10b87</run_address>
         <size>0x111</size>
         <input_file_ref idref="fl-d7"/>
      </object_component>
      <object_component id="oc-2c2">
         <name>.debug_info</name>
         <load_address>0x10c98</load_address>
         <run_address>0x10c98</run_address>
         <size>0x149</size>
         <input_file_ref idref="fl-d7"/>
      </object_component>
      <object_component id="oc-58">
         <name>.debug_info</name>
         <load_address>0x10de1</load_address>
         <run_address>0x10de1</run_address>
         <size>0x111</size>
         <input_file_ref idref="fl-d8"/>
      </object_component>
      <object_component id="oc-64">
         <name>.debug_info</name>
         <load_address>0x10ef2</load_address>
         <run_address>0x10ef2</run_address>
         <size>0x13f</size>
         <input_file_ref idref="fl-d9"/>
      </object_component>
      <object_component id="oc-70">
         <name>.debug_info</name>
         <load_address>0x11031</load_address>
         <run_address>0x11031</run_address>
         <size>0x138</size>
         <input_file_ref idref="fl-da"/>
      </object_component>
      <object_component id="oc-76">
         <name>.debug_info</name>
         <load_address>0x11169</load_address>
         <run_address>0x11169</run_address>
         <size>0x148</size>
         <input_file_ref idref="fl-db"/>
      </object_component>
      <object_component id="oc-8e">
         <name>.debug_info</name>
         <load_address>0x112b1</load_address>
         <run_address>0x112b1</run_address>
         <size>0x109</size>
         <input_file_ref idref="fl-dc"/>
      </object_component>
      <object_component id="oc-305">
         <name>.debug_info</name>
         <load_address>0x113ba</load_address>
         <run_address>0x113ba</run_address>
         <size>0x25d</size>
         <input_file_ref idref="fl-dd"/>
      </object_component>
      <object_component id="oc-2ff">
         <name>.debug_info</name>
         <load_address>0x11617</load_address>
         <run_address>0x11617</run_address>
         <size>0x118</size>
         <input_file_ref idref="fl-dd"/>
      </object_component>
      <object_component id="oc-2de">
         <name>.debug_info</name>
         <load_address>0x1172f</load_address>
         <run_address>0x1172f</run_address>
         <size>0x300</size>
         <input_file_ref idref="fl-dd"/>
      </object_component>
      <object_component id="oc-285">
         <name>.debug_info</name>
         <load_address>0x11a2f</load_address>
         <run_address>0x11a2f</run_address>
         <size>0x124</size>
         <input_file_ref idref="fl-de"/>
      </object_component>
      <object_component id="oc-1b3">
         <name>.debug_info</name>
         <load_address>0x11b53</load_address>
         <run_address>0x11b53</run_address>
         <size>0x113</size>
         <input_file_ref idref="fl-de"/>
      </object_component>
      <object_component id="oc-281">
         <name>.debug_info</name>
         <load_address>0x11c66</load_address>
         <run_address>0x11c66</run_address>
         <size>0x21f</size>
         <input_file_ref idref="fl-de"/>
      </object_component>
      <object_component id="oc-1ae">
         <name>.debug_info</name>
         <load_address>0x11e85</load_address>
         <run_address>0x11e85</run_address>
         <size>0x166</size>
         <input_file_ref idref="fl-df"/>
      </object_component>
      <object_component id="oc-82">
         <name>.debug_info</name>
         <load_address>0x11feb</load_address>
         <run_address>0x11feb</run_address>
         <size>0x167</size>
         <input_file_ref idref="fl-df"/>
      </object_component>
      <object_component id="oc-276">
         <name>.debug_info</name>
         <load_address>0x12152</load_address>
         <run_address>0x12152</run_address>
         <size>0x5e</size>
         <input_file_ref idref="fl-df"/>
      </object_component>
      <object_component id="oc-1a6">
         <name>.debug_info</name>
         <load_address>0x121b0</load_address>
         <run_address>0x121b0</run_address>
         <size>0x2e9</size>
         <input_file_ref idref="fl-e0"/>
      </object_component>
      <object_component id="oc-7c">
         <name>.debug_info</name>
         <load_address>0x12499</load_address>
         <run_address>0x12499</run_address>
         <size>0x190</size>
         <input_file_ref idref="fl-e0"/>
      </object_component>
      <object_component id="oc-24e">
         <name>.debug_info</name>
         <load_address>0x12629</load_address>
         <run_address>0x12629</run_address>
         <size>0x39</size>
         <input_file_ref idref="fl-e0"/>
      </object_component>
      <object_component id="oc-2b8">
         <name>.debug_info</name>
         <load_address>0x12662</load_address>
         <run_address>0x12662</run_address>
         <size>0x39</size>
         <input_file_ref idref="fl-e0"/>
      </object_component>
      <object_component id="oc-253">
         <name>.debug_info</name>
         <load_address>0x1269b</load_address>
         <run_address>0x1269b</run_address>
         <size>0xcd</size>
         <input_file_ref idref="fl-e0"/>
      </object_component>
      <object_component id="oc-24a">
         <name>.debug_info</name>
         <load_address>0x12768</load_address>
         <run_address>0x12768</run_address>
         <size>0x1e0</size>
         <input_file_ref idref="fl-e1"/>
      </object_component>
      <object_component id="oc-19a">
         <name>.debug_info</name>
         <load_address>0x12948</load_address>
         <run_address>0x12948</run_address>
         <size>0x183</size>
         <input_file_ref idref="fl-e1"/>
      </object_component>
      <object_component id="oc-2b3">
         <name>.debug_info</name>
         <load_address>0x12acb</load_address>
         <run_address>0x12acb</run_address>
         <size>0x2c</size>
         <input_file_ref idref="fl-e1"/>
      </object_component>
      <object_component id="oc-302">
         <name>.debug_info</name>
         <load_address>0x12af7</load_address>
         <run_address>0x12af7</run_address>
         <size>0xf3</size>
         <input_file_ref idref="fl-e2"/>
      </object_component>
      <object_component id="oc-2f0">
         <name>.debug_info</name>
         <load_address>0x12bea</load_address>
         <run_address>0x12bea</run_address>
         <size>0x144</size>
         <input_file_ref idref="fl-e3"/>
      </object_component>
      <object_component id="oc-2f5">
         <name>.debug_info</name>
         <load_address>0x12d2e</load_address>
         <run_address>0x12d2e</run_address>
         <size>0x120</size>
         <input_file_ref idref="fl-e4"/>
      </object_component>
      <object_component id="oc-2fa">
         <name>.debug_info</name>
         <load_address>0x12e4e</load_address>
         <run_address>0x12e4e</run_address>
         <size>0x132</size>
         <input_file_ref idref="fl-e5"/>
      </object_component>
      <object_component id="oc-2eb">
         <name>.debug_info</name>
         <load_address>0x12f80</load_address>
         <run_address>0x12f80</run_address>
         <size>0x132</size>
         <input_file_ref idref="fl-e6"/>
      </object_component>
      <object_component id="oc-1a0">
         <name>.debug_info</name>
         <load_address>0x130b2</load_address>
         <run_address>0x130b2</run_address>
         <size>0x145</size>
         <input_file_ref idref="fl-e7"/>
      </object_component>
      <object_component id="oc-337">
         <name>.debug_info</name>
         <load_address>0x131f7</load_address>
         <run_address>0x131f7</run_address>
         <size>0xb9</size>
      </object_component>
      <object_component id="oc-207">
         <name>.debug_line</name>
         <load_address>0x0</load_address>
         <run_address>0x0</run_address>
         <size>0xa0</size>
         <input_file_ref idref="fl-2"/>
      </object_component>
      <object_component id="oc-2c0">
         <name>.debug_line</name>
         <load_address>0xa0</load_address>
         <run_address>0xa0</run_address>
         <size>0x2c</size>
         <input_file_ref idref="fl-2"/>
      </object_component>
      <object_component id="oc-263">
         <name>.debug_line</name>
         <load_address>0xcc</load_address>
         <run_address>0xcc</run_address>
         <size>0x362</size>
         <input_file_ref idref="fl-2"/>
      </object_component>
      <object_component id="oc-1fb">
         <name>.debug_line</name>
         <load_address>0x42e</load_address>
         <run_address>0x42e</run_address>
         <size>0x2c</size>
         <input_file_ref idref="fl-2"/>
      </object_component>
      <object_component id="oc-2af">
         <name>.debug_line</name>
         <load_address>0x45a</load_address>
         <run_address>0x45a</run_address>
         <size>0x59</size>
         <input_file_ref idref="fl-2"/>
      </object_component>
      <object_component id="oc-55">
         <name>.debug_line</name>
         <load_address>0x4b3</load_address>
         <run_address>0x4b3</run_address>
         <size>0x20</size>
         <input_file_ref idref="fl-2"/>
      </object_component>
      <object_component id="oc-ff">
         <name>.debug_line</name>
         <load_address>0x4d3</load_address>
         <run_address>0x4d3</run_address>
         <size>0x6e</size>
         <input_file_ref idref="fl-2"/>
      </object_component>
      <object_component id="oc-1f7">
         <name>.debug_line</name>
         <load_address>0x541</load_address>
         <run_address>0x541</run_address>
         <size>0x11f</size>
         <input_file_ref idref="fl-3"/>
      </object_component>
      <object_component id="oc-2d5">
         <name>.debug_line</name>
         <load_address>0x660</load_address>
         <run_address>0x660</run_address>
         <size>0x3a</size>
         <input_file_ref idref="fl-3"/>
      </object_component>
      <object_component id="oc-1ab">
         <name>.debug_line</name>
         <load_address>0x69a</load_address>
         <run_address>0x69a</run_address>
         <size>0x6a2</size>
         <input_file_ref idref="fl-3"/>
      </object_component>
      <object_component id="oc-200">
         <name>.debug_line</name>
         <load_address>0xd3c</load_address>
         <run_address>0xd3c</run_address>
         <size>0x31</size>
         <input_file_ref idref="fl-3"/>
      </object_component>
      <object_component id="oc-1f0">
         <name>.debug_line</name>
         <load_address>0xd6d</load_address>
         <run_address>0xd6d</run_address>
         <size>0x30</size>
         <input_file_ref idref="fl-3"/>
      </object_component>
      <object_component id="oc-204">
         <name>.debug_line</name>
         <load_address>0xd9d</load_address>
         <run_address>0xd9d</run_address>
         <size>0x3a</size>
         <input_file_ref idref="fl-3"/>
      </object_component>
      <object_component id="oc-236">
         <name>.debug_line</name>
         <load_address>0xdd7</load_address>
         <run_address>0xdd7</run_address>
         <size>0x2f</size>
         <input_file_ref idref="fl-3"/>
      </object_component>
      <object_component id="oc-23b">
         <name>.debug_line</name>
         <load_address>0xe06</load_address>
         <run_address>0xe06</run_address>
         <size>0x2f</size>
         <input_file_ref idref="fl-3"/>
      </object_component>
      <object_component id="oc-144">
         <name>.debug_line</name>
         <load_address>0xe35</load_address>
         <run_address>0xe35</run_address>
         <size>0x20</size>
         <input_file_ref idref="fl-4"/>
      </object_component>
      <object_component id="oc-209">
         <name>.debug_line</name>
         <load_address>0xe55</load_address>
         <run_address>0xe55</run_address>
         <size>0xa3</size>
         <input_file_ref idref="fl-5"/>
      </object_component>
      <object_component id="oc-e4">
         <name>.debug_line</name>
         <load_address>0xef8</load_address>
         <run_address>0xef8</run_address>
         <size>0xa9</size>
         <input_file_ref idref="fl-5"/>
      </object_component>
      <object_component id="oc-244">
         <name>.debug_line</name>
         <load_address>0xfa1</load_address>
         <run_address>0xfa1</run_address>
         <size>0x11b</size>
         <input_file_ref idref="fl-6"/>
      </object_component>
      <object_component id="oc-41">
         <name>.debug_line</name>
         <load_address>0x10bc</load_address>
         <run_address>0x10bc</run_address>
         <size>0x342</size>
         <input_file_ref idref="fl-6"/>
      </object_component>
      <object_component id="oc-246">
         <name>.debug_line</name>
         <load_address>0x13fe</load_address>
         <run_address>0x13fe</run_address>
         <size>0x120</size>
         <input_file_ref idref="fl-7"/>
      </object_component>
      <object_component id="oc-47">
         <name>.debug_line</name>
         <load_address>0x151e</load_address>
         <run_address>0x151e</run_address>
         <size>0x1d2</size>
         <input_file_ref idref="fl-7"/>
      </object_component>
      <object_component id="oc-1ed">
         <name>.debug_line</name>
         <load_address>0x16f0</load_address>
         <run_address>0x16f0</run_address>
         <size>0x14c</size>
         <input_file_ref idref="fl-8"/>
      </object_component>
      <object_component id="oc-20b">
         <name>.debug_line</name>
         <load_address>0x183c</load_address>
         <run_address>0x183c</run_address>
         <size>0x30</size>
         <input_file_ref idref="fl-8"/>
      </object_component>
      <object_component id="oc-35">
         <name>.debug_line</name>
         <load_address>0x186c</load_address>
         <run_address>0x186c</run_address>
         <size>0x140</size>
         <input_file_ref idref="fl-8"/>
      </object_component>
      <object_component id="oc-1f4">
         <name>.debug_line</name>
         <load_address>0x19ac</load_address>
         <run_address>0x19ac</run_address>
         <size>0x30</size>
         <input_file_ref idref="fl-8"/>
      </object_component>
      <object_component id="oc-2e7">
         <name>.debug_line</name>
         <load_address>0x19dc</load_address>
         <run_address>0x19dc</run_address>
         <size>0xc0</size>
         <input_file_ref idref="fl-9"/>
      </object_component>
      <object_component id="oc-26e">
         <name>.debug_line</name>
         <load_address>0x1a9c</load_address>
         <run_address>0x1a9c</run_address>
         <size>0x153</size>
         <input_file_ref idref="fl-9"/>
      </object_component>
      <object_component id="oc-232">
         <name>.debug_line</name>
         <load_address>0x1bef</load_address>
         <run_address>0x1bef</run_address>
         <size>0x179</size>
         <input_file_ref idref="fl-b"/>
      </object_component>
      <object_component id="oc-3b">
         <name>.debug_line</name>
         <load_address>0x1d68</load_address>
         <run_address>0x1d68</run_address>
         <size>0x1ae</size>
         <input_file_ref idref="fl-b"/>
      </object_component>
      <object_component id="oc-180">
         <name>.debug_line</name>
         <load_address>0x1f16</load_address>
         <run_address>0x1f16</run_address>
         <size>0x41</size>
         <input_file_ref idref="fl-c"/>
      </object_component>
      <object_component id="oc-4a">
[...]
         <object_component_ref idref="oc-43"/>
      </symbol>
      <symbol id="sm-3e6">
         <name>SerialSend_1_Position12</name>
         <value>0x339d</value>
         <object_component_ref idref="oc-43"/>
      </symbol>
      <symbol id="sm-3e7">
         <name>serialGetData</name>
         <value>0x3353</value>
         <object_component_ref idref="oc-43"/>
      </symbol>
      <symbol id="sm-3e8">
         <name>UART5_Init</name>
         <value>0x3247</value>
         <object_component_ref idref="oc-43"/>
      </symbol>
      <symbol id="sm-3e9">
         <name>UART2_Init</name>
         <value>0x31e1</value>
         <object_component_ref idref="oc-43"/>
      </symbol>
      <symbol id="sm-3ea">
         <name>SerialSend_1_AverageTorq</name>
         <value>0x33fb</value>
         <object_component_ref idref="oc-43"/>
      </symbol>
      <symbol id="sm-425">
         <name>SysTick_Int_Count</name>
         <value>0x200002f0</value>
      </symbol>
      <symbol id="sm-426">
         <name>preMicroSecond_camera</name>
         <value>0x20000510</value>
         <object_component_ref idref="oc-f8"/>
      </symbol>
      <symbol id="sm-427">
         <name>preMicroSecond_angle</name>
         <value>0x20000504</value>
         <object_component_ref idref="oc-f8"/>
      </symbol>
      <symbol id="sm-428">
         <name>SycTick_Interrupt_Handler</name>
         <value>0x3e17</value>
         <object_component_ref idref="oc-31"/>
      </symbol>
      <symbol id="sm-429">
         <name>Timer1_init</name>
         <value>0x3ec3</value>
         <object_component_ref idref="oc-31"/>
      </symbol>
      <symbol id="sm-42a">
         <name>Timer0_init</name>
         <value>0x3f3d</value>
         <object_component_ref idref="oc-31"/>
      </symbol>
      <symbol id="sm-42b">
         <name>Timer0_Interrupt_Handler</name>
         <value>0x3f7f</value>
         <object_component_ref idref="oc-31"/>
      </symbol>
      <symbol id="sm-42c">
         <name>getMicroSecond</name>
         <value>0x3f9d</value>
         <object_component_ref idref="oc-31"/>
      </symbol>
      <symbol id="sm-42d">
         <name>safe_flag</name>
         <value>0x20000518</value>
         <object_component_ref idref="oc-f8"/>
      </symbol>
      <symbol id="sm-42e">
         <name>preMicroSecond_position</name>
         <value>0x20000508</value>
         <object_component_ref idref="oc-f8"/>
      </symbol>
      <symbol id="sm-42f">
         <name>Timer1_Reset</name>
         <value>0x3f31</value>
         <object_component_ref idref="oc-31"/>
      </symbol>
      <symbol id="sm-430">
         <name>preMicroSecond_sonar</name>
         <value>0x2000050c</value>
         <object_component_ref idref="oc-f8"/>
      </symbol>
      <symbol id="sm-431">
         <name>Timer1_Interrupt_Handler</name>
         <value>0x3f0b</value>
         <object_component_ref idref="oc-31"/>
      </symbol>
      <symbol id="sm-432">
         <name>seconds</name>
         <value>0x20000500</value>
         <object_component_ref idref="oc-f8"/>
      </symbol>
      <symbol id="sm-433">
         <name>sampling_time_second</name>
         <value>0x20000514</value>
         <object_component_ref idref="oc-f8"/>
      </symbol>
      <symbol id="sm-434">
         <name>SysTick_Init</name>
         <value>0x3dfd</value>
         <object_component_ref idref="oc-31"/>
      </symbol>
      <symbol id="sm-435">
         <name>SycTick_Int_Count</name>
         <value>0x20000519</value>
         <object_component_ref idref="oc-f8"/>
      </symbol>
      <symbol id="sm-45d">
         <name>Map_y</name>
         <value>0x360d</value>
         <object_component_ref idref="oc-26a"/>
      </symbol>
      <symbol id="sm-45e">
         <name>set_int_value</name>
         <value>0x396b</value>
         <object_component_ref idref="oc-26a"/>
      </symbol>
      <symbol id="sm-45f">
         <name>int2num</name>
         <value>0x3833</value>
         <object_component_ref idref="oc-26a"/>
      </symbol>
      <symbol id="sm-460">
         <name>set_float_value</name>
         <value>0x3931</value>
         <object_component_ref idref="oc-26a"/>
      </symbol>
      <symbol id="sm-461">
         <name>float2str</name>
         <value>0x3661</value>
         <object_component_ref idref="oc-26a"/>
      </symbol>
      <symbol id="sm-491">
         <name>Uart</name>
         <value>0x20000224</value>
      </symbol>
      <symbol id="sm-492">
         <name>SerialPutStr_NonTer</name>
         <value>0x3d6d</value>
         <object_component_ref idref="oc-37"/>
      </symbol>
      <symbol id="sm-493">
         <name>set_position</name>
         <value>0x3bd9</value>
         <object_component_ref idref="oc-37"/>
      </symbol>
      <symbol id="sm-494">
         <name>UART0_Interrupt_Handler</name>
         <value>0x3c19</value>
         <object_component_ref idref="oc-37"/>
      </symbol>
      <symbol id="sm-495">
         <name>SerialPutStrLn</name>
         <value>0x3d3d</value>
         <object_component_ref idref="oc-37"/>
      </symbol>
      <symbol id="sm-496">
         <name>SerialPutChar</name>
         <value>0x3d01</value>
         <object_component_ref idref="oc-37"/>
      </symbol>
      <symbol id="sm-497">
         <name>UART0_Init</name>
         <value>0x3c73</value>
         <object_component_ref idref="oc-37"/>
      </symbol>
      <symbol id="sm-498">
         <name>SerialTerminator</name>
         <value>0x3dcd</value>
         <object_component_ref idref="oc-37"/>
      </symbol>
      <symbol id="sm-499">
         <name>SerialPutStr</name>
         <value>0x3d15</value>
         <object_component_ref idref="oc-37"/>
      </symbol>
      <symbol id="sm-49a">
         <name>SerialGetStr</name>
         <value>0x3d8d</value>
         <object_component_ref idref="oc-37"/>
      </symbol>
      <symbol id="sm-49b">
         <name>SerialPutData</name>
         <value>0x3cc9</value>
         <object_component_ref idref="oc-37"/>
      </symbol>
      <symbol id="sm-4b7">
         <name>ResetISR</name>
         <value>0x4f0d</value>
         <object_component_ref idref="oc-2b"/>
      </symbol>
      <symbol id="sm-4b8">
         <name>g_pfnVectors</name>
         <value>0x0</value>
         <object_component_ref idref="oc-f"/>
      </symbol>
      <symbol id="sm-533">
         <name>UARTTxIntModeSet</name>
         <value>0x4ef5</value>
         <object_component_ref idref="oc-152"/>
      </symbol>
      <symbol id="sm-534">
         <name>UARTConfigSetExpClk</name>
         <value>0x4d09</value>
         <object_component_ref idref="oc-11f"/>
      </symbol>
      <symbol id="sm-535">
         <name>UARTDisable</name>
         <value>0x4dcd</value>
         <object_component_ref idref="oc-226"/>
      </symbol>
      <symbol id="sm-536">
         <name>UARTIntEnable</name>
         <value>0x4f5d</value>
         <object_component_ref idref="oc-12b"/>
      </symbol>
      <symbol id="sm-537">
         <name>UARTCharsAvail</name>
         <value>0x4ee9</value>
         <object_component_ref idref="oc-164"/>
      </symbol>
      <symbol id="sm-538">
         <name>UARTCharPut</name>
         <value>0x4f37</value>
         <object_component_ref idref="oc-131"/>
      </symbol>
      <symbol id="sm-539">
         <name>UARTEnable</name>
         <value>0x4e41</value>
         <object_component_ref idref="oc-146"/>
      </symbol>
      <symbol id="sm-53a">
         <name>UARTFIFOEnable</name>
         <value>0x4f41</value>
         <object_component_ref idref="oc-14c"/>
      </symbol>
      <symbol id="sm-53b">
         <name>UARTIntClear</name>
         <value>0x4f81</value>
         <object_component_ref idref="oc-10d"/>
      </symbol>
      <symbol id="sm-53c">
         <name>UARTIntStatus</name>
         <value>0x4f4b</value>
         <object_component_ref idref="oc-107"/>
      </symbol>
      <symbol id="sm-53d">
         <name>UARTCharGet</name>
         <value>0x4f2d</value>
         <object_component_ref idref="oc-137"/>
      </symbol>
      <symbol id="sm-53e">
         <name>UARTFIFOLevelSet</name>
         <value>0x4f77</value>
         <object_component_ref idref="oc-125"/>
      </symbol>
      <symbol id="sm-579">
         <name>TimerLoadSet</name>
         <value>0x4e7b</value>
         <object_component_ref idref="oc-b6"/>
      </symbol>
      <symbol id="sm-57a">
         <name>TimerEnable</name>
         <value>0x4ec1</value>
         <object_component_ref idref="oc-d4"/>
      </symbol>
      <symbol id="sm-57b">
         <name>TimerValueGet</name>
         <value>0x4f23</value>
         <object_component_ref idref="oc-e6"/>
      </symbol>
      <symbol id="sm-57c">
         <name>TimerIntEnable</name>
         <value>0x4f55</value>
         <object_component_ref idref="oc-ce"/>
      </symbol>
      <symbol id="sm-57d">
         <name>TimerConfigure</name>
         <value>0x4b25</value>
         <object_component_ref idref="oc-b0"/>
      </symbol>
      <symbol id="sm-57e">
         <name>TimerIntClear</name>
         <value>0x4f7d</value>
         <object_component_ref idref="oc-da"/>
      </symbol>
      <symbol id="sm-5a1">
         <name>SysTickEnable</name>
         <value>0x4e19</value>
         <object_component_ref idref="oc-a4"/>
      </symbol>
      <symbol id="sm-5a2">
         <name>SysTickIntEnable</name>
         <value>0x4e2d</value>
         <object_component_ref idref="oc-9e"/>
      </symbol>
      <symbol id="sm-5a3">
         <name>SysTickPeriodSet</name>
         <value>0x4ea1</value>
         <object_component_ref idref="oc-98"/>
      </symbol>
      <symbol id="sm-5fe">
         <name>SysCtlClockSet</name>
         <value>0x4629</value>
         <object_component_ref idref="oc-258"/>
      </symbol>
      <symbol id="sm-5ff">
         <name>SysCtlDelay</name>
         <value>0x4f71</value>
         <object_component_ref idref="oc-25e"/>
      </symbol>
      <symbol id="sm-600">
         <name>SysCtlPeripheralEnable</name>
         <value>0x4d49</value>
         <object_component_ref idref="oc-aa"/>
      </symbol>
      <symbol id="sm-601">
         <name>SysCtlClockGet</name>
         <value>0x4415</value>
         <object_component_ref idref="oc-92"/>
      </symbol>
      <symbol id="sm-640">
         <name>IntPrioritySet</name>
         <value>0x4da9</value>
         <object_component_ref idref="oc-c8"/>
      </symbol>
      <symbol id="sm-641">
         <name>IntEnable</name>
         <value>0x4ac5</value>
         <object_component_ref idref="oc-c2"/>
      </symbol>
      <symbol id="sm-642">
         <name>IntMasterEnable</name>
         <value>0x4f19</value>
         <object_component_ref idref="oc-bc"/>
      </symbol>
      <symbol id="sm-692">
         <name>GPIOPinConfigure</name>
         <value>0x4cc1</value>
         <object_component_ref idref="oc-113"/>
      </symbol>
      <symbol id="sm-693">
         <name>GPIOPinTypeUART</name>
         <value>0x4e69</value>
         <object_component_ref idref="oc-119"/>
      </symbol>
      <symbol id="sm-694">
         <name>GPIOPinTypeGPIOOutput</name>
         <value>0x4de9</value>
         <object_component_ref idref="oc-158"/>
      </symbol>
      <symbol id="sm-695">
         <name>GPIOPinRead</name>
         <value>0x4f65</value>
         <object_component_ref idref="oc-1e4"/>
      </symbol>
      <symbol id="sm-696">
         <name>GPIODirModeSet</name>
         <value>0x4d7d</value>
         <object_component_ref idref="oc-219"/>
      </symbol>
      <symbol id="sm-697">
         <name>GPIOPinWrite</name>
         <value>0x4f6b</value>
         <object_component_ref idref="oc-15e"/>
      </symbol>
      <symbol id="sm-698">
         <name>GPIOPadConfigSet</name>
         <value>0x42e5</value>
         <object_component_ref idref="oc-21f"/>
      </symbol>
      <symbol id="sm-6a2">
         <name>CPUcpsie</name>
         <value>0x4edd</value>
         <object_component_ref idref="oc-1cc"/>
      </symbol>
      <symbol id="sm-6af">
         <name>atof</name>
         <value>0x4e8d</value>
         <object_component_ref idref="oc-2c7"/>
      </symbol>
      <symbol id="sm-6c5">
         <name>atoi</name>
         <value>0x4c29</value>
         <object_component_ref idref="oc-101"/>
      </symbol>
      <symbol id="sm-6d6">
         <name>_c_int00</name>
         <value>0x4b81</value>
         <object_component_ref idref="oc-24"/>
      </symbol>
      <symbol id="sm-6d7">
         <name>__stack</name>
         <value>0x20000300</value>
         <object_component_ref idref="oc-2a"/>
      </symbol>
      <symbol id="sm-6f5">
         <name>__TI_decompress_lzss</name>
         <value>0x4a5b</value>
         <object_component_ref idref="oc-12"/>
      </symbol>
      <symbol id="sm-70c">
         <name>__TI_decompress_none</name>
         <value>0x4ecf</value>
         <object_component_ref idref="oc-18"/>
      </symbol>
      <symbol id="sm-723">
         <name>__TI_zero_init</name>
         <value>0x4f01</value>
         <object_component_ref idref="oc-1e"/>
      </symbol>
      <symbol id="sm-72e">
         <name>_ctypes_</name>
         <value>0x4f88</value>
         <object_component_ref idref="oc-20c"/>
      </symbol>
      <symbol id="sm-74f">
         <name>C$$EXIT</name>
         <value>0x4bd5</value>
         <object_component_ref idref="oc-87"/>
      </symbol>
      <symbol id="sm-750">
         <name>abort</name>
         <value>0x4bd9</value>
         <object_component_ref idref="oc-87"/>
      </symbol>
      <symbol id="sm-751">
         <name>exit</name>
         <value>0x4be1</value>
         <object_component_ref idref="oc-87"/>
      </symbol>
      <symbol id="sm-752">
         <name>__TI_dtors_ptr</name>
         <value>0x20000538</value>
         <object_component_ref idref="oc-1af"/>
      </symbol>
      <symbol id="sm-753">
         <name>__TI_cleanup_ptr</name>
         <value>0x20000534</value>
         <object_component_ref idref="oc-1af"/>
      </symbol>
      <symbol id="sm-754">
         <name>__TI_enable_exit_profile_output</name>
         <value>0x2000053c</value>
         <object_component_ref idref="oc-1af"/>
      </symbol>
      <symbol id="sm-760">
         <name>__aeabi_d2f</name>
         <value>0x49ed</value>
         <object_component_ref idref="oc-2cd"/>
      </symbol>
      <symbol id="sm-76f">
         <name>isdigit</name>
         <value>0x4eb1</value>
         <object_component_ref idref="oc-2c1"/>
      </symbol>
      <symbol id="sm-78a">
         <name>memcpy</name>
         <value>0x47e1</value>
         <object_component_ref idref="oc-57"/>
      </symbol>
      <symbol id="sm-78b">
         <name>__aeabi_memcpy</name>
         <value>0x47e1</value>
         <object_component_ref idref="oc-57"/>
      </symbol>
      <symbol id="sm-78c">
         <name>__aeabi_memcpy8</name>
         <value>0x47e1</value>
         <object_component_ref idref="oc-57"/>
      </symbol>
      <symbol id="sm-78d">
         <name>__aeabi_memcpy4</name>
         <value>0x47e1</value>
         <object_component_ref idref="oc-57"/>
      </symbol>
      <symbol id="sm-79c">
         <name>__aeabi_memset</name>
         <value>0x4905</value>
         <object_component_ref idref="oc-63"/>
      </symbol>
      <symbol id="sm-79d">
         <name>memset</name>
         <value>0x490b</value>
         <object_component_ref idref="oc-63"/>
      </symbol>
      <symbol id="sm-79e">
         <name>__aeabi_memset8</name>
         <value>0x4905</value>
         <object_component_ref idref="oc-63"/>
      </symbol>
      <symbol id="sm-79f">
         <name>__aeabi_memset4</name>
         <value>0x4905</value>
         <object_component_ref idref="oc-63"/>
      </symbol>
      <symbol id="sm-7a0">
         <name>__aeabi_memclr8</name>
         <value>0x4903</value>
         <object_component_ref idref="oc-63"/>
      </symbol>
      <symbol id="sm-7a1">
         <name>__aeabi_memclr4</name>
         <value>0x4903</value>
         <object_component_ref idref="oc-63"/>
      </symbol>
      <symbol id="sm-7a2">
         <name>__aeabi_memclr</name>
         <value>0x4903</value>
         <object_component_ref idref="oc-63"/>
      </symbol>
      <symbol id="sm-7ac">
         <name>__mpu_init</name>
         <value>0x4ac3</value>
         <object_component_ref idref="oc-6f"/>
      </symbol>
      <symbol id="sm-7b6">
         <name>_system_pre_init</name>
         <value>0x4f85</value>
         <object_component_ref idref="oc-75"/>
      </symbol>
      <symbol id="sm-7be">
         <name>main_func_sp</name>
         <value>0x2000054c</value>
         <object_component_ref idref="oc-8d"/>
      </symbol>
      <symbol id="sm-7fb">
         <name>strtold</name>
         <value>0x399d</value>
         <object_component_ref idref="oc-2dd"/>
      </symbol>
      <symbol id="sm-7fc">
         <name>strtod</name>
         <value>0x399d</value>
         <object_component_ref idref="oc-2dd"/>
      </symbol>
      <symbol id="sm-815">
         <name>_nop</name>
         <value>0x4e63</value>
         <object_component_ref idref="oc-27d"/>
      </symbol>
      <symbol id="sm-816">
         <name>_lock</name>
         <value>0x20000540</value>
         <object_component_ref idref="oc-1b2"/>
      </symbol>
      <symbol id="sm-817">
         <name>_unlock</name>
         <value>0x20000544</value>
         <object_component_ref idref="oc-1b2"/>
      </symbol>
      <symbol id="sm-818">
         <name>_register_lock</name>
         <value>0x4e5b</value>
         <object_component_ref idref="oc-27d"/>
      </symbol>
      <symbol id="sm-819">
         <name>_register_unlock</name>
         <value>0x4e55</value>
         <object_component_ref idref="oc-27d"/>
      </symbol>
      <symbol id="sm-82d">
         <name>_args_main</name>
         <value>0x4e01</value>
         <object_component_ref idref="oc-81"/>
      </symbol>
      <symbol id="sm-857">
         <name>__TI_auto_init</name>
         <value>0x497d</value>
         <object_component_ref idref="oc-7b"/>
      </symbol>
      <symbol id="sm-871">
         <name>copy_in</name>
         <value>0x4c75</value>
         <object_component_ref idref="oc-199"/>
      </symbol>
      <symbol id="sm-879">
         <name>errno</name>
         <value>0x20000548</value>
         <object_component_ref idref="oc-301"/>
      </symbol>
      <symbol id="sm-890">
         <name>__aeabi_dsub</name>
         <value>0x3ff9</value>
         <object_component_ref idref="oc-2ef"/>
      </symbol>
      <symbol id="sm-891">
         <name>__aeabi_dadd</name>
         <value>0x4003</value>
         <object_component_ref idref="oc-2ef"/>
      </symbol>
      <symbol id="sm-8a3">
         <name>__aeabi_cdcmpeq</name>
         <value>0x487d</value>
         <object_component_ref idref="oc-2f4"/>
      </symbol>
      <symbol id="sm-8a4">
         <name>__aeabi_cdcmple</name>
         <value>0x487d</value>
         <object_component_ref idref="oc-2f4"/>
      </symbol>
      <symbol id="sm-8b8">
         <name>__aeabi_ddiv</name>
         <value>0x41af</value>
         <object_component_ref idref="oc-2f9"/>
      </symbol>
      <symbol id="sm-8c3">
         <name>__aeabi_dmul</name>
         <value>0x452d</value>
         <object_component_ref idref="oc-2ea"/>
      </symbol>
      <symbol id="sm-8cd">
         <name>_system_post_cinit</name>
         <value>0x4da7</value>
         <object_component_ref idref="oc-19f"/>
      </symbol>
      <symbol id="sm-8ce">
         <name>__TI_static_base__</name>
         <value>0x0</value>
      </symbol>
      <symbol id="sm-8d1">
         <name>SHT$$INIT_ARRAY$$Limit</name>
         <value>0x0</value>
      </symbol>
      <symbol id="sm-8d2">
         <name>SHT$$INIT_ARRAY$$Base</name>
         <value>0x0</value>
      </symbol>
   </symbol_table>
   <title>Link successful</title>
</link_info>
