<?xml version="1.0"?>
<link_info>
   <banner>TI ARM Linker PC v5.2.2</banner>
   <copyright>Copyright (c) 1996-2015 Texas Instruments Incorporated</copyright>
   <link_time>0x58d8fbc2</link_time>
   <link_errors>0x0</link_errors>
   <output_file>SAM_subcontroller.out</output_file>
   <entry_point>
      <name>_c_int00</name>
      <address>0x2ac9</address>
   </entry_point>
   <input_file_list>
      <input_file id="fl-2">
         <path>.\</path>
         <kind>object</kind>
         <file>SAM.obj</file>
         <name>SAM.obj</name>
      </input_file>
      <input_file id="fl-3">
         <path>.\</path>
         <kind>object</kind>
         <file>mainSubController.obj</file>
         <name>mainSubController.obj</name>
      </input_file>
      <input_file id="fl-4">
         <path>.\</path>
         <kind>object</kind>
         <file>myFIFO.obj</file>
         <name>myFIFO.obj</name>
      </input_file>
      <input_file id="fl-5">
         <path>.\</path>
         <kind>object</kind>
         <file>myIO.obj</file>
         <name>myIO.obj</name>
      </input_file>
      <input_file id="fl-6">
         <path>.\</path>
         <kind>object</kind>
         <file>myRS485.obj</file>
         <name>myRS485.obj</name>
      </input_file>
      <input_file id="fl-7">
         <path>.\</path>
         <kind>object</kind>
         <file>mySerial.obj</file>
         <name>mySerial.obj</name>
      </input_file>
      <input_file id="fl-8">
         <path>.\</path>
         <kind>object</kind>
         <file>myTimer.obj</file>
         <name>myTimer.obj</name>
      </input_file>
      <input_file id="fl-9">
         <path>.\</path>
         <kind>object</kind>
         <file>numManipulate.obj</file>
         <name>numManipulate.obj</name>
      </input_file>
      <input_file id="fl-a">
         <path>.\</path>
         <kind>object</kind>
         <file>ringbuf.obj</file>
         <name>ringbuf.obj</name>
      </input_file>
      <input_file id="fl-b">
         <path>.\</path>
         <kind>object</kind>
         <file>serial.obj</file>
         <name>serial.obj</name>
      </input_file>
      <input_file id="fl-c">
         <path>.\</path>
         <kind>object</kind>
         <file>tm4c123gh6pm_startup_ccs.obj</file>
         <name>tm4c123gh6pm_startup_ccs.obj</name>
      </input_file>
      <input_file id="fl-12">
         <path>C:\ti\TivaWare_C_Series-2.1.0.12573\driverlib\ccs\Debug\</path>
         <kind>archive</kind>
         <file>driverlib.lib</file>
         <name>uart.obj</name>
      </input_file>
      <input_file id="fl-13">
         <path>C:\ti\TivaWare_C_Series-2.1.0.12573\driverlib\ccs\Debug\</path>
         <kind>archive</kind>
         <file>driverlib.lib</file>
         <name>timer.obj</name>
      </input_file>
      <input_file id="fl-14">
         <path>C:\ti\TivaWare_C_Series-2.1.0.12573\driverlib\ccs\Debug\</path>
         <kind>archive</kind>
         <file>driverlib.lib</file>
         <name>systick.obj</name>
      </input_file>
      <input_file id="fl-15">
         <path>C:\ti\TivaWare_C_Series-2.1.0.12573\driverlib\ccs\Debug\</path>
         <kind>archive</kind>
         <file>driverlib.lib</file>
         <name>sysctl.obj</name>
      </input_file>
      <input_file id="fl-16">
         <path>C:\ti\TivaWare_C_Series-2.1.0.12573\driverlib\ccs\Debug\</path>
         <kind>archive</kind>
         <file>driverlib.lib</file>
         <name>interrupt.obj</name>
      </input_file>
      <input_file id="fl-17">
         <path>C:\ti\TivaWare_C_Series-2.1.0.12573\driverlib\ccs\Debug\</path>
         <kind>archive</kind>
         <file>driverlib.lib</file>
         <name>gpio.obj</name>
      </input_file>
      <input_file id="fl-18">
         <path>C:\ti\TivaWare_C_Series-2.1.0.12573\driverlib\ccs\Debug\</path>
         <kind>archive</kind>
         <file>driverlib.lib</file>
         <name>cpu.obj</name>
      </input_file>
      <input_file id="fl-13a">
         <path>C:\ti\ccsv6\tools\compiler\ti-cgt-arm_5.2.2\lib\</path>
         <kind>archive</kind>
         <file>rtsv7M4_T_le_v4SPD16_eabi.lib</file>
         <name>atof.obj</name>
      </input_file>
      <input_file id="fl-13b">
         <path>C:\ti\ccsv6\tools\compiler\ti-cgt-arm_5.2.2\lib\</path>
         <kind>archive</kind>
         <file>rtsv7M4_T_le_v4SPD16_eabi.lib</file>
         <name>atoi.obj</name>
      </input_file>
      <input_file id="fl-13c">
         <path>C:\ti\ccsv6\tools\compiler\ti-cgt-arm_5.2.2\lib\</path>
         <kind>archive</kind>
         <file>rtsv7M4_T_le_v4SPD16_eabi.lib</file>
         <name>boot.obj</name>
      </input_file>
      <input_file id="fl-13d">
         <path>C:\ti\ccsv6\tools\compiler\ti-cgt-arm_5.2.2\lib\</path>
         <kind>archive</kind>
         <file>rtsv7M4_T_le_v4SPD16_eabi.lib</file>
         <name>copy_decompress_none.obj</name>
      </input_file>
      <input_file id="fl-13e">
         <path>C:\ti\ccsv6\tools\compiler\ti-cgt-arm_5.2.2\lib\</path>
         <kind>archive</kind>
         <file>rtsv7M4_T_le_v4SPD16_eabi.lib</file>
         <name>copy_decompress_rle.obj</name>
      </input_file>
      <input_file id="fl-13f">
         <path>C:\ti\ccsv6\tools\compiler\ti-cgt-arm_5.2.2\lib\</path>
         <kind>archive</kind>
         <file>rtsv7M4_T_le_v4SPD16_eabi.lib</file>
         <name>copy_zero_init.obj</name>
      </input_file>
      <input_file id="fl-140">
         <path>C:\ti\ccsv6\tools\compiler\ti-cgt-arm_5.2.2\lib\</path>
         <kind>archive</kind>
         <file>rtsv7M4_T_le_v4SPD16_eabi.lib</file>
         <name>ctype.obj</name>
      </input_file>
      <input_file id="fl-141">
         <path>C:\ti\ccsv6\tools\compiler\ti-cgt-arm_5.2.2\lib\</path>
         <kind>archive</kind>
         <file>rtsv7M4_T_le_v4SPD16_eabi.lib</file>
         <name>exit.obj</name>
      </input_file>
      <input_file id="fl-142">
         <path>C:\ti\ccsv6\tools\compiler\ti-cgt-arm_5.2.2\lib\</path>
         <kind>archive</kind>
         <file>rtsv7M4_T_le_v4SPD16_eabi.lib</file>
         <name>fd_tos_t2.obj</name>
      </input_file>
      <input_file id="fl-143">
         <path>C:\ti\ccsv6\tools\compiler\ti-cgt-arm_5.2.2\lib\</path>
         <kind>archive</kind>
         <file>rtsv7M4_T_le_v4SPD16_eabi.lib</file>
         <name>isdigit.obj</name>
      </input_file>
      <input_file id="fl-144">
         <path>C:\ti\ccsv6\tools\compiler\ti-cgt-arm_5.2.2\lib\</path>
         <kind>archive</kind>
         <file>rtsv7M4_T_le_v4SPD16_eabi.lib</file>
         <name>memcpy_t2.obj</name>
      </input_file>
      <input_file id="fl-145">
         <path>C:\ti\ccsv6\tools\compiler\ti-cgt-arm_5.2.2\lib\</path>
         <kind>archive</kind>
         <file>rtsv7M4_T_le_v4SPD16_eabi.lib</file>
         <name>memset_t2.obj</name>
      </input_file>
      <input_file id="fl-146">
         <path>C:\ti\ccsv6\tools\compiler\ti-cgt-arm_5.2.2\lib\</path>
         <kind>archive</kind>
         <file>rtsv7M4_T_le_v4SPD16_eabi.lib</file>
         <name>pre_init.obj</name>
      </input_file>
      <input_file id="fl-147">
         <path>C:\ti\ccsv6\tools\compiler\ti-cgt-arm_5.2.2\lib\</path>
         <kind>archive</kind>
         <file>rtsv7M4_T_le_v4SPD16_eabi.lib</file>
         <name>stkdepth_vars.obj</name>
      </input_file>
      <input_file id="fl-148">
         <path>C:\ti\ccsv6\tools\compiler\ti-cgt-arm_5.2.2\lib\</path>
         <kind>archive</kind>
         <file>rtsv7M4_T_le_v4SPD16_eabi.lib</file>
         <name>strtod.obj</name>
      </input_file>
      <input_file id="fl-149">
         <path>C:\ti\ccsv6\tools\compiler\ti-cgt-arm_5.2.2\lib\</path>
         <kind>archive</kind>
         <file>rtsv7M4_T_le_v4SPD16_eabi.lib</file>
         <name>_lock.obj</name>
      </input_file>
      <input_file id="fl-14a">
         <path>C:\ti\ccsv6\tools\compiler\ti-cgt-arm_5.2.2\lib\</path>
         <kind>archive</kind>
         <file>rtsv7M4_T_le_v4SPD16_eabi.lib</file>
         <name>args_main.obj</name>
      </input_file>
      <input_file id="fl-14b">
         <path>C:\ti\ccsv6\tools\compiler\ti-cgt-arm_5.2.2\lib\</path>
         <kind>archive</kind>
         <file>rtsv7M4_T_le_v4SPD16_eabi.lib</file>
         <name>autoinit.obj</name>
      </input_file>
      <input_file id="fl-14c">
         <path>C:\ti\ccsv6\tools\compiler\ti-cgt-arm_5.2.2\lib\</path>
         <kind>archive</kind>
         <file>rtsv7M4_T_le_v4SPD16_eabi.lib</file>
         <name>cpy_tbl.obj</name>
      </input_file>
      <input_file id="fl-14d">
         <path>C:\ti\ccsv6\tools\compiler\ti-cgt-arm_5.2.2\lib\</path>
         <kind>archive</kind>
         <file>rtsv7M4_T_le_v4SPD16_eabi.lib</file>
         <name>errno.obj</name>
      </input_file>
      <input_file id="fl-14e">
         <path>C:\ti\ccsv6\tools\compiler\ti-cgt-arm_5.2.2\lib\</path>
         <kind>archive</kind>
         <file>rtsv7M4_T_le_v4SPD16_eabi.lib</file>
         <name>fd_add_t2.obj</name>
      </input_file>
      <input_file id="fl-14f">
         <path>C:\ti\ccsv6\tools\compiler\ti-cgt-arm_5.2.2\lib\</path>
         <kind>archive</kind>
         <file>rtsv7M4_T_le_v4SPD16_eabi.lib</file>
         <name>fd_cmp_t2.obj</name>
      </input_file>
      <input_file id="fl-150">
         <path>C:\ti\ccsv6\tools\compiler\ti-cgt-arm_5.2.2\lib\</path>
         <kind>archive</kind>
         <file>rtsv7M4_T_le_v4SPD16_eabi.lib</file>
         <name>fd_div_t2.obj</name>
      </input_file>
      <input_file id="fl-151">
         <path>C:\ti\ccsv6\tools\compiler\ti-cgt-arm_5.2.2\lib\</path>
         <kind>archive</kind>
         <file>rtsv7M4_T_le_v4SPD16_eabi.lib</file>
         <name>fd_mul_t2.obj</name>
      </input_file>
   </input_file_list>
   <object_component_list>
      <object_component id="oc-f">
         <name>.intvecs</name>
         <load_address>0x0</load_address>
         <run_address>0x0</run_address>
         <size>0x26c</size>
         <input_file_ref idref="fl-c"/>
      </object_component>
      <object_component id="oc-19c">
         <name>.text</name>
         <load_address>0x26c</load_address>
         <run_address>0x26c</run_address>
         <size>0x69c</size>
         <input_file_ref idref="fl-3"/>
      </object_component>
      <object_component id="oc-255">
         <name>.text</name>
         <load_address>0x908</load_address>
         <run_address>0x908</run_address>
         <size>0x4f8</size>
         <input_file_ref idref="fl-2"/>
      </object_component>
      <object_component id="oc-3c">
         <name>.text</name>
         <load_address>0xe00</load_address>
         <run_address>0xe00</run_address>
         <size>0x400</size>
         <input_file_ref idref="fl-6"/>
      </object_component>
      <object_component id="oc-25f">
         <name>.text</name>
         <load_address>0x1200</load_address>
         <run_address>0x1200</run_address>
         <size>0x390</size>
         <input_file_ref idref="fl-9"/>
      </object_component>
      <object_component id="oc-36">
         <name>.text</name>
         <load_address>0x1590</load_address>
         <run_address>0x1590</run_address>
         <size>0x388</size>
         <input_file_ref idref="fl-b"/>
      </object_component>
      <object_component id="oc-42">
         <name>.text</name>
         <load_address>0x1918</load_address>
         <run_address>0x1918</run_address>
         <size>0x2a0</size>
         <input_file_ref idref="fl-7"/>
      </object_component>
      <object_component id="oc-2c8">
         <name>.text</name>
         <load_address>0x1bb8</load_address>
         <run_address>0x1bb8</run_address>
         <size>0x23c</size>
         <input_file_ref idref="fl-148"/>
      </object_component>
      <object_component id="oc-30">
         <name>.text</name>
         <load_address>0x1df4</load_address>
         <run_address>0x1df4</run_address>
         <size>0x1fc</size>
         <input_file_ref idref="fl-8"/>
      </object_component>
      <object_component id="oc-2da">
         <name>.text</name>
         <load_address>0x1ff0</load_address>
         <run_address>0x1ff0</run_address>
         <size>0x1b6</size>
         <input_file_ref idref="fl-14e"/>
      </object_component>
      <object_component id="oc-2e4">
         <name>.text</name>
         <load_address>0x21a6</load_address>
         <run_address>0x21a6</run_address>
         <size>0x136</size>
         <input_file_ref idref="fl-150"/>
      </object_component>
      <object_component id="oc-216">
         <name>.text:GPIOPadConfigSet</name>
         <load_address>0x22dc</load_address>
         <run_address>0x22dc</run_address>
         <size>0x130</size>
         <input_file_ref idref="fl-17"/>
      </object_component>
      <object_component id="oc-8d">
         <name>.text:SysCtlClockGet</name>
         <load_address>0x240c</load_address>
         <run_address>0x240c</run_address>
         <size>0x118</size>
         <input_file_ref idref="fl-15"/>
      </object_component>
      <object_component id="oc-2d5">
         <name>.text</name>
         <load_address>0x2524</load_address>
         <run_address>0x2524</run_address>
         <size>0xfc</size>
         <input_file_ref idref="fl-151"/>
      </object_component>
      <object_component id="oc-24e">
         <name>.text:SysCtlClockSet</name>
         <load_address>0x2620</load_address>
         <run_address>0x2620</run_address>
         <size>0xf0</size>
         <input_file_ref idref="fl-15"/>
      </object_component>
      <object_component id="oc-4b">
         <name>.text</name>
         <load_address>0x2710</load_address>
         <run_address>0x2710</run_address>
         <size>0x9c</size>
         <input_file_ref idref="fl-144"/>
      </object_component>
      <object_component id="oc-db">
         <name>.text</name>
         <load_address>0x27ac</load_address>
         <run_address>0x27ac</run_address>
         <size>0x88</size>
         <input_file_ref idref="fl-5"/>
      </object_component>
      <object_component id="oc-2df">
         <name>.text:__aeabi_cdcmple</name>
         <load_address>0x2834</load_address>
         <run_address>0x2834</run_address>
         <size>0x86</size>
         <input_file_ref idref="fl-14f"/>
      </object_component>
      <object_component id="oc-64">
         <name>.text</name>
         <load_address>0x28ba</load_address>
         <run_address>0x28ba</run_address>
         <size>0x7a</size>
         <input_file_ref idref="fl-145"/>
      </object_component>
      <object_component id="oc-76">
         <name>.text</name>
         <load_address>0x2934</load_address>
         <run_address>0x2934</run_address>
         <size>0x6c</size>
         <input_file_ref idref="fl-14b"/>
      </object_component>
      <object_component id="oc-57">
         <name>.text</name>
         <load_address>0x29a0</load_address>
         <run_address>0x29a0</run_address>
         <size>0x6a</size>
         <input_file_ref idref="fl-13e"/>
      </object_component>
      <object_component id="oc-bd">
         <name>.text:IntEnable</name>
         <load_address>0x2a0c</load_address>
         <run_address>0x2a0c</run_address>
         <size>0x60</size>
         <input_file_ref idref="fl-16"/>
      </object_component>
      <object_component id="oc-ab">
         <name>.text:TimerConfigure</name>
         <load_address>0x2a6c</load_address>
         <run_address>0x2a6c</run_address>
         <size>0x5c</size>
         <input_file_ref idref="fl-13"/>
      </object_component>
      <object_component id="oc-24">
         <name>.text</name>
         <load_address>0x2ac8</load_address>
         <run_address>0x2ac8</run_address>
         <size>0x50</size>
         <input_file_ref idref="fl-13c"/>
      </object_component>
      <object_component id="oc-fc">
         <name>.text</name>
         <load_address>0x2b18</load_address>
         <run_address>0x2b18</run_address>
         <size>0x4c</size>
         <input_file_ref idref="fl-13b"/>
      </object_component>
      <object_component id="oc-194">
         <name>.text</name>
         <load_address>0x2b64</load_address>
         <run_address>0x2b64</run_address>
         <size>0x4c</size>
         <input_file_ref idref="fl-14c"/>
      </object_component>
      <object_component id="oc-2b8">
         <name>.text</name>
         <load_address>0x2bb0</load_address>
         <run_address>0x2bb0</run_address>
         <size>0x4a</size>
         <input_file_ref idref="fl-142"/>
      </object_component>
      <object_component id="oc-10e">
         <name>.text:GPIOPinConfigure</name>
         <load_address>0x2bfc</load_address>
         <run_address>0x2bfc</run_address>
         <size>0x48</size>
         <input_file_ref idref="fl-17"/>
      </object_component>
      <object_component id="oc-82">
         <name>.text</name>
         <load_address>0x2c44</load_address>
         <run_address>0x2c44</run_address>
         <size>0x44</size>
         <input_file_ref idref="fl-141"/>
      </object_component>
      <object_component id="oc-11a">
         <name>.text:UARTConfigSetExpClk</name>
         <load_address>0x2c88</load_address>
         <run_address>0x2c88</run_address>
         <size>0x40</size>
         <input_file_ref idref="fl-12"/>
      </object_component>
      <object_component id="oc-a5">
         <name>.text:SysCtlPeripheralEnable</name>
         <load_address>0x2cc8</load_address>
         <run_address>0x2cc8</run_address>
         <size>0x34</size>
         <input_file_ref idref="fl-15"/>
      </object_component>
      <object_component id="oc-210">
         <name>.text:GPIODirModeSet</name>
         <load_address>0x2cfc</load_address>
         <run_address>0x2cfc</run_address>
         <size>0x2a</size>
         <input_file_ref idref="fl-17"/>
      </object_component>
      <object_component id="oc-c3">
         <name>.text:IntPrioritySet</name>
         <load_address>0x2d28</load_address>
         <run_address>0x2d28</run_address>
         <size>0x24</size>
         <input_file_ref idref="fl-16"/>
      </object_component>
      <object_component id="oc-21d">
         <name>.text:UARTDisable</name>
         <load_address>0x2d4c</load_address>
         <run_address>0x2d4c</run_address>
         <size>0x1c</size>
         <input_file_ref idref="fl-12"/>
      </object_component>
      <object_component id="oc-15a">
         <name>.text:GPIOPinTypeGPIOOutput</name>
         <load_address>0x2d68</load_address>
         <run_address>0x2d68</run_address>
         <size>0x18</size>
         <input_file_ref idref="fl-17"/>
      </object_component>
      <object_component id="oc-7c">
         <name>.text</name>
         <load_address>0x2d80</load_address>
         <run_address>0x2d80</run_address>
         <size>0x18</size>
         <input_file_ref idref="fl-14a"/>
      </object_component>
      <object_component id="oc-9f">
         <name>.text:SysTickEnable</name>
         <load_address>0x2d98</load_address>
         <run_address>0x2d98</run_address>
         <size>0x14</size>
         <input_file_ref idref="fl-14"/>
      </object_component>
      <object_component id="oc-99">
         <name>.text:SysTickIntEnable</name>
         <load_address>0x2dac</load_address>
         <run_address>0x2dac</run_address>
         <size>0x14</size>
         <input_file_ref idref="fl-14"/>
      </object_component>
      <object_component id="oc-132">
         <name>.text:UARTEnable</name>
         <load_address>0x2dc0</load_address>
         <run_address>0x2dc0</run_address>
         <size>0x14</size>
         <input_file_ref idref="fl-12"/>
      </object_component>
      <object_component id="oc-270">
         <name>.text</name>
         <load_address>0x2dd4</load_address>
         <run_address>0x2dd4</run_address>
         <size>0x14</size>
         <input_file_ref idref="fl-149"/>
      </object_component>
      <object_component id="oc-114">
         <name>.text:GPIOPinTypeUART</name>
         <load_address>0x2de8</load_address>
         <run_address>0x2de8</run_address>
         <size>0x12</size>
         <input_file_ref idref="fl-17"/>
      </object_component>
      <object_component id="oc-b1">
         <name>.text:TimerLoadSet</name>
         <load_address>0x2dfa</load_address>
         <run_address>0x2dfa</run_address>
         <size>0x12</size>
         <input_file_ref idref="fl-13"/>
      </object_component>
      <object_component id="oc-2b2">
         <name>.text</name>
         <load_address>0x2e0c</load_address>
         <run_address>0x2e0c</run_address>
         <size>0x12</size>
         <input_file_ref idref="fl-13a"/>
      </object_component>
      <object_component id="oc-93">
         <name>.text:SysTickPeriodSet</name>
         <load_address>0x2e20</load_address>
         <run_address>0x2e20</run_address>
         <size>0x10</size>
         <input_file_ref idref="fl-14"/>
      </object_component>
      <object_component id="oc-2ac">
         <name>.text</name>
         <load_address>0x2e30</load_address>
         <run_address>0x2e30</run_address>
         <size>0x10</size>
         <input_file_ref idref="fl-143"/>
      </object_component>
      <object_component id="oc-cf">
         <name>.text:TimerEnable</name>
         <load_address>0x2e40</load_address>
         <run_address>0x2e40</run_address>
         <size>0xe</size>
         <input_file_ref idref="fl-13"/>
      </object_component>
      <object_component id="oc-12">
         <name>.text:decompress:none</name>
         <load_address>0x2e4e</load_address>
         <run_address>0x2e4e</run_address>
         <size>0xe</size>
         <input_file_ref idref="fl-13d"/>
      </object_component>
      <object_component id="oc-1c1">
         <name>.text:CPUcpsie</name>
         <load_address>0x2e5c</load_address>
         <run_address>0x2e5c</run_address>
         <size>0xc</size>
         <input_file_ref idref="fl-18"/>
      </object_component>
      <object_component id="oc-166">
         <name>.text:UARTCharsAvail</name>
         <load_address>0x2e68</load_address>
         <run_address>0x2e68</run_address>
         <size>0xc</size>
         <input_file_ref idref="fl-12"/>
      </object_component>
      <object_component id="oc-154">
         <name>.text:UARTTxIntModeSet</name>
         <load_address>0x2e74</load_address>
         <run_address>0x2e74</run_address>
         <size>0xc</size>
         <input_file_ref idref="fl-12"/>
      </object_component>
      <object_component id="oc-1e">
         <name>.text:decompress:ZI</name>
         <load_address>0x2e80</load_address>
         <run_address>0x2e80</run_address>
         <size>0xc</size>
         <input_file_ref idref="fl-13f"/>
      </object_component>
      <object_component id="oc-2a">
         <name>.text</name>
         <load_address>0x2e8c</load_address>
         <run_address>0x2e8c</run_address>
         <size>0xc</size>
         <input_file_ref idref="fl-c"/>
      </object_component>
      <object_component id="oc-b7">
         <name>.text:IntMasterEnable</name>
         <load_address>0x2e98</load_address>
         <run_address>0x2e98</run_address>
         <size>0xa</size>
         <input_file_ref idref="fl-16"/>
      </object_component>
      <object_component id="oc-e1">
         <name>.text:TimerValueGet</name>
         <load_address>0x2ea2</load_address>
         <run_address>0x2ea2</run_address>
         <size>0xa</size>
         <input_file_ref idref="fl-13"/>
      </object_component>
      <object_component id="oc-13e">
         <name>.text:UARTCharGet</name>
         <load_address>0x2eac</load_address>
         <run_address>0x2eac</run_address>
         <size>0xa</size>
         <input_file_ref idref="fl-12"/>
      </object_component>
      <object_component id="oc-138">
         <name>.text:UARTCharPut</name>
         <load_address>0x2eb6</load_address>
         <run_address>0x2eb6</run_address>
         <size>0xa</size>
         <input_file_ref idref="fl-12"/>
      </object_component>
      <object_component id="oc-14e">
         <name>.text:UARTFIFOEnable</name>
         <load_address>0x2ec0</load_address>
         <run_address>0x2ec0</run_address>
         <size>0xa</size>
         <input_file_ref idref="fl-12"/>
      </object_component>
      <object_component id="oc-108">
         <name>.text:UARTIntStatus</name>
         <load_address>0x2eca</load_address>
         <run_address>0x2eca</run_address>
         <size>0xa</size>
         <input_file_ref idref="fl-12"/>
      </object_component>
      <object_component id="oc-c9">
         <name>.text:TimerIntEnable</name>
         <load_address>0x2ed4</load_address>
         <run_address>0x2ed4</run_address>
         <size>0x8</size>
         <input_file_ref idref="fl-13"/>
      </object_component>
      <object_component id="oc-120">
         <name>.text:UARTIntEnable</name>
         <load_address>0x2edc</load_address>
         <run_address>0x2edc</run_address>
         <size>0x8</size>
         <input_file_ref idref="fl-12"/>
      </object_component>
      <object_component id="oc-1d9">
         <name>.text:GPIOPinRead</name>
         <load_address>0x2ee4</load_address>
         <run_address>0x2ee4</run_address>
         <size>0x6</size>
         <input_file_ref idref="fl-17"/>
      </object_component>
      <object_component id="oc-160">
         <name>.text:GPIOPinWrite</name>
         <load_address>0x2eea</load_address>
         <run_address>0x2eea</run_address>
         <size>0x6</size>
         <input_file_ref idref="fl-17"/>
      </object_component>
      <object_component id="oc-254">
         <name>.text:SysCtlDelay</name>
         <load_address>0x2ef0</load_address>
         <run_address>0x2ef0</run_address>
         <size>0x6</size>
         <input_file_ref idref="fl-15"/>
      </object_component>
      <object_component id="oc-12c">
         <name>.text:UARTClockSourceSet</name>
         <load_address>0x2ef6</load_address>
         <run_address>0x2ef6</run_address>
         <size>0x6</size>
         <input_file_ref idref="fl-12"/>
      </object_component>
      <object_component id="oc-126">
         <name>.text:UARTFIFOLevelSet</name>
         <load_address>0x2efc</load_address>
         <run_address>0x2efc</run_address>
         <size>0x6</size>
         <input_file_ref idref="fl-12"/>
      </object_component>
      <object_component id="oc-18">
         <name>.text:decompress:rle24</name>
         <load_address>0x2f02</load_address>
         <run_address>0x2f02</run_address>
         <size>0x6</size>
         <input_file_ref idref="fl-13e"/>
      </object_component>
      <object_component id="oc-d5">
         <name>.text:TimerIntClear</name>
         <load_address>0x2f08</load_address>
         <run_address>0x2f08</run_address>
         <size>0x4</size>
         <input_file_ref idref="fl-13"/>
      </object_component>
      <object_component id="oc-102">
         <name>.text:UARTIntClear</name>
         <load_address>0x2f0c</load_address>
         <run_address>0x2f0c</run_address>
         <size>0x4</size>
         <input_file_ref idref="fl-12"/>
      </object_component>
      <object_component id="oc-70">
         <name>.text</name>
         <load_address>0x2f10</load_address>
         <run_address>0x2f10</run_address>
         <size>0x4</size>
         <input_file_ref idref="fl-146"/>
      </object_component>
      <object_component id="oc-203">
         <name>.const:.string:_ctypes_</name>
         <load_address>0x2f18</load_address>
         <run_address>0x2f18</run_address>
         <size>0x101</size>
         <input_file_ref idref="fl-140"/>
      </object_component>
      <object_component id="oc-1d2">
         <name>.const:g_pui32Regs</name>
         <load_address>0x301c</load_address>
         <run_address>0x301c</run_address>
         <size>0x9c</size>
         <input_file_ref idref="fl-16"/>
      </object_component>
      <object_component id="oc-2e9">
         <name>.const</name>
         <load_address>0x30b8</load_address>
         <run_address>0x30b8</run_address>
         <size>0x98</size>
         <input_file_ref idref="fl-148"/>
      </object_component>
      <object_component id="oc-20b">
         <name>.const:g_pui32GPIOBaseAddrs</name>
         <load_address>0x3150</load_address>
         <run_address>0x3150</run_address>
         <size>0x90</size>
         <input_file_ref idref="fl-17"/>
      </object_component>
      <object_component id="oc-1cd">
         <name>.const</name>
         <load_address>0x31e0</load_address>
         <run_address>0x31e0</run_address>
         <size>0x70</size>
         <input_file_ref idref="fl-16"/>
      </object_component>
      <object_component id="oc-1af">
         <name>.const:g_pui32Xtals</name>
         <load_address>0x3250</load_address>
         <run_address>0x3250</run_address>
         <size>0x6c</size>
         <input_file_ref idref="fl-15"/>
      </object_component>
      <object_component id="oc-321">
         <name>.cinit..data.load</name>
         <load_address>0x32c0</load_address>
         <run_address>0x32c0</run_address>
         <size>0x14</size>
      </object_component>
      <object_component id="oc-31f">
         <name>__TI_handler_table</name>
         <load_address>0x32d4</load_address>
         <run_address>0x32d4</run_address>
         <size>0xc</size>
      </object_component>
      <object_component id="oc-322">
         <name>.cinit..bss.load</name>
         <load_address>0x32e0</load_address>
         <run_address>0x32e0</run_address>
         <size>0x8</size>
      </object_component>
      <object_component id="oc-320">
         <name>__TI_cinit_table</name>
         <load_address>0x32e8</load_address>
         <run_address>0x32e8</run_address>
         <size>0x10</size>
      </object_component>
      <object_component id="oc-29">
         <name>.stack</name>
         <uninitialized>true</uninitialized>
         <run_address>0x20000244</run_address>
         <size>0x0</size>
         <input_file_ref idref="fl-13c"/>
      </object_component>
      <object_component id="oc-323">
         <name>.stack</name>
         <uninitialized>true</uninitialized>
         <run_address>0x20000244</run_address>
         <size>0x0</size>
      </object_component>
      <object_component id="oc-16c">
         <name>.bss:samPosition12</name>
         <uninitialized>true</uninitialized>
         <run_address>0x20000164</run_address>
         <size>0x80</size>
         <input_file_ref idref="fl-2"/>
      </object_component>
      <object_component id="oc-174">
         <name>.bss:serialPC</name>
         <uninitialized>true</uninitialized>
         <run_address>0x20000000</run_address>
         <size>0xcb</size>
         <input_file_ref idref="fl-7"/>
      </object_component>
      <object_component id="oc-25c">
         <name>.bss:dataSendBuffer</name>
         <uninitialized>true</uninitialized>
         <run_address>0x200000cb</run_address>
         <size>0x98</size>
         <input_file_ref idref="fl-7"/>
      </object_component>
      <object_component id="oc-144">
         <name>.bss:Uart</name>
         <uninitialized>true</uninitialized>
         <run_address>0x200001e4</run_address>
         <size>0x29</size>
         <input_file_ref idref="fl-b"/>
      </object_component>
      <object_component id="oc-25b">
         <name>.common:sam1</name>
         <uninitialized>true</uninitialized>
         <run_address>0x20000230</run_address>
         <size>0x8</size>
      </object_component>
      <object_component id="oc-170">
         <name>.common:samDataAvail</name>
         <uninitialized>true</uninitialized>
         <run_address>0x2000020d</run_address>
         <size>0x20</size>
      </object_component>
      <object_component id="oc-ed">
         <name>.common:samReadBusy</name>
         <uninitialized>true</uninitialized>
         <run_address>0x2000022d</run_address>
         <size>0x1</size>
      </object_component>
      <object_component id="oc-171">
         <name>.common:samReadCurrentID_C4</name>
         <uninitialized>true</uninitialized>
         <run_address>0x2000022f</run_address>
         <size>0x1</size>
      </object_component>
      <object_component id="oc-16f">
         <name>.common:samReadCurrentID_C2</name>
         <uninitialized>true</uninitialized>
         <run_address>0x2000022e</run_address>
         <size>0x1</size>
      </object_component>
      <object_component id="oc-ea">
         <name>.common:FlagTimer</name>
         <uninitialized>true</uninitialized>
         <run_address>0x20000163</run_address>
         <size>0x1</size>
      </object_component>
      <object_component id="oc-f0">
         <name>.common:toggle_led</name>
         <uninitialized>true</uninitialized>
         <run_address>0x2000023e</run_address>
         <size>0x4</size>
      </object_component>
      <object_component id="oc-e7">
         <name>.common:SysTick_Int_Count</name>
         <uninitialized>true</uninitialized>
         <run_address>0x20000238</run_address>
         <size>0x6</size>
      </object_component>
      <object_component id="oc-265">
         <name>.data</name>
         <load_address>0x2000045e</load_address>
         <run_address>0x2000045e</run_address>
         <size>0x1</size>
         <input_file_ref idref="fl-3"/>
      </object_component>
      <object_component id="oc-f3">
         <name>.data</name>
         <load_address>0x20000444</load_address>
         <run_address>0x20000444</run_address>
         <size>0x1a</size>
         <input_file_ref idref="fl-8"/>
      </object_component>
      <object_component id="oc-1a7">
         <name>.data</name>
         <load_address>0x20000468</load_address>
         <run_address>0x20000468</run_address>
         <size>0x8</size>
         <input_file_ref idref="fl-141"/>
      </object_component>
      <object_component id="oc-88">
         <name>.data</name>
         <load_address>0x20000474</load_address>
         <run_address>0x20000474</run_address>
         <size>0x4</size>
         <input_file_ref idref="fl-147"/>
      </object_component>
      <object_component id="oc-1a4">
         <name>.data</name>
         <load_address>0x20000460</load_address>
         <run_address>0x20000460</run_address>
         <size>0x8</size>
         <input_file_ref idref="fl-149"/>
      </object_component>
      <object_component id="oc-2ec">
         <name>.data</name>
         <load_address>0x20000470</load_address>
         <run_address>0x20000470</run_address>
         <size>0x4</size>
         <input_file_ref idref="fl-14d"/>
      </object_component>
      <object_component id="oc-ee">
         <name>.debug_info</name>
         <load_address>0x0</load_address>
         <run_address>0x0</run_address>
         <size>0x263</size>
         <input_file_ref idref="fl-2"/>
      </object_component>
      <object_component id="oc-16d">
         <name>.debug_info</name>
         <load_address>0x263</load_address>
         <run_address>0x263</run_address>
         <size>0xef</size>
         <input_file_ref idref="fl-2"/>
      </object_component>
      <object_component id="oc-256">
         <name>.debug_info</name>
         <load_address>0x352</load_address>
         <run_address>0x352</run_address>
         <size>0x634</size>
         <input_file_ref idref="fl-2"/>
      </object_component>
      <object_component id="oc-1f8">
         <name>.debug_info</name>
         <load_address>0x986</load_address>
         <run_address>0x986</run_address>
         <size>0x9a</size>
         <input_file_ref idref="fl-2"/>
      </object_component>
      <object_component id="oc-17b">
         <name>.debug_info</name>
         <load_address>0xa20</load_address>
         <run_address>0xa20</run_address>
         <size>0x84</size>
         <input_file_ref idref="fl-2"/>
      </object_component>
      <object_component id="oc-f7">
         <name>.debug_info</name>
         <load_address>0xaa4</load_address>
         <run_address>0xaa4</run_address>
         <size>0x18b</size>
         <input_file_ref idref="fl-2"/>
      </object_component>
      <object_component id="oc-eb">
         <name>.debug_info</name>
         <load_address>0xc2f</load_address>
         <run_address>0xc2f</run_address>
         <size>0x67a</size>
         <input_file_ref idref="fl-3"/>
      </object_component>
      <object_component id="oc-266">
         <name>.debug_info</name>
         <load_address>0x12a9</load_address>
         <run_address>0x12a9</run_address>
         <size>0xfc</size>
         <input_file_ref idref="fl-3"/>
      </object_component>
      <object_component id="oc-19e">
         <name>.debug_info</name>
         <load_address>0x13a5</load_address>
         <run_address>0x13a5</run_address>
         <size>0x8e1</size>
         <input_file_ref idref="fl-3"/>
      </object_component>
      <object_component id="oc-1ee">
         <name>.debug_info</name>
         <load_address>0x1c86</load_address>
         <run_address>0x1c86</run_address>
         <size>0x86</size>
         <input_file_ref idref="fl-3"/>
      </object_component>
      <object_component id="oc-1e3">
         <name>.debug_info</name>
         <load_address>0x1d0c</load_address>
         <run_address>0x1d0c</run_address>
         <size>0xc3</size>
         <input_file_ref idref="fl-3"/>
      </object_component>
      <object_component id="oc-1f3">
         <name>.debug_info</name>
         <load_address>0x1dcf</load_address>
         <run_address>0x1dcf</run_address>
         <size>0x4d</size>
         <input_file_ref idref="fl-3"/>
      </object_component>
      <object_component id="oc-22c">
         <name>.debug_info</name>
         <load_address>0x1e1c</load_address>
         <run_address>0x1e1c</run_address>
         <size>0x5e</size>
         <input_file_ref idref="fl-3"/>
      </object_component>
      <object_component id="oc-149">
         <name>.debug_info</name>
         <load_address>0x1e7a</load_address>
         <run_address>0x1e7a</run_address>
         <size>0x8b</size>
         <input_file_ref idref="fl-4"/>
      </object_component>
      <object_component id="oc-f1">
         <name>.debug_info</name>
         <load_address>0x1f05</load_address>
         <run_address>0x1f05</run_address>
         <size>0x24c</size>
         <input_file_ref idref="fl-5"/>
      </object_component>
      <object_component id="oc-dc">
         <name>.debug_info</name>
         <load_address>0x2151</load_address>
         <run_address>0x2151</run_address>
         <size>0x27f</size>
         <input_file_ref idref="fl-5"/>
      </object_component>
      <object_component id="oc-173">
         <name>.debug_info</name>
         <load_address>0x23d0</load_address>
         <run_address>0x23d0</run_address>
         <size>0x5d3</size>
         <input_file_ref idref="fl-6"/>
      </object_component>
      <object_component id="oc-3d">
         <name>.debug_info</name>
         <load_address>0x29a3</load_address>
         <run_address>0x29a3</run_address>
         <size>0xb4c</size>
         <input_file_ref idref="fl-6"/>
      </object_component>
      <object_component id="oc-178">
         <name>.debug_info</name>
         <load_address>0x34ef</load_address>
         <run_address>0x34ef</run_address>
         <size>0x419</size>
         <input_file_ref idref="fl-7"/>
      </object_component>
      <object_component id="oc-175">
         <name>.debug_info</name>
         <load_address>0x3908</load_address>
         <run_address>0x3908</run_address>
         <size>0xea</size>
         <input_file_ref idref="fl-7"/>
      </object_component>
      <object_component id="oc-25d">
         <name>.debug_info</name>
         <load_address>0x39f2</load_address>
         <run_address>0x39f2</run_address>
         <size>0xf6</size>
         <input_file_ref idref="fl-7"/>
      </object_component>
      <object_component id="oc-43">
         <name>.debug_info</name>
         <load_address>0x3ae8</load_address>
         <run_address>0x3ae8</run_address>
         <size>0x9a9</size>
         <input_file_ref idref="fl-7"/>
      </object_component>
      <object_component id="oc-e8">
         <name>.debug_info</name>
         <load_address>0x4491</load_address>
         <run_address>0x4491</run_address>
         <size>0x446</size>
         <input_file_ref idref="fl-8"/>
      </object_component>
      <object_component id="oc-f4">
         <name>.debug_info</name>
         <load_address>0x48d7</load_address>
         <run_address>0x48d7</run_address>
         <size>0x262</size>
         <input_file_ref idref="fl-8"/>
      </object_component>
      <object_component id="oc-31">
         <name>.debug_info</name>
         <load_address>0x4b39</load_address>
         <run_address>0x4b39</run_address>
         <size>0x5df</size>
         <input_file_ref idref="fl-8"/>
      </object_component>
      <object_component id="oc-1e7">
         <name>.debug_info</name>
         <load_address>0x5118</load_address>
         <run_address>0x5118</run_address>
         <size>0x11c</size>
         <input_file_ref idref="fl-8"/>
      </object_component>
      <object_component id="oc-2be">
         <name>.debug_info</name>
         <load_address>0x5234</load_address>
         <run_address>0x5234</run_address>
         <size>0x172</size>
         <input_file_ref idref="fl-9"/>
      </object_component>
      <object_component id="oc-262">
         <name>.debug_info</name>
         <load_address>0x53a6</load_address>
         <run_address>0x53a6</run_address>
         <size>0x5a9</size>
         <input_file_ref idref="fl-9"/>
      </object_component>
      <object_component id="oc-148">
         <name>.debug_info</name>
         <load_address>0x594f</load_address>
         <run_address>0x594f</run_address>
         <size>0x4de</size>
         <input_file_ref idref="fl-b"/>
      </object_component>
      <object_component id="oc-145">
         <name>.debug_info</name>
         <load_address>0x5e2d</load_address>
         <run_address>0x5e2d</run_address>
         <size>0xe0</size>
         <input_file_ref idref="fl-b"/>
      </object_component>
      <object_component id="oc-37">
         <name>.debug_info</name>
         <load_address>0x5f0d</load_address>
         <run_address>0x5f0d</run_address>
         <size>0xe62</size>
         <input_file_ref idref="fl-b"/>
      </object_component>
      <object_component id="oc-4a">
         <name>.debug_info</name>
         <load_address>0x6d6f</load_address>
         <run_address>0x6d6f</run_address>
         <size>0x30b</size>
         <input_file_ref idref="fl-c"/>
      </object_component>
      <object_component id="oc-10">
         <name>.debug_info</name>
         <load_address>0x707a</load_address>
         <run_address>0x707a</run_address>
         <size>0x102</size>
         <input_file_ref idref="fl-c"/>
      </object_component>
      <object_component id="oc-2d">
         <name>.debug_info</name>
         <load_address>0x717c</load_address>
         <run_address>0x717c</run_address>
         <size>0x27f</size>
         <input_file_ref idref="fl-c"/>
      </object_component>
      <object_component id="oc-209">
         <name>.debug_info</name>
         <load_address>0x73fb</load_address>
         <run_address>0x73fb</run_address>
         <size>0x1ce</size>
         <input_file_ref idref="fl-12"/>
      </object_component>
      <object_component id="oc-157">
         <name>.debug_info</name>
         <load_address>0x75c9</load_address>
         <run_address>0x75c9</run_address>
         <size>0x1e9</size>
         <input_file_ref idref="fl-12"/>
      </object_component>
      <object_component id="oc-10b">
         <name>.debug_info</name>
         <load_address>0x77b2</load_address>
         <run_address>0x77b2</run_address>
         <size>0x1e3</size>
         <input_file_ref idref="fl-12"/>
      </object_component>
      <object_component id="oc-123">
         <name>.debug_info</name>
         <load_address>0x7995</load_address>
         <run_address>0x7995</run_address>
         <size>0x1f3</size>
         <input_file_ref idref="fl-12"/>
      </object_component>
      <object_component id="oc-105">
         <name>.debug_info</name>
         <load_address>0x7b88</load_address>
         <run_address>0x7b88</run_address>
         <size>0x1f1</size>
         <input_file_ref idref="fl-12"/>
      </object_component>
      <object_component id="oc-129">
         <name>.debug_info</name>
         <load_address>0x7d79</load_address>
         <run_address>0x7d79</run_address>
         <size>0x233</size>
         <input_file_ref idref="fl-12"/>
      </object_component>
      <object_component id="oc-151">
         <name>.debug_info</name>
         <load_address>0x7fac</load_address>
         <run_address>0x7fac</run_address>
         <size>0x1b3</size>
         <input_file_ref idref="fl-12"/>
      </object_component>
      <object_component id="oc-135">
         <name>.debug_info</name>
         <load_address>0x815f</load_address>
         <run_address>0x815f</run_address>
         <size>0x1ab</size>
         <input_file_ref idref="fl-12"/>
      </object_component>
      <object_component id="oc-220">
         <name>.debug_info</name>
         <load_address>0x830a</load_address>
         <run_address>0x830a</run_address>
         <size>0x233</size>
         <input_file_ref idref="fl-12"/>
      </object_component>
      <object_component id="oc-11d">
         <name>.debug_info</name>
         <load_address>0x853d</load_address>
         <run_address>0x853d</run_address>
         <size>0x28a</size>
         <input_file_ref idref="fl-12"/>
      </object_component>
      <object_component id="oc-12f">
         <name>.debug_info</name>
         <load_address>0x87c7</load_address>
         <run_address>0x87c7</run_address>
         <size>0x1f5</size>
         <input_file_ref idref="fl-12"/>
      </object_component>
      <object_component id="oc-169">
         <name>.debug_info</name>
         <load_address>0x89bc</load_address>
         <run_address>0x89bc</run_address>
         <size>0x1b7</size>
         <input_file_ref idref="fl-12"/>
      </object_component>
      <object_component id="oc-13b">
         <name>.debug_info</name>
         <load_address>0x8b73</load_address>
         <run_address>0x8b73</run_address>
         <size>0x25d</size>
         <input_file_ref idref="fl-12"/>
      </object_component>
      <object_component id="oc-141">
         <name>.debug_info</name>
         <load_address>0x8dd0</load_address>
         <run_address>0x8dd0</run_address>
         <size>0x237</size>
         <input_file_ref idref="fl-12"/>
      </object_component>
      <object_component id="oc-1c8">
         <name>.debug_info</name>
         <load_address>0x9007</load_address>
         <run_address>0x9007</run_address>
         <size>0x90</size>
         <input_file_ref idref="fl-12"/>
      </object_component>
      <object_component id="oc-1b3">
         <name>.debug_info</name>
         <load_address>0x9097</load_address>
         <run_address>0x9097</run_address>
         <size>0x18b</size>
         <input_file_ref idref="fl-12"/>
      </object_component>
      <object_component id="oc-1bf">
         <name>.debug_info</name>
         <load_address>0x9222</load_address>
         <run_address>0x9222</run_address>
         <size>0x1cf</size>
         <input_file_ref idref="fl-13"/>
      </object_component>
      <object_component id="oc-e3">
         <name>.debug_info</name>
         <load_address>0x93f1</load_address>
         <run_address>0x93f1</run_address>
         <size>0x1ee</size>
         <input_file_ref idref="fl-13"/>
      </object_component>
      <object_component id="oc-b2">
         <name>.debug_info</name>
         <load_address>0x95df</load_address>
         <run_address>0x95df</run_address>
         <size>0x21e</size>
         <input_file_ref idref="fl-13"/>
      </object_component>
      <object_component id="oc-ca">
         <name>.debug_info</name>
         <load_address>0x97fd</load_address>
         <run_address>0x97fd</run_address>
         <size>0x1f8</size>
         <input_file_ref idref="fl-13"/>
      </object_component>
      <object_component id="oc-d6">
         <name>.debug_info</name>
         <load_address>0x99f5</load_address>
         <run_address>0x99f5</run_address>
         <size>0x1f6</size>
         <input_file_ref idref="fl-13"/>
      </object_component>
      <object_component id="oc-d0">
         <name>.debug_info</name>
         <load_address>0x9beb</load_address>
         <run_address>0x9beb</run_address>
         <size>0x1e3</size>
         <input_file_ref idref="fl-13"/>
      </object_component>
      <object_component id="oc-ad">
         <name>.debug_info</name>
         <load_address>0x9dce</load_address>
         <run_address>0x9dce</run_address>
         <size>0x1f0</size>
         <input_file_ref idref="fl-13"/>
      </object_component>
      <object_component id="oc-1b9">
         <name>.debug_info</name>
         <load_address>0x9fbe</load_address>
         <run_address>0x9fbe</run_address>
         <size>0x144</size>
         <input_file_ref idref="fl-14"/>
      </object_component>
      <object_component id="oc-94">
         <name>.debug_info</name>
         <load_address>0xa102</load_address>
         <run_address>0xa102</run_address>
         <size>0x1c5</size>
         <input_file_ref idref="fl-14"/>
      </object_component>
      <object_component id="oc-9b">
         <name>.debug_info</name>
         <load_address>0xa2c7</load_address>
         <run_address>0xa2c7</run_address>
         <size>0x18b</size>
         <input_file_ref idref="fl-14"/>
      </object_component>
      <object_component id="oc-a1">
         <name>.debug_info</name>
         <load_address>0xa452</load_address>
         <run_address>0xa452</run_address>
         <size>0x185</size>
         <input_file_ref idref="fl-14"/>
      </object_component>
      <object_component id="oc-1bd">
         <name>.debug_info</name>
         <load_address>0xa5d7</load_address>
         <run_address>0xa5d7</run_address>
         <size>0x226</size>
         <input_file_ref idref="fl-15"/>
      </object_component>
      <object_component id="oc-1b0">
         <name>.debug_info</name>
         <load_address>0xa7fd</load_address>
         <run_address>0xa7fd</run_address>
         <size>0xff</size>
         <input_file_ref idref="fl-15"/>
      </object_component>
      <object_component id="oc-a7">
         <name>.debug_info</name>
         <load_address>0xa8fc</load_address>
         <run_address>0xa8fc</run_address>
         <size>0x1e1</size>
         <input_file_ref idref="fl-15"/>
      </object_component>
      <object_component id="oc-24f">
         <name>.debug_info</name>
         <load_address>0xaadd</load_address>
         <run_address>0xaadd</run_address>
         <size>0x363</size>
         <input_file_ref idref="fl-15"/>
      </object_component>
      <object_component id="oc-8e">
         <name>.debug_info</name>
         <load_address>0xae40</load_address>
         <run_address>0xae40</run_address>
         <size>0x219</size>
         <input_file_ref idref="fl-15"/>
      </object_component>
      <object_component id="oc-284">
         <name>.debug_info</name>
         <load_address>0xb059</load_address>
         <run_address>0xb059</run_address>
         <size>0x5f</size>
         <input_file_ref idref="fl-15"/>
      </object_component>
      <object_component id="oc-1d1">
         <name>.debug_info</name>
         <load_address>0xb0b8</load_address>
         <run_address>0xb0b8</run_address>
         <size>0x1ba</size>
         <input_file_ref idref="fl-16"/>
      </object_component>
      <object_component id="oc-1ce">
         <name>.debug_info</name>
         <load_address>0xb272</load_address>
         <run_address>0xb272</run_address>
         <size>0x1c2</size>
         <input_file_ref idref="fl-16"/>
      </object_component>
      <object_component id="oc-1d3">
         <name>.debug_info</name>
         <load_address>0xb434</load_address>
         <run_address>0xb434</run_address>
         <size>0x100</size>
         <input_file_ref idref="fl-16"/>
      </object_component>
      <object_component id="oc-c6">
         <name>.debug_info</name>
         <load_address>0xb534</load_address>
         <run_address>0xb534</run_address>
         <size>0x22d</size>
         <input_file_ref idref="fl-16"/>
      </object_component>
      <object_component id="oc-ba">
         <name>.debug_info</name>
         <load_address>0xb761</load_address>
         <run_address>0xb761</run_address>
         <size>0x1a2</size>
         <input_file_ref idref="fl-16"/>
      </object_component>
      <object_component id="oc-c1">
         <name>.debug_info</name>
         <load_address>0xb903</load_address>
         <run_address>0xb903</run_address>
         <size>0x1cc</size>
         <input_file_ref idref="fl-16"/>
      </object_component>
      <object_component id="oc-20f">
         <name>.debug_info</name>
         <load_address>0xbacf</load_address>
         <run_address>0xbacf</run_address>
         <size>0x1d7</size>
         <input_file_ref idref="fl-17"/>
      </object_component>
      <object_component id="oc-20c">
         <name>.debug_info</name>
         <load_address>0xbca6</load_address>
         <run_address>0xbca6</run_address>
         <size>0x10d</size>
         <input_file_ref idref="fl-17"/>
      </object_component>
      <object_component id="oc-161">
         <name>.debug_info</name>
         <load_address>0xbdb3</load_address>
         <run_address>0xbdb3</run_address>
         <size>0x207</size>
         <input_file_ref idref="fl-17"/>
      </object_component>
      <object_component id="oc-211">
         <name>.debug_info</name>
         <load_address>0xbfba</load_address>
         <run_address>0xbfba</run_address>
         <size>0x217</size>
         <input_file_ref idref="fl-17"/>
      </object_component>
      <object_component id="oc-218">
         <name>.debug_info</name>
         <load_address>0xc1d1</load_address>
         <run_address>0xc1d1</run_address>
         <size>0x312</size>
         <input_file_ref idref="fl-17"/>
      </object_component>
      <object_component id="oc-116">
         <name>.debug_info</name>
         <load_address>0xc4e3</load_address>
         <run_address>0xc4e3</run_address>
         <size>0x1df</size>
         <input_file_ref idref="fl-17"/>
      </object_component>
      <object_component id="oc-15c">
         <name>.debug_info</name>
         <load_address>0xc6c2</load_address>
         <run_address>0xc6c2</run_address>
         <size>0x1eb</size>
         <input_file_ref idref="fl-17"/>
      </object_component>
      <object_component id="oc-1db">
         <name>.debug_info</name>
         <load_address>0xc8ad</load_address>
         <run_address>0xc8ad</run_address>
         <size>0x1df</size>
         <input_file_ref idref="fl-17"/>
      </object_component>
      <object_component id="oc-110">
         <name>.debug_info</name>
         <load_address>0xca8c</load_address>
         <run_address>0xca8c</run_address>
         <size>0x1e4</size>
         <input_file_ref idref="fl-17"/>
      </object_component>
      <object_component id="oc-1c2">
         <name>.debug_info</name>
         <load_address>0xcc70</load_address>
         <run_address>0xcc70</run_address>
         <size>0x176</size>
         <input_file_ref idref="fl-18"/>
      </object_component>
      <object_component id="oc-2cf">
         <name>.debug_info</name>
         <load_address>0xcde6</load_address>
         <run_address>0xcde6</run_address>
         <size>0xfe</size>
         <input_file_ref idref="fl-13a"/>
      </object_component>
      <object_component id="oc-2b4">
         <name>.debug_info</name>
         <load_address>0xcee4</load_address>
         <run_address>0xcee4</run_address>
         <size>0x12e</size>
         <input_file_ref idref="fl-13a"/>
      </object_component>
      <object_component id="oc-207">
         <name>.debug_info</name>
         <load_address>0xd012</load_address>
         <run_address>0xd012</run_address>
         <size>0xf7</size>
         <input_file_ref idref="fl-13b"/>
      </object_component>
      <object_component id="oc-ff">
         <name>.debug_info</name>
         <load_address>0xd109</load_address>
         <run_address>0xd109</run_address>
         <size>0x154</size>
         <input_file_ref idref="fl-13b"/>
      </object_component>
      <object_component id="oc-27">
         <name>.debug_info</name>
         <load_address>0xd25d</load_address>
         <run_address>0xd25d</run_address>
         <size>0x138</size>
         <input_file_ref idref="fl-13c"/>
      </object_component>
      <object_component id="oc-56">
         <name>.debug_info</name>
         <load_address>0xd395</load_address>
         <run_address>0xd395</run_address>
         <size>0x123</size>
         <input_file_ref idref="fl-13d"/>
      </object_component>
      <object_component id="oc-16">
         <name>.debug_info</name>
         <load_address>0xd4b8</load_address>
         <run_address>0xd4b8</run_address>
         <size>0x1c2</size>
         <input_file_ref idref="fl-13d"/>
      </object_component>
      <object_component id="oc-51">
         <name>.debug_info</name>
         <load_address>0xd67a</load_address>
         <run_address>0xd67a</run_address>
         <size>0x46</size>
         <input_file_ref idref="fl-13d"/>
      </object_component>
      <object_component id="oc-181">
         <name>.debug_info</name>
         <load_address>0xd6c0</load_address>
         <run_address>0xd6c0</run_address>
         <size>0x2c</size>
         <input_file_ref idref="fl-13d"/>
      </object_component>
      <object_component id="oc-5e">
         <name>.debug_info</name>
         <load_address>0xd6ec</load_address>
         <run_address>0xd6ec</run_address>
         <size>0x117</size>
         <input_file_ref idref="fl-13e"/>
      </object_component>
      <object_component id="oc-59">
         <name>.debug_info</name>
         <load_address>0xd803</load_address>
         <run_address>0xd803</run_address>
         <size>0x22a</size>
         <input_file_ref idref="fl-13e"/>
      </object_component>
      <object_component id="oc-1a">
         <name>.debug_info</name>
         <load_address>0xda2d</load_address>
         <run_address>0xda2d</run_address>
         <size>0x1bc</size>
         <input_file_ref idref="fl-13e"/>
      </object_component>
      <object_component id="oc-5f">
         <name>.debug_info</name>
         <load_address>0xdbe9</load_address>
         <run_address>0xdbe9</run_address>
         <size>0x39</size>
         <input_file_ref idref="fl-13e"/>
      </object_component>
      <object_component id="oc-18b">
         <name>.debug_info</name>
         <load_address>0xdc22</load_address>
         <run_address>0xdc22</run_address>
         <size>0x2c</size>
         <input_file_ref idref="fl-13e"/>
      </object_component>
      <object_component id="oc-6f">
         <name>.debug_info</name>
         <load_address>0xdc4e</load_address>
         <run_address>0xdc4e</run_address>
         <size>0x112</size>
         <input_file_ref idref="fl-13f"/>
      </object_component>
      <object_component id="oc-1f">
         <name>.debug_info</name>
         <load_address>0xdd60</load_address>
         <run_address>0xdd60</run_address>
         <size>0x18d</size>
         <input_file_ref idref="fl-13f"/>
      </object_component>
      <object_component id="oc-6a">
         <name>.debug_info</name>
         <load_address>0xdeed</load_address>
         <run_address>0xdeed</run_address>
         <size>0x46</size>
         <input_file_ref idref="fl-13f"/>
      </object_component>
      <object_component id="oc-295">
         <name>.debug_info</name>
         <load_address>0xdf33</load_address>
         <run_address>0xdf33</run_address>
         <size>0xd1</size>
         <input_file_ref idref="fl-140"/>
      </object_component>
      <object_component id="oc-204">
         <name>.debug_info</name>
         <load_address>0xe004</load_address>
         <run_address>0xe004</run_address>
         <size>0xdd</size>
         <input_file_ref idref="fl-140"/>
      </object_component>
      <object_component id="oc-1ab">
         <name>.debug_info</name>
         <load_address>0xe0e1</load_address>
         <run_address>0xe0e1</run_address>
         <size>0x174</size>
         <input_file_ref idref="fl-141"/>
      </object_component>
      <object_component id="oc-1a8">
         <name>.debug_info</name>
         <load_address>0xe255</load_address>
         <run_address>0xe255</run_address>
         <size>0x119</size>
         <input_file_ref idref="fl-141"/>
      </object_component>
      <object_component id="oc-85">
         <name>.debug_info</name>
         <load_address>0xe36e</load_address>
         <run_address>0xe36e</run_address>
         <size>0x1f0</size>
         <input_file_ref idref="fl-141"/>
      </object_component>
      <object_component id="oc-2b9">
         <name>.debug_info</name>
         <load_address>0xe55e</load_address>
         <run_address>0xe55e</run_address>
         <size>0x116</size>
         <input_file_ref idref="fl-142"/>
      </object_component>
      <object_component id="oc-2c7">
         <name>.debug_info</name>
         <load_address>0xe674</load_address>
         <run_address>0xe674</run_address>
         <size>0xf4</size>
         <input_file_ref idref="fl-143"/>
      </object_component>
      <object_component id="oc-2b0">
         <name>.debug_info</name>
         <load_address>0xe768</load_address>
         <run_address>0xe768</run_address>
         <size>0x12c</size>
         <input_file_ref idref="fl-143"/>
      </object_component>
      <object_component id="oc-4c">
         <name>.debug_info</name>
         <load_address>0xe894</load_address>
         <run_address>0xe894</run_address>
         <size>0xfa</size>
         <input_file_ref idref="fl-144"/>
      </object_component>
      <object_component id="oc-65">
         <name>.debug_info</name>
         <load_address>0xe98e</load_address>
         <run_address>0xe98e</run_address>
         <size>0x12a</size>
         <input_file_ref idref="fl-145"/>
      </object_component>
      <object_component id="oc-71">
         <name>.debug_info</name>
         <load_address>0xeab8</load_address>
         <run_address>0xeab8</run_address>
         <size>0x12b</size>
         <input_file_ref idref="fl-146"/>
      </object_component>
      <object_component id="oc-89">
         <name>.debug_info</name>
         <load_address>0xebe3</load_address>
         <run_address>0xebe3</run_address>
         <size>0xec</size>
         <input_file_ref idref="fl-147"/>
      </object_component>
      <object_component id="oc-2f0">
         <name>.debug_info</name>
         <load_address>0xeccf</load_address>
         <run_address>0xeccf</run_address>
         <size>0x23f</size>
         <input_file_ref idref="fl-148"/>
      </object_component>
      <object_component id="oc-2ea">
         <name>.debug_info</name>
         <load_address>0xef0e</load_address>
         <run_address>0xef0e</run_address>
         <size>0xfb</size>
         <input_file_ref idref="fl-148"/>
      </object_component>
      <object_component id="oc-2c9">
         <name>.debug_info</name>
         <load_address>0xf009</load_address>
         <run_address>0xf009</run_address>
         <size>0x2e3</size>
         <input_file_ref idref="fl-148"/>
      </object_component>
      <object_component id="oc-278">
         <name>.debug_info</name>
         <load_address>0xf2ec</load_address>
         <run_address>0xf2ec</run_address>
         <size>0x107</size>
         <input_file_ref idref="fl-149"/>
      </object_component>
      <object_component id="oc-1a5">
         <name>.debug_info</name>
         <load_address>0xf3f3</load_address>
         <run_address>0xf3f3</run_address>
         <size>0xf6</size>
         <input_file_ref idref="fl-149"/>
      </object_component>
      <object_component id="oc-272">
         <name>.debug_info</name>
         <load_address>0xf4e9</load_address>
         <run_address>0xf4e9</run_address>
         <size>0x202</size>
         <input_file_ref idref="fl-149"/>
      </object_component>
      <object_component id="oc-1a3">
         <name>.debug_info</name>
         <load_address>0xf6eb</load_address>
         <run_address>0xf6eb</run_address>
         <size>0x149</size>
         <input_file_ref idref="fl-14a"/>
      </object_component>
      <object_component id="oc-7d">
         <name>.debug_info</name>
         <load_address>0xf834</load_address>
         <run_address>0xf834</run_address>
         <size>0x14a</size>
         <input_file_ref idref="fl-14a"/>
      </object_component>
      <object_component id="oc-26b">
         <name>.debug_info</name>
         <load_address>0xf97e</load_address>
         <run_address>0xf97e</run_address>
         <size>0x5e</size>
         <input_file_ref idref="fl-14a"/>
      </object_component>
      <object_component id="oc-19b">
         <name>.debug_info</name>
         <load_address>0xf9dc</load_address>
         <run_address>0xf9dc</run_address>
         <size>0x2a0</size>
         <input_file_ref idref="fl-14b"/>
      </object_component>
      <object_component id="oc-7a">
         <name>.debug_info</name>
         <load_address>0xfc7c</load_address>
         <run_address>0xfc7c</run_address>
         <size>0x15a</size>
         <input_file_ref idref="fl-14b"/>
      </object_component>
      <object_component id="oc-244">
         <name>.debug_info</name>
         <load_address>0xfdd6</load_address>
         <run_address>0xfdd6</run_address>
         <size>0x39</size>
         <input_file_ref idref="fl-14b"/>
      </object_component>
      <object_component id="oc-249">
         <name>.debug_info</name>
         <load_address>0xfe0f</load_address>
         <run_address>0xfe0f</run_address>
         <size>0xcd</size>
         <input_file_ref idref="fl-14b"/>
      </object_component>
      <object_component id="oc-241">
         <name>.debug_info</name>
         <load_address>0xfedc</load_address>
         <run_address>0xfedc</run_address>
         <size>0x1c3</size>
         <input_file_ref idref="fl-14c"/>
      </object_component>
      <object_component id="oc-197">
         <name>.debug_info</name>
         <load_address>0x1009f</load_address>
         <run_address>0x1009f</run_address>
         <size>0x17f</size>
         <input_file_ref idref="fl-14c"/>
      </object_component>
      <object_component id="oc-2a3">
         <name>.debug_info</name>
         <load_address>0x1021e</load_address>
         <run_address>0x1021e</run_address>
         <size>0x2c</size>
         <input_file_ref idref="fl-14c"/>
      </object_component>
      <object_component id="oc-2ed">
         <name>.debug_info</name>
         <load_address>0x1024a</load_address>
         <run_address>0x1024a</run_address>
         <size>0xd8</size>
         <input_file_ref idref="fl-14d"/>
      </object_component>
      <object_component id="oc-2db">
         <name>.debug_info</name>
         <load_address>0x10322</load_address>
         <run_address>0x10322</run_address>
         <size>0x12d</size>
         <input_file_ref idref="fl-14e"/>
      </object_component>
      <object_component id="oc-2e0">
         <name>.debug_info</name>
         <load_address>0x1044f</load_address>
         <run_address>0x1044f</run_address>
         <size>0x109</size>
         <input_file_ref idref="fl-14f"/>
      </object_component>
      <object_component id="oc-2e7">
         <name>.debug_info</name>
         <load_address>0x10558</load_address>
         <run_address>0x10558</run_address>
         <size>0x11b</size>
         <input_file_ref idref="fl-150"/>
      </object_component>
      <object_component id="oc-2d6">
         <name>.debug_info</name>
         <load_address>0x10673</load_address>
         <run_address>0x10673</run_address>
         <size>0x11b</size>
         <input_file_ref idref="fl-151"/>
      </object_component>
      <object_component id="oc-324">
         <name>.debug_info</name>
         <load_address>0x1078e</load_address>
         <run_address>0x1078e</run_address>
         <size>0xbc</size>
      </object_component>
      <object_component id="oc-1fe">
         <name>.debug_line</name>
         <load_address>0x0</load_address>
         <run_address>0x0</run_address>
         <size>0x9c</size>
         <input_file_ref idref="fl-2"/>
      </object_component>
      <object_component id="oc-239">
         <name>.debug_line</name>
         <load_address>0x9c</load_address>
         <run_address>0x9c</run_address>
         <size>0x2c</size>
         <input_file_ref idref="fl-2"/>
      </object_component>
      <object_component id="oc-259">
         <name>.debug_line</name>
         <load_address>0xc8</load_address>
         <run_address>0xc8</run_address>
         <size>0x1ec</size>
         <input_file_ref idref="fl-2"/>
      </object_component>
      <object_component id="oc-1fb">
         <name>.debug_line</name>
         <load_address>0x2b4</load_address>
         <run_address>0x2b4</run_address>
         <size>0x2c</size>
         <input_file_ref idref="fl-2"/>
      </object_component>
      <object_component id="oc-17e">
         <name>.debug_line</name>
         <load_address>0x2e0</load_address>
         <run_address>0x2e0</run_address>
         <size>0x20</size>
         <input_file_ref idref="fl-2"/>
      </object_component>
      <object_component id="oc-fa">
         <name>.debug_line</name>
         <load_address>0x300</load_address>
         <run_address>0x300</run_address>
         <size>0x60</size>
         <input_file_ref idref="fl-2"/>
      </object_component>
      <object_component id="oc-1ed">
         <name>.debug_line</name>
         <load_address>0x360</load_address>
         <run_address>0x360</run_address>
         <size>0x11b</size>
         <input_file_ref idref="fl-3"/>
      </object_component>
      <object_component id="oc-2c0">
         <name>.debug_line</name>
         <load_address>0x47b</load_address>
         <run_address>0x47b</run_address>
         <size>0x3a</size>
         <input_file_ref idref="fl-3"/>
      </object_component>
      <object_component id="oc-19d">
         <name>.debug_line</name>
         <load_address>0x4b5</load_address>
         <run_address>0x4b5</run_address>
         <size>0x2c2</size>
         <input_file_ref idref="fl-3"/>
      </object_component>
      <object_component id="oc-1f1">
         <name>.debug_line</name>
         <load_address>0x777</load_address>
         <run_address>0x777</run_address>
         <size>0x31</size>
         <input_file_ref idref="fl-3"/>
      </object_component>
      <object_component id="oc-1e5">
         <name>.debug_line</name>
         <load_address>0x7a8</load_address>
         <run_address>0x7a8</run_address>
         <size>0x30</size>
         <input_file_ref idref="fl-3"/>
      </object_component>
      <object_component id="oc-1f6">
         <name>.debug_line</name>
         <load_address>0x7d8</load_address>
         <run_address>0x7d8</run_address>
         <size>0x3a</size>
         <input_file_ref idref="fl-3"/>
      </object_component>
      <object_component id="oc-22f">
         <name>.debug_line</name>
         <load_address>0x812</load_address>
         <run_address>0x812</run_address>
         <size>0x2f</size>
         <input_file_ref idref="fl-3"/>
      </object_component>
      <object_component id="oc-14c">
         <name>.debug_line</name>
         <load_address>0x841</load_address>
         <run_address>0x841</run_address>
         <size>0x20</size>
         <input_file_ref idref="fl-4"/>
      </object_component>
      <object_component id="oc-200">
         <name>.debug_line</name>
         <load_address>0x861</load_address>
         <run_address>0x861</run_address>
         <size>0x9f</size>
         <input_file_ref idref="fl-5"/>
      </object_component>
      <object_component id="oc-df">
         <name>.debug_line</name>
         <load_address>0x900</load_address>
         <run_address>0x900</run_address>
         <size>0x87</size>
         <input_file_ref idref="fl-5"/>
      </object_component>
      <object_component id="oc-23b">
         <name>.debug_line</name>
         <load_address>0x987</load_address>
         <run_address>0x987</run_address>
         <size>0x113</size>
         <input_file_ref idref="fl-6"/>
      </object_component>
      <object_component id="oc-40">
         <name>.debug_line</name>
         <load_address>0xa9a</load_address>
         <run_address>0xa9a</run_address>
         <size>0x185</size>
         <input_file_ref idref="fl-6"/>
      </object_component>
      <object_component id="oc-23f">
         <name>.debug_line</name>
         <load_address>0xc1f</load_address>
         <run_address>0xc1f</run_address>
         <size>0x107</size>
         <input_file_ref idref="fl-7"/>
      </object_component>
      <object_component id="oc-23d">
         <name>.debug_line</name>
         <load_address>0xd26</load_address>
         <run_address>0xd26</run_address>
         <size>0x31</size>
         <input_file_ref idref="fl-7"/>
      </object_component>
      <object_component id="oc-2ab">
         <name>.debug_line</name>
         <load_address>0xd57</load_address>
         <run_address>0xd57</run_address>
         <size>0x31</size>
         <input_file_ref idref="fl-7"/>
      </object_component>
      <object_component id="oc-46">
         <name>.debug_line</name>
         <load_address>0xd88</load_address>
         <run_address>0xd88</run_address>
         <size>0x160</size>
         <input_file_ref idref="fl-7"/>
      </object_component>
      <object_component id="oc-1e2">
         <name>.debug_line</name>
         <load_address>0xee8</load_address>
         <run_address>0xee8</run_address>
         <size>0x144</size>
         <input_file_ref idref="fl-8"/>
      </object_component>
      <object_component id="oc-202">
         <name>.debug_line</name>
         <load_address>0x102c</load_address>
         <run_address>0x102c</run_address>
         <size>0x30</size>
         <input_file_ref idref="fl-8"/>
      </object_component>
      <object_component id="oc-34">
         <name>.debug_line</name>
         <load_address>0x105c</load_address>
         <run_address>0x105c</run_address>
         <size>0x140</size>
         <input_file_ref idref="fl-8"/>
      </object_component>
      <object_component id="oc-1ea">
         <name>.debug_line</name>
         <load_address>0x119c</load_address>
         <run_address>0x119c</run_address>
         <size>0x30</size>
         <input_file_ref idref="fl-8"/>
      </object_component>
      <object_component id="oc-2d2">
         <name>.debug_line</name>
         <load_address>0x11cc</load_address>
         <run_address>0x11cc</run_address>
         <size>0xa4</size>
         <input_file_ref idref="fl-9"/>
      </object_component>
      <object_component id="oc-261">
         <name>.debug_line</name>
         <load_address>0x1270</load_address>
         <run_address>0x1270</run_address>
         <size>0x153</size>
         <input_file_ref idref="fl-9"/>
      </object_component>
      <object_component id="oc-232">
         <name>.debug_line</name>
         <load_address>0x13c3</load_address>
         <run_address>0x13c3</run_address>
         <size>0x154</size>
         <input_file_ref idref="fl-b"/>
      </object_component>
      <object_component id="oc-22b">
         <name>.debug_line</name>
         <load_address>0x1517</load_address>
         <run_address>0x1517</run_address>
         <size>0x2f</size>
         <input_file_ref idref="fl-b"/>
      </object_component>
      <object_component id="oc-3a">
         <name>.debug_line</name>
         <load_address>0x1546</load_address>
         <run_address>0x1546</run_address>
         <size>0x23a</size>
         <input_file_ref idref="fl-b"/>
      </object_component>
      <object_component id="oc-17a">
         <name>.debug_line</name>
         <load_address>0x1780</load_address>
         <run_address>0x1780</run_address>
         <size>0x41</size>
         <input_file_ref idref="fl-c"/>
      </object_component>
      <object_component id="oc-49">
         <name>.debug_line</name>
         <load_address>0x17c1</load_address>
         <run_address>0x17c1</run_address>
         <size>0x41</size>
         <input_file_ref idref="fl-c"/>
      </object_component>
      <object_component id="oc-2b">
         <name>.debug_line</name>
         <load_address>0x1802</load_address>
         <run_address>0x1802</run_address>
         <size>0xa1</size>
         <input_file_ref idref="fl-c"/>
      </object_component>
      <object_component id="oc-299">
         <name>.debug_line</name>
         <load_address>0x18a3</load_address>
         <run_address>0x18a3</run_address>
         <size>0x5b</size>
         <input_file_ref idref="fl-12"/>
      </object_component>
      <object_component id="oc-159">
         <name>.debug_line</name>
         <load_address>0x18fe</load_address>
         <run_address>0x18fe</run_address>
         <size>0x6b</size>
         <input_file_ref idref="fl-12"/>
      </object_component>
      <object_component id="oc-10d">
         <name>.debug_line</name>
         <load_address>0x1969</load_address>
         <run_address>0x1969</run_address>
         <size>0x6b</size>
         <input_file_ref idref="fl-12"/>
      </object_component>
      <object_component id="oc-125">
         <name>.debug_line</name>
[...]
      </symbol>
      <symbol id="sm-23b">
         <name>SysTick_Int_Count</name>
         <value>0x20000238</value>
      </symbol>
      <symbol id="sm-23c">
         <name>preMicroSecond_camera</name>
         <value>0x20000454</value>
         <object_component_ref idref="oc-f3"/>
      </symbol>
      <symbol id="sm-23d">
         <name>preMicroSecond_angle</name>
         <value>0x20000448</value>
         <object_component_ref idref="oc-f3"/>
      </symbol>
      <symbol id="sm-23e">
         <name>SycTick_Interrupt_Handler</name>
         <value>0x1e0f</value>
         <object_component_ref idref="oc-30"/>
      </symbol>
      <symbol id="sm-23f">
         <name>Timer1_init</name>
         <value>0x1ebb</value>
         <object_component_ref idref="oc-30"/>
      </symbol>
      <symbol id="sm-240">
         <name>Timer0_init</name>
         <value>0x1f35</value>
         <object_component_ref idref="oc-30"/>
      </symbol>
      <symbol id="sm-241">
         <name>Timer0_Interrupt_Handler</name>
         <value>0x1f77</value>
         <object_component_ref idref="oc-30"/>
      </symbol>
      <symbol id="sm-242">
         <name>getMicroSecond</name>
         <value>0x1f95</value>
         <object_component_ref idref="oc-30"/>
      </symbol>
      <symbol id="sm-243">
         <name>safe_flag</name>
         <value>0x2000045c</value>
         <object_component_ref idref="oc-f3"/>
      </symbol>
      <symbol id="sm-244">
         <name>preMicroSecond_position</name>
         <value>0x2000044c</value>
         <object_component_ref idref="oc-f3"/>
      </symbol>
      <symbol id="sm-245">
         <name>Timer1_Reset</name>
         <value>0x1f29</value>
         <object_component_ref idref="oc-30"/>
      </symbol>
      <symbol id="sm-246">
         <name>preMicroSecond_sonar</name>
         <value>0x20000450</value>
         <object_component_ref idref="oc-f3"/>
      </symbol>
      <symbol id="sm-247">
         <name>Timer1_Interrupt_Handler</name>
         <value>0x1f03</value>
         <object_component_ref idref="oc-30"/>
      </symbol>
      <symbol id="sm-248">
         <name>seconds</name>
         <value>0x20000444</value>
         <object_component_ref idref="oc-f3"/>
      </symbol>
      <symbol id="sm-249">
         <name>sampling_time_second</name>
         <value>0x20000458</value>
         <object_component_ref idref="oc-f3"/>
      </symbol>
      <symbol id="sm-24a">
         <name>SysTick_Init</name>
         <value>0x1df5</value>
         <object_component_ref idref="oc-30"/>
      </symbol>
      <symbol id="sm-24b">
         <name>SycTick_Int_Count</name>
         <value>0x2000045d</value>
         <object_component_ref idref="oc-f3"/>
      </symbol>
      <symbol id="sm-273">
         <name>Map_y</name>
         <value>0x1201</value>
         <object_component_ref idref="oc-25f"/>
      </symbol>
      <symbol id="sm-274">
         <name>set_int_value</name>
         <value>0x155f</value>
         <object_component_ref idref="oc-25f"/>
      </symbol>
      <symbol id="sm-275">
         <name>int2num</name>
         <value>0x1427</value>
         <object_component_ref idref="oc-25f"/>
      </symbol>
      <symbol id="sm-276">
         <name>set_float_value</name>
         <value>0x1525</value>
         <object_component_ref idref="oc-25f"/>
      </symbol>
      <symbol id="sm-277">
         <name>float2str</name>
         <value>0x1255</value>
         <object_component_ref idref="oc-25f"/>
      </symbol>
      <symbol id="sm-2be">
         <name>UART1_Interrupt_Handler</name>
         <value>0x15eb</value>
         <object_component_ref idref="oc-36"/>
      </symbol>
      <symbol id="sm-2bf">
         <name>SerialPutStr_NonTer</name>
         <value>0x185b</value>
         <object_component_ref idref="oc-36"/>
      </symbol>
      <symbol id="sm-2c0">
         <name>set_position</name>
         <value>0x1591</value>
         <object_component_ref idref="oc-36"/>
      </symbol>
      <symbol id="sm-2c1">
         <name>UART0_Interrupt_Handler</name>
         <value>0x163d</value>
         <object_component_ref idref="oc-36"/>
      </symbol>
      <symbol id="sm-2c2">
         <name>SerialPutStrLn</name>
         <value>0x182b</value>
         <object_component_ref idref="oc-36"/>
      </symbol>
      <symbol id="sm-2c3">
         <name>Uart</name>
         <value>0x200001e4</value>
         <object_component_ref idref="oc-144"/>
      </symbol>
      <symbol id="sm-2c4">
         <name>UART6_Interrupt_Handler</name>
         <value>0x15d1</value>
         <object_component_ref idref="oc-36"/>
      </symbol>
      <symbol id="sm-2c5">
         <name>SerialPutChar</name>
         <value>0x17ef</value>
         <object_component_ref idref="oc-36"/>
      </symbol>
      <symbol id="sm-2c6">
         <name>UART6_Init</name>
         <value>0x1697</value>
         <object_component_ref idref="oc-36"/>
      </symbol>
      <symbol id="sm-2c7">
         <name>UART0_Init</name>
         <value>0x16ef</value>
         <object_component_ref idref="oc-36"/>
      </symbol>
      <symbol id="sm-2c8">
         <name>UART1_Init</name>
         <value>0x1745</value>
         <object_component_ref idref="oc-36"/>
      </symbol>
      <symbol id="sm-2c9">
         <name>SerialTerminator</name>
         <value>0x18bb</value>
         <object_component_ref idref="oc-36"/>
      </symbol>
      <symbol id="sm-2ca">
         <name>SerialPutStr</name>
         <value>0x1803</value>
         <object_component_ref idref="oc-36"/>
      </symbol>
      <symbol id="sm-2cb">
         <name>SerialGetStr</name>
         <value>0x187b</value>
         <object_component_ref idref="oc-36"/>
      </symbol>
      <symbol id="sm-2cc">
         <name>SerialPutData</name>
         <value>0x17b7</value>
         <object_component_ref idref="oc-36"/>
      </symbol>
      <symbol id="sm-2e8">
         <name>ResetISR</name>
         <value>0x2e8d</value>
         <object_component_ref idref="oc-2a"/>
      </symbol>
      <symbol id="sm-2e9">
         <name>g_pfnVectors</name>
         <value>0x0</value>
         <object_component_ref idref="oc-f"/>
      </symbol>
      <symbol id="sm-36c">
         <name>UARTTxIntModeSet</name>
         <value>0x2e75</value>
         <object_component_ref idref="oc-154"/>
      </symbol>
      <symbol id="sm-36d">
         <name>UARTConfigSetExpClk</name>
         <value>0x2c89</value>
         <object_component_ref idref="oc-11a"/>
      </symbol>
      <symbol id="sm-36e">
         <name>UARTDisable</name>
         <value>0x2d4d</value>
         <object_component_ref idref="oc-21d"/>
      </symbol>
      <symbol id="sm-36f">
         <name>UARTIntEnable</name>
         <value>0x2edd</value>
         <object_component_ref idref="oc-120"/>
      </symbol>
      <symbol id="sm-370">
         <name>UARTCharsAvail</name>
         <value>0x2e69</value>
         <object_component_ref idref="oc-166"/>
      </symbol>
      <symbol id="sm-371">
         <name>UARTClockSourceSet</name>
         <value>0x2ef7</value>
         <object_component_ref idref="oc-12c"/>
      </symbol>
      <symbol id="sm-372">
         <name>UARTCharPut</name>
         <value>0x2eb7</value>
         <object_component_ref idref="oc-138"/>
      </symbol>
      <symbol id="sm-373">
         <name>UARTEnable</name>
         <value>0x2dc1</value>
         <object_component_ref idref="oc-132"/>
      </symbol>
      <symbol id="sm-374">
         <name>UARTFIFOEnable</name>
         <value>0x2ec1</value>
         <object_component_ref idref="oc-14e"/>
      </symbol>
      <symbol id="sm-375">
         <name>UARTIntClear</name>
         <value>0x2f0d</value>
         <object_component_ref idref="oc-102"/>
      </symbol>
      <symbol id="sm-376">
         <name>UARTIntStatus</name>
         <value>0x2ecb</value>
         <object_component_ref idref="oc-108"/>
      </symbol>
      <symbol id="sm-377">
         <name>UARTCharGet</name>
         <value>0x2ead</value>
         <object_component_ref idref="oc-13e"/>
      </symbol>
      <symbol id="sm-378">
         <name>UARTFIFOLevelSet</name>
         <value>0x2efd</value>
         <object_component_ref idref="oc-126"/>
      </symbol>
      <symbol id="sm-3b3">
         <name>TimerLoadSet</name>
         <value>0x2dfb</value>
         <object_component_ref idref="oc-b1"/>
      </symbol>
      <symbol id="sm-3b4">
         <name>TimerEnable</name>
         <value>0x2e41</value>
         <object_component_ref idref="oc-cf"/>
      </symbol>
      <symbol id="sm-3b5">
         <name>TimerValueGet</name>
         <value>0x2ea3</value>
         <object_component_ref idref="oc-e1"/>
      </symbol>
      <symbol id="sm-3b6">
         <name>TimerIntEnable</name>
         <value>0x2ed5</value>
         <object_component_ref idref="oc-c9"/>
      </symbol>
      <symbol id="sm-3b7">
         <name>TimerConfigure</name>
         <value>0x2a6d</value>
         <object_component_ref idref="oc-ab"/>
      </symbol>
      <symbol id="sm-3b8">
         <name>TimerIntClear</name>
         <value>0x2f09</value>
         <object_component_ref idref="oc-d5"/>
      </symbol>
      <symbol id="sm-3db">
         <name>SysTickEnable</name>
         <value>0x2d99</value>
         <object_component_ref idref="oc-9f"/>
      </symbol>
      <symbol id="sm-3dc">
         <name>SysTickIntEnable</name>
         <value>0x2dad</value>
         <object_component_ref idref="oc-99"/>
      </symbol>
      <symbol id="sm-3dd">
         <name>SysTickPeriodSet</name>
         <value>0x2e21</value>
         <object_component_ref idref="oc-93"/>
      </symbol>
      <symbol id="sm-438">
         <name>SysCtlClockSet</name>
         <value>0x2621</value>
         <object_component_ref idref="oc-24e"/>
      </symbol>
      <symbol id="sm-439">
         <name>SysCtlDelay</name>
         <value>0x2ef1</value>
         <object_component_ref idref="oc-254"/>
      </symbol>
      <symbol id="sm-43a">
         <name>SysCtlPeripheralEnable</name>
         <value>0x2cc9</value>
         <object_component_ref idref="oc-a5"/>
      </symbol>
      <symbol id="sm-43b">
         <name>SysCtlClockGet</name>
         <value>0x240d</value>
         <object_component_ref idref="oc-8d"/>
      </symbol>
      <symbol id="sm-47a">
         <name>IntPrioritySet</name>
         <value>0x2d29</value>
         <object_component_ref idref="oc-c3"/>
      </symbol>
      <symbol id="sm-47b">
         <name>IntEnable</name>
         <value>0x2a0d</value>
         <object_component_ref idref="oc-bd"/>
      </symbol>
      <symbol id="sm-47c">
         <name>IntMasterEnable</name>
         <value>0x2e99</value>
         <object_component_ref idref="oc-b7"/>
      </symbol>
      <symbol id="sm-4cc">
         <name>GPIOPinConfigure</name>
         <value>0x2bfd</value>
         <object_component_ref idref="oc-10e"/>
      </symbol>
      <symbol id="sm-4cd">
         <name>GPIOPinTypeUART</name>
         <value>0x2de9</value>
         <object_component_ref idref="oc-114"/>
      </symbol>
      <symbol id="sm-4ce">
         <name>GPIOPinTypeGPIOOutput</name>
         <value>0x2d69</value>
         <object_component_ref idref="oc-15a"/>
      </symbol>
      <symbol id="sm-4cf">
         <name>GPIOPinRead</name>
         <value>0x2ee5</value>
         <object_component_ref idref="oc-1d9"/>
      </symbol>
      <symbol id="sm-4d0">
         <name>GPIODirModeSet</name>
         <value>0x2cfd</value>
         <object_component_ref idref="oc-210"/>
      </symbol>
      <symbol id="sm-4d1">
         <name>GPIOPinWrite</name>
         <value>0x2eeb</value>
         <object_component_ref idref="oc-160"/>
      </symbol>
      <symbol id="sm-4d2">
         <name>GPIOPadConfigSet</name>
         <value>0x22dd</value>
         <object_component_ref idref="oc-216"/>
      </symbol>
      <symbol id="sm-4dc">
         <name>CPUcpsie</name>
         <value>0x2e5d</value>
         <object_component_ref idref="oc-1c1"/>
      </symbol>
      <symbol id="sm-4e9">
         <name>atof</name>
         <value>0x2e0d</value>
         <object_component_ref idref="oc-2b2"/>
      </symbol>
      <symbol id="sm-4ff">
         <name>atoi</name>
         <value>0x2b19</value>
         <object_component_ref idref="oc-fc"/>
      </symbol>
      <symbol id="sm-511">
         <name>_c_int00</name>
         <value>0x2ac9</value>
         <object_component_ref idref="oc-24"/>
      </symbol>
      <symbol id="sm-512">
         <name>__stack</name>
         <value>0x20000244</value>
         <object_component_ref idref="oc-29"/>
      </symbol>
      <symbol id="sm-529">
         <name>__TI_decompress_none</name>
         <value>0x2e4f</value>
         <object_component_ref idref="oc-12"/>
      </symbol>
      <symbol id="sm-551">
         <name>__TI_decompress_rle24</name>
         <value>0x2f03</value>
         <object_component_ref idref="oc-18"/>
      </symbol>
      <symbol id="sm-563">
         <name>__TI_zero_init</name>
         <value>0x2e81</value>
         <object_component_ref idref="oc-1e"/>
      </symbol>
      <symbol id="sm-56e">
         <name>_ctypes_</name>
         <value>0x2f18</value>
         <object_component_ref idref="oc-203"/>
      </symbol>
      <symbol id="sm-58d">
         <name>C$$EXIT</name>
         <value>0x2c45</value>
         <object_component_ref idref="oc-82"/>
      </symbol>
      <symbol id="sm-58e">
         <name>abort</name>
         <value>0x2c49</value>
         <object_component_ref idref="oc-82"/>
      </symbol>
      <symbol id="sm-58f">
         <name>exit</name>
         <value>0x2c51</value>
         <object_component_ref idref="oc-82"/>
      </symbol>
      <symbol id="sm-590">
         <name>__TI_dtors_ptr</name>
         <value>0x2000046c</value>
         <object_component_ref idref="oc-1a7"/>
      </symbol>
      <symbol id="sm-591">
         <name>__TI_cleanup_ptr</name>
         <value>0x20000468</value>
         <object_component_ref idref="oc-1a7"/>
      </symbol>
      <symbol id="sm-59d">
         <name>__aeabi_d2f</name>
         <value>0x2bb1</value>
         <object_component_ref idref="oc-2b8"/>
      </symbol>
      <symbol id="sm-5ac">
         <name>isdigit</name>
         <value>0x2e31</value>
         <object_component_ref idref="oc-2ac"/>
      </symbol>
      <symbol id="sm-5c7">
         <name>memcpy</name>
         <value>0x2711</value>
         <object_component_ref idref="oc-4b"/>
      </symbol>
      <symbol id="sm-5c8">
         <name>__aeabi_memcpy</name>
         <value>0x2711</value>
         <object_component_ref idref="oc-4b"/>
      </symbol>
      <symbol id="sm-5c9">
         <name>__aeabi_memcpy8</name>
         <value>0x2711</value>
         <object_component_ref idref="oc-4b"/>
      </symbol>
      <symbol id="sm-5ca">
         <name>__aeabi_memcpy4</name>
         <value>0x2711</value>
         <object_component_ref idref="oc-4b"/>
      </symbol>
      <symbol id="sm-5d9">
         <name>__aeabi_memset</name>
         <value>0x28bd</value>
         <object_component_ref idref="oc-64"/>
      </symbol>
      <symbol id="sm-5da">
         <name>memset</name>
         <value>0x28c3</value>
         <object_component_ref idref="oc-64"/>
      </symbol>
      <symbol id="sm-5db">
         <name>__aeabi_memset8</name>
         <value>0x28bd</value>
         <object_component_ref idref="oc-64"/>
      </symbol>
      <symbol id="sm-5dc">
         <name>__aeabi_memset4</name>
         <value>0x28bd</value>
         <object_component_ref idref="oc-64"/>
      </symbol>
      <symbol id="sm-5dd">
         <name>__aeabi_memclr8</name>
         <value>0x28bb</value>
         <object_component_ref idref="oc-64"/>
      </symbol>
      <symbol id="sm-5de">
         <name>__aeabi_memclr4</name>
         <value>0x28bb</value>
         <object_component_ref idref="oc-64"/>
      </symbol>
      <symbol id="sm-5df">
         <name>__aeabi_memclr</name>
         <value>0x28bb</value>
         <object_component_ref idref="oc-64"/>
      </symbol>
      <symbol id="sm-5e9">
         <name>_system_pre_init</name>
         <value>0x2f11</value>
         <object_component_ref idref="oc-70"/>
      </symbol>
      <symbol id="sm-5f1">
         <name>main_func_sp</name>
         <value>0x20000474</value>
         <object_component_ref idref="oc-88"/>
      </symbol>
      <symbol id="sm-630">
         <name>strtod</name>
         <value>0x1bb9</value>
         <object_component_ref idref="oc-2c8"/>
      </symbol>
      <symbol id="sm-649">
         <name>_nop</name>
         <value>0x2de3</value>
         <object_component_ref idref="oc-270"/>
      </symbol>
      <symbol id="sm-64a">
         <name>_lock</name>
         <value>0x20000460</value>
         <object_component_ref idref="oc-1a4"/>
      </symbol>
      <symbol id="sm-64b">
         <name>_unlock</name>
         <value>0x20000464</value>
         <object_component_ref idref="oc-1a4"/>
      </symbol>
      <symbol id="sm-64c">
         <name>_register_lock</name>
         <value>0x2ddb</value>
         <object_component_ref idref="oc-270"/>
      </symbol>
      <symbol id="sm-64d">
         <name>_register_unlock</name>
         <value>0x2dd5</value>
         <object_component_ref idref="oc-270"/>
      </symbol>
      <symbol id="sm-662">
         <name>_args_main</name>
         <value>0x2d81</value>
         <object_component_ref idref="oc-7c"/>
      </symbol>
      <symbol id="sm-688">
         <name>__TI_auto_init</name>
         <value>0x2935</value>
         <object_component_ref idref="oc-76"/>
      </symbol>
      <symbol id="sm-6a2">
         <name>copy_in</name>
         <value>0x2b65</value>
         <object_component_ref idref="oc-194"/>
      </symbol>
      <symbol id="sm-6aa">
         <name>_Errno</name>
         <value>0x20000470</value>
         <object_component_ref idref="oc-2ec"/>
      </symbol>
      <symbol id="sm-6ce">
         <name>__aeabi_dsub</name>
         <value>0x1ff1</value>
         <object_component_ref idref="oc-2da"/>
      </symbol>
      <symbol id="sm-6cf">
         <name>__aeabi_dadd</name>
         <value>0x1ffb</value>
         <object_component_ref idref="oc-2da"/>
      </symbol>
      <symbol id="sm-6e6">
         <name>__aeabi_cdcmpeq</name>
         <value>0x2835</value>
         <object_component_ref idref="oc-2df"/>
      </symbol>
      <symbol id="sm-6e7">
         <name>__aeabi_cdcmple</name>
         <value>0x2835</value>
         <object_component_ref idref="oc-2df"/>
      </symbol>
      <symbol id="sm-707">
         <name>__aeabi_ddiv</name>
         <value>0x21a7</value>
         <object_component_ref idref="oc-2e4"/>
      </symbol>
      <symbol id="sm-71e">
         <name>__aeabi_dmul</name>
         <value>0x2525</value>
         <object_component_ref idref="oc-2d5"/>
      </symbol>
      <symbol id="sm-71f">
         <name>__TI_static_base__</name>
         <value>0x0</value>
      </symbol>
      <symbol id="sm-722">
         <name>SHT$$INIT_ARRAY$$Limit</name>
         <value>0x0</value>
      </symbol>
      <symbol id="sm-723">
         <name>SHT$$INIT_ARRAY$$Base</name>
         <value>0x0</value>
      </symbol>
   </symbol_table>
   <title>Link successful</title>
</link_info>
