<?xml version="1.0"?>
<link_info>
   <banner>TI ARM Linker Unix v16.9.1.LTS</banner>
   <copyright>Copyright (c) 1996-2015 Texas Instruments Incorporated</copyright>
   <link_time>0x58fde0bb</link_time>
   <link_errors>0x0</link_errors>
   <output_file>SAM_subcontroller.out</output_file>
   <entry_point>
      <name>_c_int00</name>
      <address>0x2969</address>
   </entry_point>
   <input_file_list>
      <input_file id="fl-2">
         <path>./</path>
         <kind>object</kind>
         <file>SAM.obj</file>
         <name>SAM.obj</name>
      </input_file>
      <input_file id="fl-3">
         <path>./</path>
         <kind>object</kind>
         <file>mainSubController.obj</file>
         <name>mainSubController.obj</name>
      </input_file>
      <input_file id="fl-4">
         <path>./</path>
         <kind>object</kind>
         <file>myFIFO.obj</file>
         <name>myFIFO.obj</name>
      </input_file>
      <input_file id="fl-5">
         <path>./</path>
         <kind>object</kind>
         <file>myIO.obj</file>
         <name>myIO.obj</name>
      </input_file>
      <input_file id="fl-6">
         <path>./</path>
         <kind>object</kind>
         <file>myRS485.obj</file>
         <name>myRS485.obj</name>
      </input_file>
      <input_file id="fl-7">
         <path>./</path>
         <kind>object</kind>
         <file>mySerial.obj</file>
         <name>mySerial.obj</name>
      </input_file>
      <input_file id="fl-8">
         <path>./</path>
         <kind>object</kind>
         <file>myTimer.obj</file>
         <name>myTimer.obj</name>
      </input_file>
      <input_file id="fl-9">
         <path>./</path>
         <kind>object</kind>
         <file>numManipulate.obj</file>
         <name>numManipulate.obj</name>
      </input_file>
      <input_file id="fl-a">
         <path>./</path>
         <kind>object</kind>
         <file>ringbuf.obj</file>
         <name>ringbuf.obj</name>
      </input_file>
      <input_file id="fl-b">
         <path>./</path>
         <kind>object</kind>
         <file>serial.obj</file>
         <name>serial.obj</name>
      </input_file>
      <input_file id="fl-c">
         <path>./</path>
         <kind>object</kind>
         <file>tm4c123gh6pm_startup_ccs.obj</file>
         <name>tm4c123gh6pm_startup_ccs.obj</name>
      </input_file>
      <input_file id="fl-12">
         <path>/opt/ti/TivaWare_C_Series-2.1.0.12573/driverlib/ccs/Debug/</path>
         <kind>archive</kind>
         <file>driverlib.lib</file>
         <name>uart.obj</name>
      </input_file>
      <input_file id="fl-13">
         <path>/opt/ti/TivaWare_C_Series-2.1.0.12573/driverlib/ccs/Debug/</path>
         <kind>archive</kind>
         <file>driverlib.lib</file>
         <name>timer.obj</name>
      </input_file>
      <input_file id="fl-14">
         <path>/opt/ti/TivaWare_C_Series-2.1.0.12573/driverlib/ccs/Debug/</path>
         <kind>archive</kind>
         <file>driverlib.lib</file>
         <name>systick.obj</name>
      </input_file>
      <input_file id="fl-15">
         <path>/opt/ti/TivaWare_C_Series-2.1.0.12573/driverlib/ccs/Debug/</path>
         <kind>archive</kind>
         <file>driverlib.lib</file>
         <name>sysctl.obj</name>
      </input_file>
      <input_file id="fl-16">
         <path>/opt/ti/TivaWare_C_Series-2.1.0.12573/driverlib/ccs/Debug/</path>
         <kind>archive</kind>
         <file>driverlib.lib</file>
         <name>interrupt.obj</name>
      </input_file>
      <input_file id="fl-17">
         <path>/opt/ti/TivaWare_C_Series-2.1.0.12573/driverlib/ccs/Debug/</path>
         <kind>archive</kind>
         <file>driverlib.lib</file>
         <name>gpio.obj</name>
      </input_file>
      <input_file id="fl-18">
         <path>/opt/ti/TivaWare_C_Series-2.1.0.12573/driverlib/ccs/Debug/</path>
         <kind>archive</kind>
         <file>driverlib.lib</file>
         <name>cpu.obj</name>
      </input_file>
      <input_file id="fl-ce">
         <path>/opt/ti/ccs710/ccsv7/tools/compiler/ti-cgt-arm_16.9.1.LTS/lib/</path>
         <kind>archive</kind>
         <file>rtsv7M4_T_le_v4SPD16_eabi.lib</file>
         <name>atof.obj</name>
      </input_file>
      <input_file id="fl-cf">
         <path>/opt/ti/ccs710/ccsv7/tools/compiler/ti-cgt-arm_16.9.1.LTS/lib/</path>
         <kind>archive</kind>
         <file>rtsv7M4_T_le_v4SPD16_eabi.lib</file>
         <name>atoi.obj</name>
      </input_file>
      <input_file id="fl-d0">
         <path>/opt/ti/ccs710/ccsv7/tools/compiler/ti-cgt-arm_16.9.1.LTS/lib/</path>
         <kind>archive</kind>
         <file>rtsv7M4_T_le_v4SPD16_eabi.lib</file>
         <name>boot.obj</name>
      </input_file>
      <input_file id="fl-d1">
         <path>/opt/ti/ccs710/ccsv7/tools/compiler/ti-cgt-arm_16.9.1.LTS/lib/</path>
         <kind>archive</kind>
         <file>rtsv7M4_T_le_v4SPD16_eabi.lib</file>
         <name>copy_decompress_lzss.obj</name>
      </input_file>
      <input_file id="fl-d2">
         <path>/opt/ti/ccs710/ccsv7/tools/compiler/ti-cgt-arm_16.9.1.LTS/lib/</path>
         <kind>archive</kind>
         <file>rtsv7M4_T_le_v4SPD16_eabi.lib</file>
         <name>copy_decompress_none.obj</name>
      </input_file>
      <input_file id="fl-d3">
         <path>/opt/ti/ccs710/ccsv7/tools/compiler/ti-cgt-arm_16.9.1.LTS/lib/</path>
         <kind>archive</kind>
         <file>rtsv7M4_T_le_v4SPD16_eabi.lib</file>
         <name>copy_zero_init.obj</name>
      </input_file>
      <input_file id="fl-d4">
         <path>/opt/ti/ccs710/ccsv7/tools/compiler/ti-cgt-arm_16.9.1.LTS/lib/</path>
         <kind>archive</kind>
         <file>rtsv7M4_T_le_v4SPD16_eabi.lib</file>
         <name>ctype.obj</name>
      </input_file>
      <input_file id="fl-d5">
         <path>/opt/ti/ccs710/ccsv7/tools/compiler/ti-cgt-arm_16.9.1.LTS/lib/</path>
         <kind>archive</kind>
         <file>rtsv7M4_T_le_v4SPD16_eabi.lib</file>
         <name>exit.obj</name>
      </input_file>
      <input_file id="fl-d6">
         <path>/opt/ti/ccs710/ccsv7/tools/compiler/ti-cgt-arm_16.9.1.LTS/lib/</path>
         <kind>archive</kind>
         <file>rtsv7M4_T_le_v4SPD16_eabi.lib</file>
         <name>fd_tos_t2.obj</name>
      </input_file>
      <input_file id="fl-d7">
         <path>/opt/ti/ccs710/ccsv7/tools/compiler/ti-cgt-arm_16.9.1.LTS/lib/</path>
         <kind>archive</kind>
         <file>rtsv7M4_T_le_v4SPD16_eabi.lib</file>
         <name>isdigit.obj</name>
      </input_file>
      <input_file id="fl-d8">
         <path>/opt/ti/ccs710/ccsv7/tools/compiler/ti-cgt-arm_16.9.1.LTS/lib/</path>
         <kind>archive</kind>
         <file>rtsv7M4_T_le_v4SPD16_eabi.lib</file>
         <name>memcpy_t2.obj</name>
      </input_file>
      <input_file id="fl-d9">
         <path>/opt/ti/ccs710/ccsv7/tools/compiler/ti-cgt-arm_16.9.1.LTS/lib/</path>
         <kind>archive</kind>
         <file>rtsv7M4_T_le_v4SPD16_eabi.lib</file>
         <name>memset_t2.obj</name>
      </input_file>
      <input_file id="fl-da">
         <path>/opt/ti/ccs710/ccsv7/tools/compiler/ti-cgt-arm_16.9.1.LTS/lib/</path>
         <kind>archive</kind>
         <file>rtsv7M4_T_le_v4SPD16_eabi.lib</file>
         <name>mpu_init.obj</name>
      </input_file>
      <input_file id="fl-db">
         <path>/opt/ti/ccs710/ccsv7/tools/compiler/ti-cgt-arm_16.9.1.LTS/lib/</path>
         <kind>archive</kind>
         <file>rtsv7M4_T_le_v4SPD16_eabi.lib</file>
         <name>pre_init.obj</name>
      </input_file>
      <input_file id="fl-dc">
         <path>/opt/ti/ccs710/ccsv7/tools/compiler/ti-cgt-arm_16.9.1.LTS/lib/</path>
         <kind>archive</kind>
         <file>rtsv7M4_T_le_v4SPD16_eabi.lib</file>
         <name>stkdepth_vars.obj</name>
      </input_file>
      <input_file id="fl-dd">
         <path>/opt/ti/ccs710/ccsv7/tools/compiler/ti-cgt-arm_16.9.1.LTS/lib/</path>
         <kind>archive</kind>
         <file>rtsv7M4_T_le_v4SPD16_eabi.lib</file>
         <name>strtod.obj</name>
      </input_file>
      <input_file id="fl-de">
         <path>/opt/ti/ccs710/ccsv7/tools/compiler/ti-cgt-arm_16.9.1.LTS/lib/</path>
         <kind>archive</kind>
         <file>rtsv7M4_T_le_v4SPD16_eabi.lib</file>
         <name>_lock.obj</name>
      </input_file>
      <input_file id="fl-df">
         <path>/opt/ti/ccs710/ccsv7/tools/compiler/ti-cgt-arm_16.9.1.LTS/lib/</path>
         <kind>archive</kind>
         <file>rtsv7M4_T_le_v4SPD16_eabi.lib</file>
         <name>args_main.obj</name>
      </input_file>
      <input_file id="fl-e0">
         <path>/opt/ti/ccs710/ccsv7/tools/compiler/ti-cgt-arm_16.9.1.LTS/lib/</path>
         <kind>archive</kind>
         <file>rtsv7M4_T_le_v4SPD16_eabi.lib</file>
         <name>autoinit.obj</name>
      </input_file>
      <input_file id="fl-e1">
         <path>/opt/ti/ccs710/ccsv7/tools/compiler/ti-cgt-arm_16.9.1.LTS/lib/</path>
         <kind>archive</kind>
         <file>rtsv7M4_T_le_v4SPD16_eabi.lib</file>
         <name>cpy_tbl.obj</name>
      </input_file>
      <input_file id="fl-e2">
         <path>/opt/ti/ccs710/ccsv7/tools/compiler/ti-cgt-arm_16.9.1.LTS/lib/</path>
         <kind>archive</kind>
         <file>rtsv7M4_T_le_v4SPD16_eabi.lib</file>
         <name>errno.obj</name>
      </input_file>
      <input_file id="fl-e3">
         <path>/opt/ti/ccs710/ccsv7/tools/compiler/ti-cgt-arm_16.9.1.LTS/lib/</path>
         <kind>archive</kind>
         <file>rtsv7M4_T_le_v4SPD16_eabi.lib</file>
         <name>fd_add_t2.obj</name>
      </input_file>
      <input_file id="fl-e4">
         <path>/opt/ti/ccs710/ccsv7/tools/compiler/ti-cgt-arm_16.9.1.LTS/lib/</path>
         <kind>archive</kind>
         <file>rtsv7M4_T_le_v4SPD16_eabi.lib</file>
         <name>fd_cmp_t2.obj</name>
      </input_file>
      <input_file id="fl-e5">
         <path>/opt/ti/ccs710/ccsv7/tools/compiler/ti-cgt-arm_16.9.1.LTS/lib/</path>
         <kind>archive</kind>
         <file>rtsv7M4_T_le_v4SPD16_eabi.lib</file>
         <name>fd_div_t2.obj</name>
      </input_file>
      <input_file id="fl-e6">
         <path>/opt/ti/ccs710/ccsv7/tools/compiler/ti-cgt-arm_16.9.1.LTS/lib/</path>
         <kind>archive</kind>
         <file>rtsv7M4_T_le_v4SPD16_eabi.lib</file>
         <name>fd_mul_t2.obj</name>
      </input_file>
      <input_file id="fl-e7">
         <path>/opt/ti/ccs710/ccsv7/tools/compiler/ti-cgt-arm_16.9.1.LTS/lib/</path>
         <kind>archive</kind>
         <file>rtsv7M4_T_le_v4SPD16_eabi.lib</file>
         <name>startup.obj</name>
      </input_file>
   </input_file_list>
   <object_component_list>
      <object_component id="oc-f">
         <name>.intvecs</name>
         <load_address>0x0</load_address>
         <run_address>0x0</run_address>
         <size>0x26c</size>
         <input_file_ref idref="fl-c"/>
      </object_component>
      <object_component id="oc-1a2">
         <name>.text</name>
         <load_address>0x26c</load_address>
         <run_address>0x26c</run_address>
         <size>0x720</size>
         <input_file_ref idref="fl-3"/>
      </object_component>
      <object_component id="oc-26c">
         <name>.text</name>
         <load_address>0x98c</load_address>
         <run_address>0x98c</run_address>
         <size>0x390</size>
         <input_file_ref idref="fl-9"/>
      </object_component>
      <object_component id="oc-37">
         <name>.text</name>
         <load_address>0xd1c</load_address>
         <run_address>0xd1c</run_address>
         <size>0x388</size>
         <input_file_ref idref="fl-b"/>
      </object_component>
      <object_component id="oc-23f">
         <name>.text</name>
         <load_address>0x10a4</load_address>
         <run_address>0x10a4</run_address>
         <size>0x30c</size>
         <input_file_ref idref="fl-a"/>
      </object_component>
      <object_component id="oc-3d">
         <name>.text</name>
         <load_address>0x13b0</load_address>
         <run_address>0x13b0</run_address>
         <size>0x298</size>
         <input_file_ref idref="fl-6"/>
      </object_component>
      <object_component id="oc-2f5">
         <name>.text</name>
         <load_address>0x1648</load_address>
         <run_address>0x1648</run_address>
         <size>0x23c</size>
         <input_file_ref idref="fl-dd"/>
      </object_component>
      <object_component id="oc-43">
         <name>.text</name>
         <load_address>0x1884</load_address>
         <run_address>0x1884</run_address>
         <size>0x214</size>
         <input_file_ref idref="fl-7"/>
      </object_component>
      <object_component id="oc-31">
         <name>.text</name>
         <load_address>0x1a98</load_address>
         <run_address>0x1a98</run_address>
         <size>0x1f4</size>
         <input_file_ref idref="fl-8"/>
      </object_component>
      <object_component id="oc-308">
         <name>.text</name>
         <load_address>0x1c8c</load_address>
         <run_address>0x1c8c</run_address>
         <size>0x1b6</size>
         <input_file_ref idref="fl-e3"/>
      </object_component>
      <object_component id="oc-6f">
         <name>.text</name>
         <load_address>0x1e42</load_address>
         <run_address>0x1e42</run_address>
         <size>0x2</size>
         <input_file_ref idref="fl-da"/>
      </object_component>
      <object_component id="oc-16f">
         <name>.text</name>
         <load_address>0x1e44</load_address>
         <run_address>0x1e44</run_address>
         <size>0x190</size>
         <input_file_ref idref="fl-4"/>
      </object_component>
      <object_component id="oc-312">
         <name>.text</name>
         <load_address>0x1fd4</load_address>
         <run_address>0x1fd4</run_address>
         <size>0x136</size>
         <input_file_ref idref="fl-e5"/>
      </object_component>
      <object_component id="oc-218">
         <name>.text:GPIOPadConfigSet</name>
         <load_address>0x210a</load_address>
         <run_address>0x210a</run_address>
         <size>0x130</size>
         <input_file_ref idref="fl-17"/>
      </object_component>
      <object_component id="oc-19a">
         <name>.text</name>
         <load_address>0x223a</load_address>
         <run_address>0x223a</run_address>
         <size>0x2</size>
         <input_file_ref idref="fl-e7"/>
      </object_component>
      <object_component id="oc-92">
         <name>.text:SysCtlClockGet</name>
         <load_address>0x223c</load_address>
         <run_address>0x223c</run_address>
         <size>0x118</size>
         <input_file_ref idref="fl-15"/>
      </object_component>
      <object_component id="oc-303">
         <name>.text</name>
         <load_address>0x2354</load_address>
         <run_address>0x2354</run_address>
         <size>0xfc</size>
         <input_file_ref idref="fl-e6"/>
      </object_component>
      <object_component id="oc-263">
         <name>.text:SysCtlClockSet</name>
         <load_address>0x2450</load_address>
         <run_address>0x2450</run_address>
         <size>0xf0</size>
         <input_file_ref idref="fl-15"/>
      </object_component>
      <object_component id="oc-57">
         <name>.text</name>
         <load_address>0x2540</load_address>
         <run_address>0x2540</run_address>
         <size>0x9c</size>
         <input_file_ref idref="fl-d8"/>
      </object_component>
      <object_component id="oc-e0">
         <name>.text</name>
         <load_address>0x25dc</load_address>
         <run_address>0x25dc</run_address>
         <size>0x88</size>
         <input_file_ref idref="fl-5"/>
      </object_component>
      <object_component id="oc-30d">
         <name>.text:__aeabi_cdcmple</name>
         <load_address>0x2664</load_address>
         <run_address>0x2664</run_address>
         <size>0x86</size>
         <input_file_ref idref="fl-e4"/>
      </object_component>
      <object_component id="oc-63">
         <name>.text</name>
         <load_address>0x26ea</load_address>
         <run_address>0x26ea</run_address>
         <size>0x7a</size>
         <input_file_ref idref="fl-d9"/>
      </object_component>
      <object_component id="oc-7b">
         <name>.text</name>
         <load_address>0x2764</load_address>
         <run_address>0x2764</run_address>
         <size>0x70</size>
         <input_file_ref idref="fl-e0"/>
      </object_component>
      <object_component id="oc-2dc">
         <name>.text</name>
         <load_address>0x27d4</load_address>
         <run_address>0x27d4</run_address>
         <size>0x6e</size>
         <input_file_ref idref="fl-d6"/>
      </object_component>
      <object_component id="oc-12">
         <name>.text:decompress:lzss</name>
         <load_address>0x2842</load_address>
         <run_address>0x2842</run_address>
         <size>0x68</size>
         <input_file_ref idref="fl-d1"/>
      </object_component>
      <object_component id="oc-c2">
         <name>.text:IntEnable</name>
         <load_address>0x28ac</load_address>
         <run_address>0x28ac</run_address>
         <size>0x60</size>
         <input_file_ref idref="fl-16"/>
      </object_component>
      <object_component id="oc-b0">
         <name>.text:TimerConfigure</name>
         <load_address>0x290c</load_address>
         <run_address>0x290c</run_address>
         <size>0x5c</size>
         <input_file_ref idref="fl-13"/>
      </object_component>
      <object_component id="oc-24">
         <name>.text</name>
         <load_address>0x2968</load_address>
         <run_address>0x2968</run_address>
         <size>0x54</size>
         <input_file_ref idref="fl-d0"/>
      </object_component>
      <object_component id="oc-87">
         <name>.text</name>
         <load_address>0x29bc</load_address>
         <run_address>0x29bc</run_address>
         <size>0x54</size>
         <input_file_ref idref="fl-d5"/>
      </object_component>
      <object_component id="oc-fe">
         <name>.text</name>
         <load_address>0x2a10</load_address>
         <run_address>0x2a10</run_address>
         <size>0x4c</size>
         <input_file_ref idref="fl-cf"/>
      </object_component>
      <object_component id="oc-194">
         <name>.text</name>
         <load_address>0x2a5c</load_address>
         <run_address>0x2a5c</run_address>
         <size>0x4c</size>
         <input_file_ref idref="fl-e1"/>
      </object_component>
      <object_component id="oc-110">
         <name>.text:GPIOPinConfigure</name>
         <load_address>0x2aa8</load_address>
         <run_address>0x2aa8</run_address>
         <size>0x48</size>
         <input_file_ref idref="fl-17"/>
      </object_component>
      <object_component id="oc-11c">
         <name>.text:UARTConfigSetExpClk</name>
         <load_address>0x2af0</load_address>
         <run_address>0x2af0</run_address>
         <size>0x40</size>
         <input_file_ref idref="fl-12"/>
      </object_component>
      <object_component id="oc-aa">
         <name>.text:SysCtlPeripheralEnable</name>
         <load_address>0x2b30</load_address>
         <run_address>0x2b30</run_address>
         <size>0x34</size>
         <input_file_ref idref="fl-15"/>
      </object_component>
      <object_component id="oc-212">
         <name>.text:GPIODirModeSet</name>
         <load_address>0x2b64</load_address>
         <run_address>0x2b64</run_address>
         <size>0x2a</size>
         <input_file_ref idref="fl-17"/>
      </object_component>
      <object_component id="oc-c8">
         <name>.text:IntPrioritySet</name>
         <load_address>0x2b90</load_address>
         <run_address>0x2b90</run_address>
         <size>0x24</size>
         <input_file_ref idref="fl-16"/>
      </object_component>
      <object_component id="oc-21f">
         <name>.text:UARTDisable</name>
         <load_address>0x2bb4</load_address>
         <run_address>0x2bb4</run_address>
         <size>0x1c</size>
         <input_file_ref idref="fl-12"/>
      </object_component>
      <object_component id="oc-15b">
         <name>.text:GPIOPinTypeGPIOOutput</name>
         <load_address>0x2bd0</load_address>
         <run_address>0x2bd0</run_address>
         <size>0x18</size>
         <input_file_ref idref="fl-17"/>
      </object_component>
      <object_component id="oc-81">
         <name>.text</name>
         <load_address>0x2be8</load_address>
         <run_address>0x2be8</run_address>
         <size>0x18</size>
         <input_file_ref idref="fl-df"/>
      </object_component>
      <object_component id="oc-a4">
         <name>.text:SysTickEnable</name>
         <load_address>0x2c00</load_address>
         <run_address>0x2c00</run_address>
         <size>0x14</size>
         <input_file_ref idref="fl-14"/>
      </object_component>
      <object_component id="oc-9e">
         <name>.text:SysTickIntEnable</name>
         <load_address>0x2c14</load_address>
         <run_address>0x2c14</run_address>
         <size>0x14</size>
         <input_file_ref idref="fl-14"/>
      </object_component>
      <object_component id="oc-134">
         <name>.text:UARTEnable</name>
         <load_address>0x2c28</load_address>
         <run_address>0x2c28</run_address>
         <size>0x14</size>
         <input_file_ref idref="fl-12"/>
      </object_component>
      <object_component id="oc-27f">
         <name>.text</name>
         <load_address>0x2c3c</load_address>
         <run_address>0x2c3c</run_address>
         <size>0x14</size>
         <input_file_ref idref="fl-de"/>
      </object_component>
      <object_component id="oc-116">
         <name>.text:GPIOPinTypeUART</name>
         <load_address>0x2c50</load_address>
         <run_address>0x2c50</run_address>
         <size>0x12</size>
         <input_file_ref idref="fl-17"/>
      </object_component>
      <object_component id="oc-b6">
         <name>.text:TimerLoadSet</name>
         <load_address>0x2c62</load_address>
         <run_address>0x2c62</run_address>
         <size>0x12</size>
         <input_file_ref idref="fl-13"/>
      </object_component>
      <object_component id="oc-2d6">
         <name>.text</name>
         <load_address>0x2c74</load_address>
         <run_address>0x2c74</run_address>
         <size>0x12</size>
         <input_file_ref idref="fl-ce"/>
      </object_component>
      <object_component id="oc-98">
         <name>.text:SysTickPeriodSet</name>
         <load_address>0x2c88</load_address>
         <run_address>0x2c88</run_address>
         <size>0x10</size>
         <input_file_ref idref="fl-14"/>
      </object_component>
      <object_component id="oc-2d0">
         <name>.text</name>
         <load_address>0x2c98</load_address>
         <run_address>0x2c98</run_address>
         <size>0x10</size>
         <input_file_ref idref="fl-d7"/>
      </object_component>
      <object_component id="oc-d4">
         <name>.text:TimerEnable</name>
         <load_address>0x2ca8</load_address>
         <run_address>0x2ca8</run_address>
         <size>0xe</size>
         <input_file_ref idref="fl-13"/>
      </object_component>
      <object_component id="oc-18">
         <name>.text:decompress:none</name>
         <load_address>0x2cb6</load_address>
         <run_address>0x2cb6</run_address>
         <size>0xe</size>
         <input_file_ref idref="fl-d2"/>
      </object_component>
      <object_component id="oc-2ea">
         <name>.text:CPUcpsid</name>
         <load_address>0x2cc4</load_address>
         <run_address>0x2cc4</run_address>
         <size>0xc</size>
         <input_file_ref idref="fl-18"/>
      </object_component>
      <object_component id="oc-1c7">
         <name>.text:CPUcpsie</name>
         <load_address>0x2cd0</load_address>
         <run_address>0x2cd0</run_address>
         <size>0xc</size>
         <input_file_ref idref="fl-18"/>
      </object_component>
      <object_component id="oc-167">
         <name>.text:UARTCharsAvail</name>
         <load_address>0x2cdc</load_address>
         <run_address>0x2cdc</run_address>
         <size>0xc</size>
         <input_file_ref idref="fl-12"/>
      </object_component>
      <object_component id="oc-155">
         <name>.text:UARTTxIntModeSet</name>
         <load_address>0x2ce8</load_address>
         <run_address>0x2ce8</run_address>
         <size>0xc</size>
         <input_file_ref idref="fl-12"/>
      </object_component>
      <object_component id="oc-1e">
         <name>.text:decompress:ZI</name>
         <load_address>0x2cf4</load_address>
         <run_address>0x2cf4</run_address>
         <size>0xc</size>
         <input_file_ref idref="fl-d3"/>
      </object_component>
      <object_component id="oc-2b">
         <name>.text</name>
         <load_address>0x2d00</load_address>
         <run_address>0x2d00</run_address>
         <size>0xc</size>
         <input_file_ref idref="fl-c"/>
      </object_component>
      <object_component id="oc-2b3">
         <name>.text:IntMasterDisable</name>
         <load_address>0x2d0c</load_address>
         <run_address>0x2d0c</run_address>
         <size>0xa</size>
         <input_file_ref idref="fl-16"/>
      </object_component>
      <object_component id="oc-bc">
         <name>.text:IntMasterEnable</name>
         <load_address>0x2d16</load_address>
         <run_address>0x2d16</run_address>
         <size>0xa</size>
         <input_file_ref idref="fl-16"/>
      </object_component>
      <object_component id="oc-e6">
         <name>.text:TimerValueGet</name>
         <load_address>0x2d20</load_address>
         <run_address>0x2d20</run_address>
         <size>0xa</size>
         <input_file_ref idref="fl-13"/>
      </object_component>
      <object_component id="oc-140">
         <name>.text:UARTCharGet</name>
         <load_address>0x2d2a</load_address>
         <run_address>0x2d2a</run_address>
         <size>0xa</size>
         <input_file_ref idref="fl-12"/>
      </object_component>
      <object_component id="oc-13a">
         <name>.text:UARTCharPut</name>
         <load_address>0x2d34</load_address>
         <run_address>0x2d34</run_address>
         <size>0xa</size>
         <input_file_ref idref="fl-12"/>
      </object_component>
      <object_component id="oc-14f">
         <name>.text:UARTFIFOEnable</name>
         <load_address>0x2d3e</load_address>
         <run_address>0x2d3e</run_address>
         <size>0xa</size>
         <input_file_ref idref="fl-12"/>
      </object_component>
      <object_component id="oc-10a">
         <name>.text:UARTIntStatus</name>
         <load_address>0x2d48</load_address>
         <run_address>0x2d48</run_address>
         <size>0xa</size>
         <input_file_ref idref="fl-12"/>
      </object_component>
      <object_component id="oc-ce">
         <name>.text:TimerIntEnable</name>
         <load_address>0x2d52</load_address>
         <run_address>0x2d52</run_address>
         <size>0x8</size>
         <input_file_ref idref="fl-13"/>
      </object_component>
      <object_component id="oc-245">
         <name>.text:UARTBusy</name>
         <load_address>0x2d5a</load_address>
         <run_address>0x2d5a</run_address>
         <size>0x8</size>
         <input_file_ref idref="fl-12"/>
      </object_component>
      <object_component id="oc-122">
         <name>.text:UARTIntEnable</name>
         <load_address>0x2d62</load_address>
         <run_address>0x2d62</run_address>
         <size>0x8</size>
         <input_file_ref idref="fl-12"/>
      </object_component>
      <object_component id="oc-1df">
         <name>.text:GPIOPinRead</name>
         <load_address>0x2d6a</load_address>
         <run_address>0x2d6a</run_address>
         <size>0x6</size>
         <input_file_ref idref="fl-17"/>
      </object_component>
      <object_component id="oc-161">
         <name>.text:GPIOPinWrite</name>
         <load_address>0x2d70</load_address>
         <run_address>0x2d70</run_address>
         <size>0x6</size>
         <input_file_ref idref="fl-17"/>
      </object_component>
      <object_component id="oc-2cc">
         <name>.text:SysCtlDelay</name>
         <load_address>0x2d76</load_address>
         <run_address>0x2d76</run_address>
         <size>0x6</size>
         <input_file_ref idref="fl-15"/>
      </object_component>
      <object_component id="oc-12e">
         <name>.text:UARTClockSourceSet</name>
         <load_address>0x2d7c</load_address>
         <run_address>0x2d7c</run_address>
         <size>0x6</size>
         <input_file_ref idref="fl-12"/>
      </object_component>
      <object_component id="oc-128">
         <name>.text:UARTFIFOLevelSet</name>
         <load_address>0x2d82</load_address>
         <run_address>0x2d82</run_address>
         <size>0x6</size>
         <input_file_ref idref="fl-12"/>
      </object_component>
      <object_component id="oc-da">
         <name>.text:TimerIntClear</name>
         <load_address>0x2d88</load_address>
         <run_address>0x2d88</run_address>
         <size>0x4</size>
         <input_file_ref idref="fl-13"/>
      </object_component>
      <object_component id="oc-104">
         <name>.text:UARTIntClear</name>
         <load_address>0x2d8c</load_address>
         <run_address>0x2d8c</run_address>
         <size>0x4</size>
         <input_file_ref idref="fl-12"/>
      </object_component>
      <object_component id="oc-75">
         <name>.text</name>
         <load_address>0x2d90</load_address>
         <run_address>0x2d90</run_address>
         <size>0x4</size>
         <input_file_ref idref="fl-db"/>
      </object_component>
      <object_component id="oc-205">
         <name>.const:.string:_ctypes_</name>
         <load_address>0x2d98</load_address>
         <run_address>0x2d98</run_address>
         <size>0x101</size>
         <input_file_ref idref="fl-d4"/>
      </object_component>
      <object_component id="oc-1d8">
         <name>.const:g_pui32Regs</name>
         <load_address>0x2e9c</load_address>
         <run_address>0x2e9c</run_address>
         <size>0x9c</size>
         <input_file_ref idref="fl-16"/>
      </object_component>
      <object_component id="oc-317">
         <name>.const:$O1$$</name>
         <load_address>0x2f38</load_address>
         <run_address>0x2f38</run_address>
         <size>0x98</size>
         <input_file_ref idref="fl-dd"/>
      </object_component>
      <object_component id="oc-20d">
         <name>.const:g_pui32GPIOBaseAddrs</name>
         <load_address>0x2fd0</load_address>
         <run_address>0x2fd0</run_address>
         <size>0x90</size>
         <input_file_ref idref="fl-17"/>
      </object_component>
      <object_component id="oc-1d3">
         <name>.const</name>
         <load_address>0x3060</load_address>
         <run_address>0x3060</run_address>
         <size>0x70</size>
         <input_file_ref idref="fl-16"/>
      </object_component>
      <object_component id="oc-1b5">
         <name>.const:g_pui32Xtals</name>
         <load_address>0x30d0</load_address>
         <run_address>0x30d0</run_address>
         <size>0x6c</size>
         <input_file_ref idref="fl-15"/>
      </object_component>
      <object_component id="oc-34d">
         <name>.cinit..data.load</name>
         <load_address>0x3140</load_address>
         <run_address>0x3140</run_address>
         <size>0x15</size>
      </object_component>
      <object_component id="oc-34b">
         <name>__TI_handler_table</name>
         <load_address>0x3158</load_address>
         <run_address>0x3158</run_address>
         <size>0xc</size>
      </object_component>
      <object_component id="oc-34e">
         <name>.cinit..bss.load</name>
         <load_address>0x3168</load_address>
         <run_address>0x3168</run_address>
         <size>0x8</size>
      </object_component>
      <object_component id="oc-34c">
         <name>__TI_cinit_table</name>
         <load_address>0x3170</load_address>
         <run_address>0x3170</run_address>
         <size>0x10</size>
      </object_component>
      <object_component id="oc-269">
         <name>.data</name>
         <load_address>0x200005b0</load_address>
         <run_address>0x200005b0</run_address>
         <size>0x5</size>
         <input_file_ref idref="fl-3"/>
      </object_component>
      <object_component id="oc-24b">
         <name>.data</name>
         <load_address>0x2000059a</load_address>
         <run_address>0x2000059a</run_address>
         <size>0x1</size>
         <input_file_ref idref="fl-4"/>
      </object_component>
      <object_component id="oc-f5">
         <name>.data</name>
         <load_address>0x20000580</load_address>
         <run_address>0x20000580</run_address>
         <size>0x1a</size>
         <input_file_ref idref="fl-8"/>
      </object_component>
      <object_component id="oc-1aa">
         <name>.data:$O1$$</name>
         <load_address>0x2000059c</load_address>
         <run_address>0x2000059c</run_address>
         <size>0xc</size>
         <input_file_ref idref="fl-d5"/>
      </object_component>
      <object_component id="oc-8d">
         <name>.data</name>
         <load_address>0x200005bc</load_address>
         <run_address>0x200005bc</run_address>
         <size>0x4</size>
         <input_file_ref idref="fl-dc"/>
      </object_component>
      <object_component id="oc-1ad">
         <name>.data:$O1$$</name>
         <load_address>0x200005a8</load_address>
         <run_address>0x200005a8</run_address>
         <size>0x8</size>
         <input_file_ref idref="fl-de"/>
      </object_component>
      <object_component id="oc-31a">
         <name>.data</name>
         <load_address>0x200005b8</load_address>
         <run_address>0x200005b8</run_address>
         <size>0x4</size>
         <input_file_ref idref="fl-e2"/>
      </object_component>
      <object_component id="oc-272">
         <name>.common:sam1</name>
         <uninitialized>true</uninitialized>
         <run_address>0x2000036c</run_address>
         <size>0x8</size>
      </object_component>
      <object_component id="oc-ef">
         <name>.common:FlagTimer</name>
         <uninitialized>true</uninitialized>
         <run_address>0x2000037e</run_address>
         <size>0x1</size>
      </object_component>
      <object_component id="oc-f2">
         <name>.common:toggle_led</name>
         <uninitialized>true</uninitialized>
         <run_address>0x2000037a</run_address>
         <size>0x4</size>
      </object_component>
      <object_component id="oc-178">
         <name>.common:serialPC</name>
         <uninitialized>true</uninitialized>
         <run_address>0x20000278</run_address>
         <size>0xcb</size>
      </object_component>
      <object_component id="oc-175">
         <name>.common:serialPcFIFO</name>
         <uninitialized>true</uninitialized>
         <run_address>0x20000000</run_address>
         <size>0x278</size>
      </object_component>
      <object_component id="oc-ec">
         <name>.common:SysTick_Int_Count</name>
         <uninitialized>true</uninitialized>
         <run_address>0x20000374</run_address>
         <size>0x6</size>
      </object_component>
      <object_component id="oc-146">
         <name>.common:Uart</name>
         <uninitialized>true</uninitialized>
         <run_address>0x20000343</run_address>
         <size>0x29</size>
      </object_component>
      <object_component id="oc-2a">
         <name>.stack</name>
         <uninitialized>true</uninitialized>
         <run_address>0x20000380</run_address>
         <size>0x0</size>
         <input_file_ref idref="fl-d0"/>
      </object_component>
      <object_component id="oc-34f">
         <name>.stack</name>
         <uninitialized>true</uninitialized>
         <run_address>0x20000380</run_address>
         <size>0x0</size>
      </object_component>
      <object_component id="oc-273">
         <name>.debug_info</name>
         <load_address>0x0</load_address>
         <run_address>0x0</run_address>
         <size>0xde</size>
         <input_file_ref idref="fl-2"/>
      </object_component>
      <object_component id="oc-1f3">
         <name>.debug_info</name>
         <load_address>0xde</load_address>
         <run_address>0xde</run_address>
         <size>0x9a</size>
         <input_file_ref idref="fl-2"/>
      </object_component>
      <object_component id="oc-52">
         <name>.debug_info</name>
         <load_address>0x178</load_address>
         <run_address>0x178</run_address>
         <size>0x84</size>
         <input_file_ref idref="fl-2"/>
      </object_component>
      <object_component id="oc-f0">
         <name>.debug_info</name>
         <load_address>0x1fc</load_address>
         <run_address>0x1fc</run_address>
         <size>0x44b</size>
         <input_file_ref idref="fl-3"/>
      </object_component>
      <object_component id="oc-26a">
         <name>.debug_info</name>
         <load_address>0x647</load_address>
         <run_address>0x647</run_address>
         <size>0x118</size>
         <input_file_ref idref="fl-3"/>
      </object_component>
      <object_component id="oc-1a3">
         <name>.debug_info</name>
         <load_address>0x75f</load_address>
         <run_address>0x75f</run_address>
         <size>0xd3a</size>
         <input_file_ref idref="fl-3"/>
      </object_component>
      <object_component id="oc-1f8">
         <name>.debug_info</name>
         <load_address>0x1499</load_address>
         <run_address>0x1499</run_address>
         <size>0x86</size>
         <input_file_ref idref="fl-3"/>
      </object_component>
      <object_component id="oc-1e9">
         <name>.debug_info</name>
         <load_address>0x151f</load_address>
         <run_address>0x151f</run_address>
         <size>0xc3</size>
         <input_file_ref idref="fl-3"/>
      </object_component>
      <object_component id="oc-1fd">
         <name>.debug_info</name>
         <load_address>0x15e2</load_address>
         <run_address>0x15e2</run_address>
         <size>0x41</size>
         <input_file_ref idref="fl-3"/>
      </object_component>
      <object_component id="oc-2ae">
         <name>.debug_info</name>
         <load_address>0x1623</load_address>
         <run_address>0x1623</run_address>
         <size>0x86</size>
         <input_file_ref idref="fl-3"/>
      </object_component>
      <object_component id="oc-22e">
         <name>.debug_info</name>
         <load_address>0x16a9</load_address>
         <run_address>0x16a9</run_address>
         <size>0x5e</size>
         <input_file_ref idref="fl-3"/>
      </object_component>
      <object_component id="oc-233">
         <name>.debug_info</name>
         <load_address>0x1707</load_address>
         <run_address>0x1707</run_address>
         <size>0x88</size>
         <input_file_ref idref="fl-3"/>
      </object_component>
      <object_component id="oc-f9">
         <name>.debug_info</name>
         <load_address>0x178f</load_address>
         <run_address>0x178f</run_address>
         <size>0x18b</size>
         <input_file_ref idref="fl-3"/>
      </object_component>
      <object_component id="oc-24f">
         <name>.debug_info</name>
         <load_address>0x191a</load_address>
         <run_address>0x191a</run_address>
         <size>0x282</size>
         <input_file_ref idref="fl-4"/>
      </object_component>
      <object_component id="oc-24c">
         <name>.debug_info</name>
         <load_address>0x1b9c</load_address>
         <run_address>0x1b9c</run_address>
         <size>0xf9</size>
         <input_file_ref idref="fl-4"/>
      </object_component>
      <object_component id="oc-170">
         <name>.debug_info</name>
         <load_address>0x1c95</load_address>
         <run_address>0x1c95</run_address>
         <size>0x8a1</size>
         <input_file_ref idref="fl-4"/>
      </object_component>
      <object_component id="oc-14a">
         <name>.debug_info</name>
         <load_address>0x2536</load_address>
         <run_address>0x2536</run_address>
         <size>0x8b</size>
         <input_file_ref idref="fl-4"/>
      </object_component>
      <object_component id="oc-f3">
         <name>.debug_info</name>
         <load_address>0x25c1</load_address>
         <run_address>0x25c1</run_address>
         <size>0x232</size>
         <input_file_ref idref="fl-5"/>
      </object_component>
      <object_component id="oc-e1">
         <name>.debug_info</name>
         <load_address>0x27f3</load_address>
         <run_address>0x27f3</run_address>
         <size>0x295</size>
         <input_file_ref idref="fl-5"/>
      </object_component>
      <object_component id="oc-16e">
         <name>.debug_info</name>
         <load_address>0x2a88</load_address>
         <run_address>0x2a88</run_address>
         <size>0x4d6</size>
         <input_file_ref idref="fl-6"/>
      </object_component>
      <object_component id="oc-3e">
         <name>.debug_info</name>
         <load_address>0x2f5e</load_address>
         <run_address>0x2f5e</run_address>
         <size>0x843</size>
         <input_file_ref idref="fl-6"/>
      </object_component>
      <object_component id="oc-176">
         <name>.debug_info</name>
         <load_address>0x37a1</load_address>
         <run_address>0x37a1</run_address>
         <size>0x437</size>
         <input_file_ref idref="fl-7"/>
      </object_component>
      <object_component id="oc-44">
         <name>.debug_info</name>
         <load_address>0x3bd8</load_address>
         <run_address>0x3bd8</run_address>
         <size>0x6f8</size>
         <input_file_ref idref="fl-7"/>
      </object_component>
      <object_component id="oc-ed">
         <name>.debug_info</name>
         <load_address>0x42d0</load_address>
         <run_address>0x42d0</run_address>
         <size>0x419</size>
         <input_file_ref idref="fl-8"/>
      </object_component>
      <object_component id="oc-f6">
         <name>.debug_info</name>
         <load_address>0x46e9</load_address>
         <run_address>0x46e9</run_address>
         <size>0x263</size>
         <input_file_ref idref="fl-8"/>
      </object_component>
      <object_component id="oc-32">
         <name>.debug_info</name>
         <load_address>0x494c</load_address>
         <run_address>0x494c</run_address>
         <size>0x5e0</size>
         <input_file_ref idref="fl-8"/>
      </object_component>
      <object_component id="oc-1ed">
         <name>.debug_info</name>
         <load_address>0x4f2c</load_address>
         <run_address>0x4f2c</run_address>
         <size>0x10f</size>
         <input_file_ref idref="fl-8"/>
      </object_component>
      <object_component id="oc-2e2">
         <name>.debug_info</name>
         <load_address>0x503b</load_address>
         <run_address>0x503b</run_address>
         <size>0x188</size>
         <input_file_ref idref="fl-9"/>
      </object_component>
      <object_component id="oc-26d">
         <name>.debug_info</name>
         <load_address>0x51c3</load_address>
         <run_address>0x51c3</run_address>
         <size>0x5bf</size>
         <input_file_ref idref="fl-9"/>
      </object_component>
      <object_component id="oc-2ba">
         <name>.debug_info</name>
         <load_address>0x5782</load_address>
         <run_address>0x5782</run_address>
         <size>0x15f</size>
         <input_file_ref idref="fl-a"/>
      </object_component>
      <object_component id="oc-240">
         <name>.debug_info</name>
         <load_address>0x58e1</load_address>
         <run_address>0x58e1</run_address>
         <size>0x1479</size>
         <input_file_ref idref="fl-a"/>
      </object_component>
      <object_component id="oc-147">
         <name>.debug_info</name>
         <load_address>0x6d5a</load_address>
         <run_address>0x6d5a</run_address>
         <size>0x5b9</size>
         <input_file_ref idref="fl-b"/>
      </object_component>
      <object_component id="oc-38">
         <name>.debug_info</name>
         <load_address>0x7313</load_address>
         <run_address>0x7313</run_address>
         <size>0xe63</size>
         <input_file_ref idref="fl-b"/>
      </object_component>
      <object_component id="oc-4b">
         <name>.debug_info</name>
         <load_address>0x8176</load_address>
         <run_address>0x8176</run_address>
         <size>0x2d0</size>
         <input_file_ref idref="fl-c"/>
      </object_component>
      <object_component id="oc-10">
         <name>.debug_info</name>
         <load_address>0x8446</load_address>
         <run_address>0x8446</run_address>
         <size>0x103</size>
         <input_file_ref idref="fl-c"/>
      </object_component>
      <object_component id="oc-2c">
         <name>.debug_info</name>
         <load_address>0x8549</load_address>
         <run_address>0x8549</run_address>
         <size>0x27f</size>
         <input_file_ref idref="fl-c"/>
      </object_component>
      <object_component id="oc-20b">
         <name>.debug_info</name>
         <load_address>0x87c8</load_address>
         <run_address>0x87c8</run_address>
         <size>0x1ce</size>
         <input_file_ref idref="fl-12"/>
      </object_component>
      <object_component id="oc-156">
         <name>.debug_info</name>
         <load_address>0x8996</load_address>
         <run_address>0x8996</run_address>
         <size>0x1e9</size>
         <input_file_ref idref="fl-12"/>
      </object_component>
      <object_component id="oc-10b">
         <name>.debug_info</name>
         <load_address>0x8b7f</load_address>
         <run_address>0x8b7f</run_address>
         <size>0x1e3</size>
         <input_file_ref idref="fl-12"/>
      </object_component>
      <object_component id="oc-123">
         <name>.debug_info</name>
         <load_address>0x8d62</load_address>
         <run_address>0x8d62</run_address>
         <size>0x1f3</size>
         <input_file_ref idref="fl-12"/>
      </object_component>
      <object_component id="oc-105">
         <name>.debug_info</name>
         <load_address>0x8f55</load_address>
         <run_address>0x8f55</run_address>
         <size>0x1f1</size>
         <input_file_ref idref="fl-12"/>
      </object_component>
      <object_component id="oc-129">
         <name>.debug_info</name>
         <load_address>0x9146</load_address>
         <run_address>0x9146</run_address>
         <size>0x233</size>
         <input_file_ref idref="fl-12"/>
      </object_component>
      <object_component id="oc-150">
         <name>.debug_info</name>
         <load_address>0x9379</load_address>
         <run_address>0x9379</run_address>
         <size>0x1b3</size>
         <input_file_ref idref="fl-12"/>
      </object_component>
      <object_component id="oc-135">
         <name>.debug_info</name>
         <load_address>0x952c</load_address>
         <run_address>0x952c</run_address>
         <size>0x1ab</size>
         <input_file_ref idref="fl-12"/>
      </object_component>
      <object_component id="oc-220">
         <name>.debug_info</name>
         <load_address>0x96d7</load_address>
         <run_address>0x96d7</run_address>
         <size>0x233</size>
         <input_file_ref idref="fl-12"/>
      </object_component>
      <object_component id="oc-11d">
         <name>.debug_info</name>
         <load_address>0x990a</load_address>
         <run_address>0x990a</run_address>
         <size>0x28a</size>
         <input_file_ref idref="fl-12"/>
      </object_component>
      <object_component id="oc-12f">
         <name>.debug_info</name>
         <load_address>0x9b94</load_address>
         <run_address>0x9b94</run_address>
         <size>0x1f5</size>
         <input_file_ref idref="fl-12"/>
      </object_component>
      <object_component id="oc-168">
         <name>.debug_info</name>
         <load_address>0x9d89</load_address>
         <run_address>0x9d89</run_address>
         <size>0x1b7</size>
         <input_file_ref idref="fl-12"/>
      </object_component>
      <object_component id="oc-13b">
         <name>.debug_info</name>
         <load_address>0x9f40</load_address>
         <run_address>0x9f40</run_address>
         <size>0x25d</size>
         <input_file_ref idref="fl-12"/>
      </object_component>
      <object_component id="oc-141">
         <name>.debug_info</name>
         <load_address>0xa19d</load_address>
         <run_address>0xa19d</run_address>
         <size>0x237</size>
         <input_file_ref idref="fl-12"/>
      </object_component>
      <object_component id="oc-246">
         <name>.debug_info</name>
         <load_address>0xa3d4</load_address>
         <run_address>0xa3d4</run_address>
         <size>0x1ab</size>
         <input_file_ref idref="fl-12"/>
      </object_component>
      <object_component id="oc-1ce">
         <name>.debug_info</name>
         <load_address>0xa57f</load_address>
         <run_address>0xa57f</run_address>
         <size>0x90</size>
         <input_file_ref idref="fl-12"/>
      </object_component>
      <object_component id="oc-1b9">
         <name>.debug_info</name>
         <load_address>0xa60f</load_address>
         <run_address>0xa60f</run_address>
         <size>0x18b</size>
         <input_file_ref idref="fl-12"/>
      </object_component>
      <object_component id="oc-1c5">
         <name>.debug_info</name>
         <load_address>0xa79a</load_address>
         <run_address>0xa79a</run_address>
         <size>0x1cf</size>
         <input_file_ref idref="fl-13"/>
      </object_component>
      <object_component id="oc-ea">
         <name>.debug_info</name>
         <load_address>0xa969</load_address>
         <run_address>0xa969</run_address>
         <size>0x1ee</size>
         <input_file_ref idref="fl-13"/>
      </object_component>
      <object_component id="oc-b7">
         <name>.debug_info</name>
         <load_address>0xab57</load_address>
         <run_address>0xab57</run_address>
         <size>0x21e</size>
         <input_file_ref idref="fl-13"/>
      </object_component>
      <object_component id="oc-d1">
         <name>.debug_info</name>
         <load_address>0xad75</load_address>
         <run_address>0xad75</run_address>
         <size>0x1f8</size>
         <input_file_ref idref="fl-13"/>
      </object_component>
      <object_component id="oc-dc">
         <name>.debug_info</name>
         <load_address>0xaf6d</load_address>
         <run_address>0xaf6d</run_address>
         <size>0x1f6</size>
         <input_file_ref idref="fl-13"/>
      </object_component>
      <object_component id="oc-d6">
         <name>.debug_info</name>
         <load_address>0xb163</load_address>
         <run_address>0xb163</run_address>
         <size>0x1e3</size>
         <input_file_ref idref="fl-13"/>
      </object_component>
      <object_component id="oc-b4">
         <name>.debug_info</name>
         <load_address>0xb346</load_address>
         <run_address>0xb346</run_address>
         <size>0x1f0</size>
         <input_file_ref idref="fl-13"/>
      </object_component>
      <object_component id="oc-1bf">
         <name>.debug_info</name>
         <load_address>0xb536</load_address>
         <run_address>0xb536</run_address>
         <size>0x144</size>
         <input_file_ref idref="fl-14"/>
      </object_component>
      <object_component id="oc-99">
         <name>.debug_info</name>
         <load_address>0xb67a</load_address>
         <run_address>0xb67a</run_address>
         <size>0x1c5</size>
         <input_file_ref idref="fl-14"/>
      </object_component>
      <object_component id="oc-9f">
         <name>.debug_info</name>
         <load_address>0xb83f</load_address>
         <run_address>0xb83f</run_address>
         <size>0x18b</size>
         <input_file_ref idref="fl-14"/>
      </object_component>
      <object_component id="oc-a5">
         <name>.debug_info</name>
         <load_address>0xb9ca</load_address>
         <run_address>0xb9ca</run_address>
         <size>0x185</size>
         <input_file_ref idref="fl-14"/>
      </object_component>
      <object_component id="oc-1c3">
         <name>.debug_info</name>
         <load_address>0xbb4f</load_address>
         <run_address>0xbb4f</run_address>
         <size>0x226</size>
         <input_file_ref idref="fl-15"/>
      </object_component>
      <object_component id="oc-1b6">
         <name>.debug_info</name>
         <load_address>0xbd75</load_address>
         <run_address>0xbd75</run_address>
         <size>0xff</size>
         <input_file_ref idref="fl-15"/>
      </object_component>
      <object_component id="oc-ab">
         <name>.debug_info</name>
         <load_address>0xbe74</load_address>
         <run_address>0xbe74</run_address>
         <size>0x1e1</size>
         <input_file_ref idref="fl-15"/>
      </object_component>
      <object_component id="oc-264">
         <name>.debug_info</name>
         <load_address>0xc055</load_address>
         <run_address>0xc055</run_address>
         <size>0x363</size>
         <input_file_ref idref="fl-15"/>
      </object_component>
      <object_component id="oc-93">
         <name>.debug_info</name>
         <load_address>0xc3b8</load_address>
         <run_address>0xc3b8</run_address>
         <size>0x219</size>
         <input_file_ref idref="fl-15"/>
      </object_component>
      <object_component id="oc-291">
         <name>.debug_info</name>
         <load_address>0xc5d1</load_address>
         <run_address>0xc5d1</run_address>
         <size>0x5f</size>
         <input_file_ref idref="fl-15"/>
      </object_component>
      <object_component id="oc-1d7">
         <name>.debug_info</name>
         <load_address>0xc630</load_address>
         <run_address>0xc630</run_address>
         <size>0x1ba</size>
         <input_file_ref idref="fl-16"/>
      </object_component>
      <object_component id="oc-1d4">
         <name>.debug_info</name>
         <load_address>0xc7ea</load_address>
         <run_address>0xc7ea</run_address>
         <size>0x1c2</size>
         <input_file_ref idref="fl-16"/>
      </object_component>
      <object_component id="oc-1d9">
         <name>.debug_info</name>
         <load_address>0xc9ac</load_address>
         <run_address>0xc9ac</run_address>
         <size>0x100</size>
         <input_file_ref idref="fl-16"/>
      </object_component>
      <object_component id="oc-c9">
         <name>.debug_info</name>
         <load_address>0xcaac</load_address>
         <run_address>0xcaac</run_address>
         <size>0x22d</size>
         <input_file_ref idref="fl-16"/>
      </object_component>
      <object_component id="oc-bd">
         <name>.debug_info</name>
         <load_address>0xccd9</load_address>
         <run_address>0xccd9</run_address>
         <size>0x1a2</size>
         <input_file_ref idref="fl-16"/>
      </object_component>
      <object_component id="oc-2b4">
         <name>.debug_info</name>
         <load_address>0xce7b</load_address>
         <run_address>0xce7b</run_address>
         <size>0x1a4</size>
         <input_file_ref idref="fl-16"/>
      </object_component>
      <object_component id="oc-c3">
         <name>.debug_info</name>
         <load_address>0xd01f</load_address>
         <run_address>0xd01f</run_address>
         <size>0x1cc</size>
         <input_file_ref idref="fl-16"/>
      </object_component>
      <object_component id="oc-211">
         <name>.debug_info</name>
         <load_address>0xd1eb</load_address>
         <run_address>0xd1eb</run_address>
         <size>0x1d7</size>
         <input_file_ref idref="fl-17"/>
      </object_component>
      <object_component id="oc-20e">
         <name>.debug_info</name>
         <load_address>0xd3c2</load_address>
         <run_address>0xd3c2</run_address>
         <size>0x10d</size>
         <input_file_ref idref="fl-17"/>
      </object_component>
      <object_component id="oc-162">
         <name>.debug_info</name>
         <load_address>0xd4cf</load_address>
         <run_address>0xd4cf</run_address>
         <size>0x207</size>
         <input_file_ref idref="fl-17"/>
      </object_component>
      <object_component id="oc-213">
         <name>.debug_info</name>
         <load_address>0xd6d6</load_address>
         <run_address>0xd6d6</run_address>
         <size>0x217</size>
         <input_file_ref idref="fl-17"/>
      </object_component>
      <object_component id="oc-219">
         <name>.debug_info</name>
         <load_address>0xd8ed</load_address>
         <run_address>0xd8ed</run_address>
         <size>0x312</size>
         <input_file_ref idref="fl-17"/>
      </object_component>
      <object_component id="oc-117">
         <name>.debug_info</name>
         <load_address>0xdbff</load_address>
         <run_address>0xdbff</run_address>
         <size>0x1df</size>
         <input_file_ref idref="fl-17"/>
      </object_component>
      <object_component id="oc-15c">
         <name>.debug_info</name>
         <load_address>0xddde</load_address>
         <run_address>0xddde</run_address>
         <size>0x1eb</size>
         <input_file_ref idref="fl-17"/>
      </object_component>
      <object_component id="oc-1e0">
         <name>.debug_info</name>
         <load_address>0xdfc9</load_address>
         <run_address>0xdfc9</run_address>
         <size>0x1df</size>
         <input_file_ref idref="fl-17"/>
      </object_component>
      <object_component id="oc-111">
         <name>.debug_info</name>
         <load_address>0xe1a8</load_address>
         <run_address>0xe1a8</run_address>
         <size>0x1e4</size>
         <input_file_ref idref="fl-17"/>
      </object_component>
      <object_component id="oc-1c8">
         <name>.debug_info</name>
         <load_address>0xe38c</load_address>
         <run_address>0xe38c</run_address>
         <size>0x176</size>
         <input_file_ref idref="fl-18"/>
      </object_component>
      <object_component id="oc-2eb">
         <name>.debug_info</name>
         <load_address>0xe502</load_address>
         <run_address>0xe502</run_address>
         <size>0x173</size>
         <input_file_ref idref="fl-18"/>
      </object_component>
      <object_component id="oc-2fc">
         <name>.debug_info</name>
         <load_address>0xe675</load_address>
         <run_address>0xe675</run_address>
         <size>0x116</size>
         <input_file_ref idref="fl-ce"/>
      </object_component>
      <object_component id="oc-2d7">
         <name>.debug_info</name>
         <load_address>0xe78b</load_address>
         <run_address>0xe78b</run_address>
         <size>0x13e</size>
         <input_file_ref idref="fl-ce"/>
      </object_component>
      <object_component id="oc-209">
         <name>.debug_info</name>
         <load_address>0xe8c9</load_address>
         <run_address>0xe8c9</run_address>
         <size>0x114</size>
         <input_file_ref idref="fl-cf"/>
      </object_component>
      <object_component id="oc-ff">
         <name>.debug_info</name>
         <load_address>0xe9dd</load_address>
         <run_address>0xe9dd</run_address>
         <size>0x171</size>
         <input_file_ref idref="fl-cf"/>
      </object_component>
      <object_component id="oc-25">
         <name>.debug_info</name>
         <load_address>0xeb4e</load_address>
         <run_address>0xeb4e</run_address>
         <size>0x160</size>
         <input_file_ref idref="fl-d0"/>
      </object_component>
      <object_component id="oc-181">
         <name>.debug_info</name>
         <load_address>0xecae</load_address>
         <run_address>0xecae</run_address>
         <size>0xf9</size>
         <input_file_ref idref="fl-d1"/>
      </object_component>
      <object_component id="oc-13">
         <name>.debug_info</name>
         <load_address>0xeda7</load_address>
         <run_address>0xeda7</run_address>
         <size>0x245</size>
         <input_file_ref idref="fl-d1"/>
      </object_component>
      <object_component id="oc-4d">
         <name>.debug_info</name>
         <load_address>0xefec</load_address>
         <run_address>0xefec</run_address>
         <size>0x60</size>
         <input_file_ref idref="fl-d1"/>
      </object_component>
      <object_component id="oc-17c">
         <name>.debug_info</name>
         <load_address>0xf04c</load_address>
         <run_address>0xf04c</run_address>
         <size>0x46</size>
         <input_file_ref idref="fl-d1"/>
      </object_component>
      <object_component id="oc-62">
         <name>.debug_info</name>
         <load_address>0xf092</load_address>
         <run_address>0xf092</run_address>
         <size>0x140</size>
         <input_file_ref idref="fl-d2"/>
      </object_component>
      <object_component id="oc-19">
         <name>.debug_info</name>
         <load_address>0xf1d2</load_address>
         <run_address>0xf1d2</run_address>
         <size>0x1df</size>
         <input_file_ref idref="fl-d2"/>
      </object_component>
      <object_component id="oc-5d">
         <name>.debug_info</name>
         <load_address>0xf3b1</load_address>
         <run_address>0xf3b1</run_address>
         <size>0x46</size>
         <input_file_ref idref="fl-d2"/>
      </object_component>
      <object_component id="oc-183">
         <name>.debug_info</name>
         <load_address>0xf3f7</load_address>
         <run_address>0xf3f7</run_address>
         <size>0x2c</size>
         <input_file_ref idref="fl-d2"/>
      </object_component>
      <object_component id="oc-6e">
         <name>.debug_info</name>
         <load_address>0xf423</load_address>
         <run_address>0xf423</run_address>
         <size>0x12f</size>
         <input_file_ref idref="fl-d3"/>
      </object_component>
      <object_component id="oc-1f">
         <name>.debug_info</name>
         <load_address>0xf552</load_address>
         <run_address>0xf552</run_address>
         <size>0x1aa</size>
         <input_file_ref idref="fl-d3"/>
      </object_component>
      <object_component id="oc-69">
         <name>.debug_info</name>
         <load_address>0xf6fc</load_address>
         <run_address>0xf6fc</run_address>
         <size>0x46</size>
         <input_file_ref idref="fl-d3"/>
      </object_component>
      <object_component id="oc-18b">
         <name>.debug_info</name>
         <load_address>0xf742</load_address>
         <run_address>0xf742</run_address>
         <size>0x2c</size>
         <input_file_ref idref="fl-d3"/>
      </object_component>
      <object_component id="oc-2a2">
         <name>.debug_info</name>
         <load_address>0xf76e</load_address>
         <run_address>0xf76e</run_address>
         <size>0xee</size>
         <input_file_ref idref="fl-d4"/>
      </object_component>
      <object_component id="oc-206">
         <name>.debug_info</name>
         <load_address>0xf85c</load_address>
         <run_address>0xf85c</run_address>
         <size>0xfa</size>
         <input_file_ref idref="fl-d4"/>
      </object_component>
      <object_component id="oc-1b1">
         <name>.debug_info</name>
         <load_address>0xf956</load_address>
         <run_address>0xf956</run_address>
         <size>0x234</size>
         <input_file_ref idref="fl-d5"/>
      </object_component>
      <object_component id="oc-1ab">
         <name>.debug_info</name>
         <load_address>0xfb8a</load_address>
         <run_address>0xfb8a</run_address>
         <size>0x185</size>
         <input_file_ref idref="fl-d5"/>
      </object_component>
      <object_component id="oc-88">
         <name>.debug_info</name>
         <load_address>0xfd0f</load_address>
         <run_address>0xfd0f</run_address>
         <size>0x214</size>
         <input_file_ref idref="fl-d5"/>
      </object_component>
      <object_component id="oc-2dd">
         <name>.debug_info</name>
         <load_address>0xff23</load_address>
         <run_address>0xff23</run_address>
         <size>0x136</size>
         <input_file_ref idref="fl-d6"/>
      </object_component>
      <object_component id="oc-2f4">
         <name>.debug_info</name>
         <load_address>0x10059</load_address>
         <run_address>0x10059</run_address>
         <size>0x111</size>
         <input_file_ref idref="fl-d7"/>
      </object_component>
      <object_component id="oc-2d1">
         <name>.debug_info</name>
         <load_address>0x1016a</load_address>
         <run_address>0x1016a</run_address>
         <size>0x149</size>
         <input_file_ref idref="fl-d7"/>
      </object_component>
      <object_component id="oc-58">
         <name>.debug_info</name>
         <load_address>0x102b3</load_address>
         <run_address>0x102b3</run_address>
         <size>0x111</size>
         <input_file_ref idref="fl-d8"/>
      </object_component>
      <object_component id="oc-64">
         <name>.debug_info</name>
         <load_address>0x103c4</load_address>
         <run_address>0x103c4</run_address>
         <size>0x13f</size>
         <input_file_ref idref="fl-d9"/>
      </object_component>
      <object_component id="oc-70">
         <name>.debug_info</name>
         <load_address>0x10503</load_address>
         <run_address>0x10503</run_address>
         <size>0x138</size>
         <input_file_ref idref="fl-da"/>
      </object_component>
      <object_component id="oc-76">
         <name>.debug_info</name>
         <load_address>0x1063b</load_address>
         <run_address>0x1063b</run_address>
         <size>0x148</size>
         <input_file_ref idref="fl-db"/>
      </object_component>
      <object_component id="oc-8e">
         <name>.debug_info</name>
         <load_address>0x10783</load_address>
         <run_address>0x10783</run_address>
         <size>0x109</size>
         <input_file_ref idref="fl-dc"/>
      </object_component>
      <object_component id="oc-31e">
         <name>.debug_info</name>
         <load_address>0x1088c</load_address>
         <run_address>0x1088c</run_address>
         <size>0x25d</size>
         <input_file_ref idref="fl-dd"/>
      </object_component>
      <object_component id="oc-318">
         <name>.debug_info</name>
         <load_address>0x10ae9</load_address>
         <run_address>0x10ae9</run_address>
         <size>0x118</size>
         <input_file_ref idref="fl-dd"/>
      </object_component>
      <object_component id="oc-2f6">
         <name>.debug_info</name>
         <load_address>0x10c01</load_address>
         <run_address>0x10c01</run_address>
         <size>0x300</size>
         <input_file_ref idref="fl-dd"/>
      </object_component>
      <object_component id="oc-287">
         <name>.debug_info</name>
         <load_address>0x10f01</load_address>
         <run_address>0x10f01</run_address>
         <size>0x124</size>
         <input_file_ref idref="fl-de"/>
      </object_component>
      <object_component id="oc-1ae">
         <name>.debug_info</name>
         <load_address>0x11025</load_address>
         <run_address>0x11025</run_address>
         <size>0x113</size>
         <input_file_ref idref="fl-de"/>
      </object_component>
      <object_component id="oc-283">
         <name>.debug_info</name>
         <load_address>0x11138</load_address>
         <run_address>0x11138</run_address>
         <size>0x21f</size>
         <input_file_ref idref="fl-de"/>
      </object_component>
      <object_component id="oc-1a9">
         <name>.debug_info</name>
         <load_address>0x11357</load_address>
         <run_address>0x11357</run_address>
         <size>0x166</size>
         <input_file_ref idref="fl-df"/>
      </object_component>
      <object_component id="oc-82">
         <name>.debug_info</name>
         <load_address>0x114bd</load_address>
         <run_address>0x114bd</run_address>
         <size>0x167</size>
         <input_file_ref idref="fl-df"/>
      </object_component>
      <object_component id="oc-278">
         <name>.debug_info</name>
         <load_address>0x11624</load_address>
         <run_address>0x11624</run_address>
         <size>0x5e</size>
         <input_file_ref idref="fl-df"/>
      </object_component>
      <object_component id="oc-1a1">
         <name>.debug_info</name>
         <load_address>0x11682</load_address>
         <run_address>0x11682</run_address>
         <size>0x2e9</size>
         <input_file_ref idref="fl-e0"/>
      </object_component>
      <object_component id="oc-7c">
         <name>.debug_info</name>
         <load_address>0x1196b</load_address>
         <run_address>0x1196b</run_address>
         <size>0x190</size>
         <input_file_ref idref="fl-e0"/>
      </object_component>
      <object_component id="oc-259">
         <name>.debug_info</name>
         <load_address>0x11afb</load_address>
         <run_address>0x11afb</run_address>
         <size>0x39</size>
         <input_file_ref idref="fl-e0"/>
      </object_component>
      <object_component id="oc-2c7">
         <name>.debug_info</name>
         <load_address>0x11b34</load_address>
         <run_address>0x11b34</run_address>
         <size>0x39</size>
         <input_file_ref idref="fl-e0"/>
      </object_component>
      <object_component id="oc-25e">
         <name>.debug_info</name>
         <load_address>0x11b6d</load_address>
         <run_address>0x11b6d</run_address>
         <size>0xcd</size>
         <input_file_ref idref="fl-e0"/>
      </object_component>
      <object_component id="oc-255">
         <name>.debug_info</name>
         <load_address>0x11c3a</load_address>
         <run_address>0x11c3a</run_address>
         <size>0x1e0</size>
         <input_file_ref idref="fl-e1"/>
      </object_component>
      <object_component id="oc-195">
         <name>.debug_info</name>
         <load_address>0x11e1a</load_address>
         <run_address>0x11e1a</run_address>
         <size>0x183</size>
         <input_file_ref idref="fl-e1"/>
      </object_component>
      <object_component id="oc-2c2">
         <name>.debug_info</name>
         <load_address>0x11f9d</load_address>
         <run_address>0x11f9d</run_address>
         <size>0x2c</size>
         <input_file_ref idref="fl-e1"/>
      </object_component>
      <object_component id="oc-31b">
         <name>.debug_info</name>
         <load_address>0x11fc9</load_address>
         <run_address>0x11fc9</run_address>
         <size>0xf3</size>
         <input_file_ref idref="fl-e2"/>
      </object_component>
      <object_component id="oc-309">
         <name>.debug_info</name>
         <load_address>0x120bc</load_address>
         <run_address>0x120bc</run_address>
         <size>0x144</size>
         <input_file_ref idref="fl-e3"/>
      </object_component>
      <object_component id="oc-30e">
         <name>.debug_info</name>
         <load_address>0x12200</load_address>
         <run_address>0x12200</run_address>
         <size>0x120</size>
         <input_file_ref idref="fl-e4"/>
      </object_component>
      <object_component id="oc-313">
         <name>.debug_info</name>
         <load_address>0x12320</load_address>
         <run_address>0x12320</run_address>
         <size>0x132</size>
         <input_file_ref idref="fl-e5"/>
      </object_component>
      <object_component id="oc-304">
         <name>.debug_info</name>
         <load_address>0x12452</load_address>
         <run_address>0x12452</run_address>
         <size>0x132</size>
         <input_file_ref idref="fl-e6"/>
      </object_component>
      <object_component id="oc-19b">
         <name>.debug_info</name>
         <load_address>0x12584</load_address>
         <run_address>0x12584</run_address>
         <size>0x145</size>
         <input_file_ref idref="fl-e7"/>
      </object_component>
      <object_component id="oc-350">
         <name>.debug_info</name>
         <load_address>0x126c9</load_address>
         <run_address>0x126c9</run_address>
         <size>0xb9</size>
      </object_component>
      <object_component id="oc-2e4">
         <name>.debug_line</name>
         <load_address>0x0</load_address>
         <run_address>0x0</run_address>
         <size>0x2c</size>
         <input_file_ref idref="fl-2"/>
      </object_component>
      <object_component id="oc-1f6">
         <name>.debug_line</name>
         <load_address>0x2c</load_address>
         <run_address>0x2c</run_address>
         <size>0x2c</size>
         <input_file_ref idref="fl-2"/>
      </object_component>
      <object_component id="oc-55">
         <name>.debug_line</name>
         <load_address>0x58</load_address>
         <run_address>0x58</run_address>
         <size>0x20</size>
         <input_file_ref idref="fl-2"/>
      </object_component>
      <object_component id="oc-1f2">
         <name>.debug_line</name>
         <load_address>0x78</load_address>
         <run_address>0x78</run_address>
         <size>0x159</size>
         <input_file_ref idref="fl-3"/>
      </object_component>
      <object_component id="oc-2cf">
         <name>.debug_line</name>
         <load_address>0x1d1</load_address>
         <run_address>0x1d1</run_address>
         <size>0x3a</size>
         <input_file_ref idref="fl-3"/>
      </object_component>
      <object_component id="oc-1a6">
         <name>.debug_line</name>
         <load_address>0x20b</load_address>
         <run_address>0x20b</run_address>
         <size>0x2b7</size>
         <input_file_ref idref="fl-3"/>
      </object_component>
      <object_component id="oc-1fb">
         <name>.debug_line</name>
         <load_address>0x4c2</load_address>
         <run_address>0x4c2</run_address>
         <size>0x31</size>
         <input_file_ref idref="fl-3"/>
      </object_component>
      <object_component id="oc-1eb">
         <name>.debug_line</name>
         <load_address>0x4f3</load_address>
         <run_address>0x4f3</run_address>
         <size>0x30</size>
         <input_file_ref idref="fl-3"/>
      </object_component>
      <object_component id="oc-1ff">
         <name>.debug_line</name>
         <load_address>0x523</load_address>
         <run_address>0x523</run_address>
         <size>0x3a</size>
         <input_file_ref idref="fl-3"/>
      </object_component>
      <object_component id="oc-2b1">
         <name>.debug_line</name>
         <load_address>0x55d</load_address>
         <run_address>0x55d</run_address>
         <size>0x59</size>
         <input_file_ref idref="fl-3"/>
      </object_component>
      <object_component id="oc-231">
         <name>.debug_line</name>
         <load_address>0x5b6</load_address>
         <run_address>0x5b6</run_address>
         <size>0x2f</size>
         <input_file_ref idref="fl-3"/>
      </object_component>
      <object_component id="oc-236">
         <name>.debug_line</name>
         <load_address>0x5e5</load_address>
         <run_address>0x5e5</run_address>
         <size>0x2f</size>
         <input_file_ref idref="fl-3"/>
      </object_component>
      <object_component id="oc-fc">
         <name>.debug_line</name>
         <load_address>0x614</load_address>
         <run_address>0x614</run_address>
         <size>0x6e</size>
         <input_file_ref idref="fl-3"/>
      </object_component>
      <object_component id="oc-2bf">
         <name>.debug_line</name>
         <load_address>0x682</load_address>
         <run_address>0x682</run_address>
         <size>0x93</size>
         <input_file_ref idref="fl-4"/>
      </object_component>
      <object_component id="oc-2bd">
         <name>.debug_line</name>
         <load_address>0x715</load_address>
         <run_address>0x715</run_address>
         <size>0x2f</size>
         <input_file_ref idref="fl-4"/>
      </object_component>
      <object_component id="oc-173">
         <name>.debug_line</name>
         <load_address>0x744</load_address>
         <run_address>0x744</run_address>
         <size>0x155</size>
         <input_file_ref idref="fl-4"/>
      </object_component>
      <object_component id="oc-14d">
         <name>.debug_line</name>
         <load_address>0x899</load_address>
         <run_address>0x899</run_address>
         <size>0x20</size>
         <input_file_ref idref="fl-4"/>
      </object_component>
      <object_component id="oc-202">
         <name>.debug_line</name>
         <load_address>0x8b9</load_address>
         <run_address>0x8b9</run_address>
         <size>0xa3</size>
         <input_file_ref idref="fl-5"/>
      </object_component>
      <object_component id="oc-e4">
         <name>.debug_line</name>
         <load_address>0x95c</load_address>
         <run_address>0x95c</run_address>
         <size>0x87</size>
         <input_file_ref idref="fl-5"/>
      </object_component>
      <object_component id="oc-23e">
         <name>.debug_line</name>
         <load_address>0x9e3</load_address>
         <run_address>0x9e3</run_address>
         <size>0x10f</size>
         <input_file_ref idref="fl-6"/>
      </object_component>
      <object_component id="oc-41">
         <name>.debug_line</name>
         <load_address>0xaf2</load_address>
         <run_address>0xaf2</run_address>
         <size>0x118</size>
         <input_file_ref idref="fl-6"/>
      </object_component>
      <object_component id="oc-251">
         <name>.debug_line</name>
         <load_address>0xc0a</load_address>
         <run_address>0xc0a</run_address>
         <size>0x12f</size>
         <input_file_ref idref="fl-7"/>
      </object_component>
      <object_component id="oc-47">
         <name>.debug_line</name>
         <load_address>0xd39</load_address>
         <run_address>0xd39</run_address>
         <size>0x108</size>
         <input_file_ref idref="fl-7"/>
      </object_component>
      <object_component id="oc-1e8">
         <name>.debug_line</name>
         <load_address>0xe41</load_address>
         <run_address>0xe41</run_address>
         <size>0x140</size>
         <input_file_ref idref="fl-8"/>
      </object_component>
      <object_component id="oc-204">
         <name>.debug_line</name>
         <load_address>0xf81</load_address>
         <run_address>0xf81</run_address>
         <size>0x30</size>
         <input_file_ref idref="fl-8"/>
      </object_component>
      <object_component id="oc-35">
         <name>.debug_line</name>
         <load_address>0xfb1</load_address>
         <run_address>0xfb1</run_address>
         <size>0x13f</size>
         <input_file_ref idref="fl-8"/>
      </object_component>
      <object_component id="oc-1ef">
         <name>.debug_line</name>
         <load_address>0x10f0</load_address>
         <run_address>0x10f0</run_address>
         <size>0x30</size>
         <input_file_ref idref="fl-8"/>
      </object_component>
      <object_component id="oc-2ff">
         <name>.debug_line</name>
         <load_address>0x1120</load_address>
         <run_address>0x1120</run_address>
         <size>0xc0</size>
         <input_file_ref idref="fl-9"/>
      </object_component>
      <object_component id="oc-270">
         <name>.debug_line</name>
         <load_address>0x11e0</load_address>
         <run_address>0x11e0</run_address>
         <size>0x153</size>
         <input_file_ref idref="fl-9"/>
      </object_component>
      <object_component id="oc-2f2">
         <name>.debug_line</name>
         <load_address>0x1333</load_address>
         <run_address>0x1333</run_address>
         <size>0x5f</size>
         <input_file_ref idref="fl-a"/>
      </object_component>
      <object_component id="oc-243">
         <name>.debug_line</name>
         <load_address>0x1392</load_address>
         <run_address>0x1392</run_address>
         <size>0x26c</size>
         <input_file_ref idref="fl-a"/>
      </object_component>
      <object_component id="oc-22d">
         <name>.debug_line</name>
         <load_address>0x15fe</load_address>
         <run_address>0x15fe</run_address>
         <size>0x179</size>
         <input_file_ref idref="fl-b"/>
      </object_component>
      <object_component id="oc-3b">
         <name>.debug_line</name>
         <load_address>0x1777</load_address>
         <run_address>0x1777</run_address>
         <size>0x23a</size>
         <input_file_ref idref="fl-b"/>
      </object_component>
      <object_component id="oc-17b">
         <name>.debug_line</name>
         <load_address>0x19b1</load_address>
[...]
         <value>0x98d</value>
         <object_component_ref idref="oc-26c"/>
      </symbol>
      <symbol id="sm-205">
         <name>set_int_value</name>
         <value>0xceb</value>
         <object_component_ref idref="oc-26c"/>
      </symbol>
      <symbol id="sm-206">
         <name>int2num</name>
         <value>0xbb3</value>
         <object_component_ref idref="oc-26c"/>
      </symbol>
      <symbol id="sm-207">
         <name>set_float_value</name>
         <value>0xcb1</value>
         <object_component_ref idref="oc-26c"/>
      </symbol>
      <symbol id="sm-208">
         <name>float2str</name>
         <value>0x9e1</value>
         <object_component_ref idref="oc-26c"/>
      </symbol>
      <symbol id="sm-240">
         <name>RingBufAdvanceRead</name>
         <value>0x128f</value>
         <object_component_ref idref="oc-23f"/>
      </symbol>
      <symbol id="sm-241">
         <name>RingBufInit</name>
         <value>0x138d</value>
         <object_component_ref idref="oc-23f"/>
      </symbol>
      <symbol id="sm-242">
         <name>RingBufFull</name>
         <value>0x10ef</value>
         <object_component_ref idref="oc-23f"/>
      </symbol>
      <symbol id="sm-243">
         <name>RingBufSize</name>
         <value>0x1225</value>
         <object_component_ref idref="oc-23f"/>
      </symbol>
      <symbol id="sm-244">
         <name>RingBufContigFree</name>
         <value>0x11e9</value>
         <object_component_ref idref="oc-23f"/>
      </symbol>
      <symbol id="sm-245">
         <name>RingBufWriteOne</name>
         <value>0x1331</value>
         <object_component_ref idref="oc-23f"/>
      </symbol>
      <symbol id="sm-246">
         <name>RingBufFlush</name>
         <value>0x1153</value>
         <object_component_ref idref="oc-23f"/>
      </symbol>
      <symbol id="sm-247">
         <name>RingBufContigUsed</name>
         <value>0x11bb</value>
         <object_component_ref idref="oc-23f"/>
      </symbol>
      <symbol id="sm-248">
         <name>RingBufWrite</name>
         <value>0x1357</value>
         <object_component_ref idref="oc-23f"/>
      </symbol>
      <symbol id="sm-249">
         <name>RingBufFree</name>
         <value>0x11a5</value>
         <object_component_ref idref="oc-23f"/>
      </symbol>
      <symbol id="sm-24a">
         <name>RingBufRead</name>
         <value>0x1259</value>
         <object_component_ref idref="oc-23f"/>
      </symbol>
      <symbol id="sm-24b">
         <name>RingBufReadOne</name>
         <value>0x1233</value>
         <object_component_ref idref="oc-23f"/>
      </symbol>
      <symbol id="sm-24c">
         <name>RingBufUsed</name>
         <value>0x1173</value>
         <object_component_ref idref="oc-23f"/>
      </symbol>
      <symbol id="sm-24d">
         <name>RingBufEmpty</name>
         <value>0x1129</value>
         <object_component_ref idref="oc-23f"/>
      </symbol>
      <symbol id="sm-24e">
         <name>RingBufAdvanceWrite</name>
         <value>0x12bd</value>
         <object_component_ref idref="oc-23f"/>
      </symbol>
      <symbol id="sm-290">
         <name>Uart</name>
         <value>0x20000343</value>
      </symbol>
      <symbol id="sm-291">
         <name>UART1_Interrupt_Handler</name>
         <value>0xd77</value>
         <object_component_ref idref="oc-37"/>
      </symbol>
      <symbol id="sm-292">
         <name>SerialPutStr_NonTer</name>
         <value>0xfe7</value>
         <object_component_ref idref="oc-37"/>
      </symbol>
      <symbol id="sm-293">
         <name>set_position</name>
         <value>0xd1d</value>
         <object_component_ref idref="oc-37"/>
      </symbol>
      <symbol id="sm-294">
         <name>UART0_Interrupt_Handler</name>
         <value>0xdc9</value>
         <object_component_ref idref="oc-37"/>
      </symbol>
      <symbol id="sm-295">
         <name>SerialPutStrLn</name>
         <value>0xfb7</value>
         <object_component_ref idref="oc-37"/>
      </symbol>
      <symbol id="sm-296">
         <name>UART6_Interrupt_Handler</name>
         <value>0xd5d</value>
         <object_component_ref idref="oc-37"/>
      </symbol>
      <symbol id="sm-297">
         <name>SerialPutChar</name>
         <value>0xf7b</value>
         <object_component_ref idref="oc-37"/>
      </symbol>
      <symbol id="sm-298">
         <name>UART6_Init</name>
         <value>0xe23</value>
         <object_component_ref idref="oc-37"/>
      </symbol>
      <symbol id="sm-299">
         <name>UART0_Init</name>
         <value>0xe7b</value>
         <object_component_ref idref="oc-37"/>
      </symbol>
      <symbol id="sm-29a">
         <name>UART1_Init</name>
         <value>0xed1</value>
         <object_component_ref idref="oc-37"/>
      </symbol>
      <symbol id="sm-29b">
         <name>SerialTerminator</name>
         <value>0x1047</value>
         <object_component_ref idref="oc-37"/>
      </symbol>
      <symbol id="sm-29c">
         <name>SerialPutStr</name>
         <value>0xf8f</value>
         <object_component_ref idref="oc-37"/>
      </symbol>
      <symbol id="sm-29d">
         <name>SerialGetStr</name>
         <value>0x1007</value>
         <object_component_ref idref="oc-37"/>
      </symbol>
      <symbol id="sm-29e">
         <name>SerialPutData</name>
         <value>0xf43</value>
         <object_component_ref idref="oc-37"/>
      </symbol>
      <symbol id="sm-2ba">
         <name>ResetISR</name>
         <value>0x2d01</value>
         <object_component_ref idref="oc-2b"/>
      </symbol>
      <symbol id="sm-2bb">
         <name>g_pfnVectors</name>
         <value>0x0</value>
         <object_component_ref idref="oc-f"/>
      </symbol>
      <symbol id="sm-346">
         <name>UARTTxIntModeSet</name>
         <value>0x2ce9</value>
         <object_component_ref idref="oc-155"/>
      </symbol>
      <symbol id="sm-347">
         <name>UARTConfigSetExpClk</name>
         <value>0x2af1</value>
         <object_component_ref idref="oc-11c"/>
      </symbol>
      <symbol id="sm-348">
         <name>UARTDisable</name>
         <value>0x2bb5</value>
         <object_component_ref idref="oc-21f"/>
      </symbol>
      <symbol id="sm-349">
         <name>UARTBusy</name>
         <value>0x2d5b</value>
         <object_component_ref idref="oc-245"/>
      </symbol>
      <symbol id="sm-34a">
         <name>UARTIntEnable</name>
         <value>0x2d63</value>
         <object_component_ref idref="oc-122"/>
      </symbol>
      <symbol id="sm-34b">
         <name>UARTCharsAvail</name>
         <value>0x2cdd</value>
         <object_component_ref idref="oc-167"/>
      </symbol>
      <symbol id="sm-34c">
         <name>UARTClockSourceSet</name>
         <value>0x2d7d</value>
         <object_component_ref idref="oc-12e"/>
      </symbol>
      <symbol id="sm-34d">
         <name>UARTCharPut</name>
         <value>0x2d35</value>
         <object_component_ref idref="oc-13a"/>
      </symbol>
      <symbol id="sm-34e">
         <name>UARTEnable</name>
         <value>0x2c29</value>
         <object_component_ref idref="oc-134"/>
      </symbol>
      <symbol id="sm-34f">
         <name>UARTFIFOEnable</name>
         <value>0x2d3f</value>
         <object_component_ref idref="oc-14f"/>
      </symbol>
      <symbol id="sm-350">
         <name>UARTIntClear</name>
         <value>0x2d8d</value>
         <object_component_ref idref="oc-104"/>
      </symbol>
      <symbol id="sm-351">
         <name>UARTIntStatus</name>
         <value>0x2d49</value>
         <object_component_ref idref="oc-10a"/>
      </symbol>
      <symbol id="sm-352">
         <name>UARTCharGet</name>
         <value>0x2d2b</value>
         <object_component_ref idref="oc-140"/>
      </symbol>
      <symbol id="sm-353">
         <name>UARTFIFOLevelSet</name>
         <value>0x2d83</value>
         <object_component_ref idref="oc-128"/>
      </symbol>
      <symbol id="sm-38e">
         <name>TimerLoadSet</name>
         <value>0x2c63</value>
         <object_component_ref idref="oc-b6"/>
      </symbol>
      <symbol id="sm-38f">
         <name>TimerEnable</name>
         <value>0x2ca9</value>
         <object_component_ref idref="oc-d4"/>
      </symbol>
      <symbol id="sm-390">
         <name>TimerValueGet</name>
         <value>0x2d21</value>
         <object_component_ref idref="oc-e6"/>
      </symbol>
      <symbol id="sm-391">
         <name>TimerIntEnable</name>
         <value>0x2d53</value>
         <object_component_ref idref="oc-ce"/>
      </symbol>
      <symbol id="sm-392">
         <name>TimerConfigure</name>
         <value>0x290d</value>
         <object_component_ref idref="oc-b0"/>
      </symbol>
      <symbol id="sm-393">
         <name>TimerIntClear</name>
         <value>0x2d89</value>
         <object_component_ref idref="oc-da"/>
      </symbol>
      <symbol id="sm-3b6">
         <name>SysTickEnable</name>
         <value>0x2c01</value>
         <object_component_ref idref="oc-a4"/>
      </symbol>
      <symbol id="sm-3b7">
         <name>SysTickIntEnable</name>
         <value>0x2c15</value>
         <object_component_ref idref="oc-9e"/>
      </symbol>
      <symbol id="sm-3b8">
         <name>SysTickPeriodSet</name>
         <value>0x2c89</value>
         <object_component_ref idref="oc-98"/>
      </symbol>
      <symbol id="sm-413">
         <name>SysCtlClockSet</name>
         <value>0x2451</value>
         <object_component_ref idref="oc-263"/>
      </symbol>
      <symbol id="sm-414">
         <name>SysCtlDelay</name>
         <value>0x2d77</value>
         <object_component_ref idref="oc-2cc"/>
      </symbol>
      <symbol id="sm-415">
         <name>SysCtlPeripheralEnable</name>
         <value>0x2b31</value>
         <object_component_ref idref="oc-aa"/>
      </symbol>
      <symbol id="sm-416">
         <name>SysCtlClockGet</name>
         <value>0x223d</value>
         <object_component_ref idref="oc-92"/>
      </symbol>
      <symbol id="sm-45d">
         <name>IntPrioritySet</name>
         <value>0x2b91</value>
         <object_component_ref idref="oc-c8"/>
      </symbol>
      <symbol id="sm-45e">
         <name>IntEnable</name>
         <value>0x28ad</value>
         <object_component_ref idref="oc-c2"/>
      </symbol>
      <symbol id="sm-45f">
         <name>IntMasterDisable</name>
         <value>0x2d0d</value>
         <object_component_ref idref="oc-2b3"/>
      </symbol>
      <symbol id="sm-460">
         <name>IntMasterEnable</name>
         <value>0x2d17</value>
         <object_component_ref idref="oc-bc"/>
      </symbol>
      <symbol id="sm-4b0">
         <name>GPIOPinConfigure</name>
         <value>0x2aa9</value>
         <object_component_ref idref="oc-110"/>
      </symbol>
      <symbol id="sm-4b1">
         <name>GPIOPinTypeUART</name>
         <value>0x2c51</value>
         <object_component_ref idref="oc-116"/>
      </symbol>
      <symbol id="sm-4b2">
         <name>GPIOPinTypeGPIOOutput</name>
         <value>0x2bd1</value>
         <object_component_ref idref="oc-15b"/>
      </symbol>
      <symbol id="sm-4b3">
         <name>GPIOPinRead</name>
         <value>0x2d6b</value>
         <object_component_ref idref="oc-1df"/>
      </symbol>
      <symbol id="sm-4b4">
         <name>GPIODirModeSet</name>
         <value>0x2b65</value>
         <object_component_ref idref="oc-212"/>
      </symbol>
      <symbol id="sm-4b5">
         <name>GPIOPinWrite</name>
         <value>0x2d71</value>
         <object_component_ref idref="oc-161"/>
      </symbol>
      <symbol id="sm-4b6">
         <name>GPIOPadConfigSet</name>
         <value>0x210b</value>
         <object_component_ref idref="oc-218"/>
      </symbol>
      <symbol id="sm-4c8">
         <name>CPUcpsie</name>
         <value>0x2cd1</value>
         <object_component_ref idref="oc-1c7"/>
      </symbol>
      <symbol id="sm-4c9">
         <name>CPUcpsid</name>
         <value>0x2cc5</value>
         <object_component_ref idref="oc-2ea"/>
      </symbol>
      <symbol id="sm-4d6">
         <name>atof</name>
         <value>0x2c75</value>
         <object_component_ref idref="oc-2d6"/>
      </symbol>
      <symbol id="sm-4ec">
         <name>atoi</name>
         <value>0x2a11</value>
         <object_component_ref idref="oc-fe"/>
      </symbol>
      <symbol id="sm-4fd">
         <name>_c_int00</name>
         <value>0x2969</value>
         <object_component_ref idref="oc-24"/>
      </symbol>
      <symbol id="sm-4fe">
         <name>__stack</name>
         <value>0x20000380</value>
         <object_component_ref idref="oc-2a"/>
      </symbol>
      <symbol id="sm-51c">
         <name>__TI_decompress_lzss</name>
         <value>0x2843</value>
         <object_component_ref idref="oc-12"/>
      </symbol>
      <symbol id="sm-533">
         <name>__TI_decompress_none</name>
         <value>0x2cb7</value>
         <object_component_ref idref="oc-18"/>
      </symbol>
      <symbol id="sm-54a">
         <name>__TI_zero_init</name>
         <value>0x2cf5</value>
         <object_component_ref idref="oc-1e"/>
      </symbol>
      <symbol id="sm-555">
         <name>_ctypes_</name>
         <value>0x2d98</value>
         <object_component_ref idref="oc-205"/>
      </symbol>
      <symbol id="sm-576">
         <name>C$$EXIT</name>
         <value>0x29bd</value>
         <object_component_ref idref="oc-87"/>
      </symbol>
      <symbol id="sm-577">
         <name>abort</name>
         <value>0x29c1</value>
         <object_component_ref idref="oc-87"/>
      </symbol>
      <symbol id="sm-578">
         <name>exit</name>
         <value>0x29c9</value>
         <object_component_ref idref="oc-87"/>
      </symbol>
      <symbol id="sm-579">
         <name>__TI_dtors_ptr</name>
         <value>0x200005a0</value>
         <object_component_ref idref="oc-1aa"/>
      </symbol>
      <symbol id="sm-57a">
         <name>__TI_cleanup_ptr</name>
         <value>0x2000059c</value>
         <object_component_ref idref="oc-1aa"/>
      </symbol>
      <symbol id="sm-57b">
         <name>__TI_enable_exit_profile_output</name>
         <value>0x200005a4</value>
         <object_component_ref idref="oc-1aa"/>
      </symbol>
      <symbol id="sm-587">
         <name>__aeabi_d2f</name>
         <value>0x27d5</value>
         <object_component_ref idref="oc-2dc"/>
      </symbol>
      <symbol id="sm-596">
         <name>isdigit</name>
         <value>0x2c99</value>
         <object_component_ref idref="oc-2d0"/>
      </symbol>
      <symbol id="sm-5b1">
         <name>memcpy</name>
         <value>0x2541</value>
         <object_component_ref idref="oc-57"/>
      </symbol>
      <symbol id="sm-5b2">
         <name>__aeabi_memcpy</name>
         <value>0x2541</value>
         <object_component_ref idref="oc-57"/>
      </symbol>
      <symbol id="sm-5b3">
         <name>__aeabi_memcpy8</name>
         <value>0x2541</value>
         <object_component_ref idref="oc-57"/>
      </symbol>
      <symbol id="sm-5b4">
         <name>__aeabi_memcpy4</name>
         <value>0x2541</value>
         <object_component_ref idref="oc-57"/>
      </symbol>
      <symbol id="sm-5c3">
         <name>__aeabi_memset</name>
         <value>0x26ed</value>
         <object_component_ref idref="oc-63"/>
      </symbol>
      <symbol id="sm-5c4">
         <name>memset</name>
         <value>0x26f3</value>
         <object_component_ref idref="oc-63"/>
      </symbol>
      <symbol id="sm-5c5">
         <name>__aeabi_memset8</name>
         <value>0x26ed</value>
         <object_component_ref idref="oc-63"/>
      </symbol>
      <symbol id="sm-5c6">
         <name>__aeabi_memset4</name>
         <value>0x26ed</value>
         <object_component_ref idref="oc-63"/>
      </symbol>
      <symbol id="sm-5c7">
         <name>__aeabi_memclr8</name>
         <value>0x26eb</value>
         <object_component_ref idref="oc-63"/>
      </symbol>
      <symbol id="sm-5c8">
         <name>__aeabi_memclr4</name>
         <value>0x26eb</value>
         <object_component_ref idref="oc-63"/>
      </symbol>
      <symbol id="sm-5c9">
         <name>__aeabi_memclr</name>
         <value>0x26eb</value>
         <object_component_ref idref="oc-63"/>
      </symbol>
      <symbol id="sm-5d3">
         <name>__mpu_init</name>
         <value>0x1e43</value>
         <object_component_ref idref="oc-6f"/>
      </symbol>
      <symbol id="sm-5dd">
         <name>_system_pre_init</name>
         <value>0x2d91</value>
         <object_component_ref idref="oc-75"/>
      </symbol>
      <symbol id="sm-5e5">
         <name>main_func_sp</name>
         <value>0x200005bc</value>
         <object_component_ref idref="oc-8d"/>
      </symbol>
      <symbol id="sm-622">
         <name>strtold</name>
         <value>0x1649</value>
         <object_component_ref idref="oc-2f5"/>
      </symbol>
      <symbol id="sm-623">
         <name>strtod</name>
         <value>0x1649</value>
         <object_component_ref idref="oc-2f5"/>
      </symbol>
      <symbol id="sm-63c">
         <name>_nop</name>
         <value>0x2c4b</value>
         <object_component_ref idref="oc-27f"/>
      </symbol>
      <symbol id="sm-63d">
         <name>_lock</name>
         <value>0x200005a8</value>
         <object_component_ref idref="oc-1ad"/>
      </symbol>
      <symbol id="sm-63e">
         <name>_unlock</name>
         <value>0x200005ac</value>
         <object_component_ref idref="oc-1ad"/>
      </symbol>
      <symbol id="sm-63f">
         <name>_register_lock</name>
         <value>0x2c43</value>
         <object_component_ref idref="oc-27f"/>
      </symbol>
      <symbol id="sm-640">
         <name>_register_unlock</name>
         <value>0x2c3d</value>
         <object_component_ref idref="oc-27f"/>
      </symbol>
      <symbol id="sm-654">
         <name>_args_main</name>
         <value>0x2be9</value>
         <object_component_ref idref="oc-81"/>
      </symbol>
      <symbol id="sm-67e">
         <name>__TI_auto_init</name>
         <value>0x2765</value>
         <object_component_ref idref="oc-7b"/>
      </symbol>
      <symbol id="sm-698">
         <name>copy_in</name>
         <value>0x2a5d</value>
         <object_component_ref idref="oc-194"/>
      </symbol>
      <symbol id="sm-6a0">
         <name>errno</name>
         <value>0x200005b8</value>
         <object_component_ref idref="oc-31a"/>
      </symbol>
      <symbol id="sm-6b7">
         <name>__aeabi_dsub</name>
         <value>0x1c8d</value>
         <object_component_ref idref="oc-308"/>
      </symbol>
      <symbol id="sm-6b8">
         <name>__aeabi_dadd</name>
         <value>0x1c97</value>
         <object_component_ref idref="oc-308"/>
      </symbol>
      <symbol id="sm-6ca">
         <name>__aeabi_cdcmpeq</name>
         <value>0x2665</value>
         <object_component_ref idref="oc-30d"/>
      </symbol>
      <symbol id="sm-6cb">
         <name>__aeabi_cdcmple</name>
         <value>0x2665</value>
         <object_component_ref idref="oc-30d"/>
      </symbol>
      <symbol id="sm-6df">
         <name>__aeabi_ddiv</name>
         <value>0x1fd5</value>
         <object_component_ref idref="oc-312"/>
      </symbol>
      <symbol id="sm-6ea">
         <name>__aeabi_dmul</name>
         <value>0x2355</value>
         <object_component_ref idref="oc-303"/>
      </symbol>
      <symbol id="sm-6f4">
         <name>_system_post_cinit</name>
         <value>0x223b</value>
         <object_component_ref idref="oc-19a"/>
      </symbol>
      <symbol id="sm-6f5">
         <name>__TI_static_base__</name>
         <value>0x0</value>
      </symbol>
      <symbol id="sm-6f8">
         <name>SHT$$INIT_ARRAY$$Limit</name>
         <value>0x0</value>
      </symbol>
      <symbol id="sm-6f9">
         <name>SHT$$INIT_ARRAY$$Base</name>
         <value>0x0</value>
      </symbol>
   </symbol_table>
   <title>Link successful</title>
</link_info>
