******************************************************************************
                  TI ARM Linker PC v5.2.2                      
******************************************************************************
>> Linked Thu Mar 30 15:03:12 2017

OUTPUT FILE NAME:   <SAM_subcontroller.out>
ENTRY POINT SYMBOL: "_c_int00"  address: 00002fa5


MEMORY CONFIGURATION

         name            origin    length      used     unused   attr    fill
----------------------  --------  ---------  --------  --------  ----  --------
  FLASH                 00000000   00040000  000037cc  0003c834  R  X
  SRAM                  20000000   00008000  0000049b  00007b65  RW X


SEGMENT ALLOCATION MAP

run origin  load origin   length   init length attrs members
----------  ----------- ---------- ----------- ----- -------
00000000    00000000    000037d0   000037d0    r-x
  00000000    00000000    0000026c   0000026c    r-- .intvecs
  0000026c    0000026c    00003184   00003184    r-x .text
  000033f0    000033f0    000003a4   000003a4    r-- .const
  00003798    00003798    00000038   00000038    r-- .cinit
20000000    20000000    0000049c   00000000    rw-
  20000000    20000000    00000267   00000000    rw- .bss
  20000268    20000268    00000200   00000000    rw- .stack
  20000468    20000468    00000034   00000000    rw- .data


SECTION ALLOCATION MAP

 output                                  attributes/
section   page    origin      length       input sections
--------  ----  ----------  ----------   ----------------
.intvecs   0    00000000    0000026c     
                  00000000    0000026c     tm4c123gh6pm_startup_ccs.obj (.intvecs)

.text      0    0000026c    00003184     
                  0000026c    00000a6c     mainSubController.obj (.text)
                  00000cd8    000004f0     SAM.obj (.text)
                  000011c8    00000468     myRS485.obj (.text)
                  00001630    00000390     numManipulate.obj (.text)
                  000019c0    00000388     serial.obj (.text)
                  00001d48    0000034c     mySerial.obj (.text)
                  00002094    0000023c     rtsv7M4_T_le_v4SPD16_eabi.lib : strtod.obj (.text)
                  000022d0    000001fc     myTimer.obj (.text)
                  000024cc    000001b6     rtsv7M4_T_le_v4SPD16_eabi.lib : fd_add_t2.obj (.text)
                  00002682    00000136                                   : fd_div_t2.obj (.text)
                  000027b8    00000130     driverlib.lib : gpio.obj (.text:GPIOPadConfigSet)
                  000028e8    00000118                   : sysctl.obj (.text:SysCtlClockGet)
                  00002a00    000000fc     rtsv7M4_T_le_v4SPD16_eabi.lib : fd_mul_t2.obj (.text)
                  00002afc    000000f0     driverlib.lib : sysctl.obj (.text:SysCtlClockSet)
                  00002bec    0000009c     rtsv7M4_T_le_v4SPD16_eabi.lib : memcpy_t2.obj (.text)
                  00002c88    00000088     myIO.obj (.text)
                  00002d10    00000086     rtsv7M4_T_le_v4SPD16_eabi.lib : fd_cmp_t2.obj (.text:__aeabi_cdcmple)
                  00002d96    0000007a                                   : memset_t2.obj (.text)
                  00002e10    0000006c                                   : autoinit.obj (.text)
                  00002e7c    0000006a                                   : copy_decompress_rle.obj (.text)
                  00002ee6    00000002     --HOLE-- [fill = 0]
                  00002ee8    00000060     driverlib.lib : interrupt.obj (.text:IntEnable)
                  00002f48    0000005c                   : timer.obj (.text:TimerConfigure)
                  00002fa4    00000050     rtsv7M4_T_le_v4SPD16_eabi.lib : boot.obj (.text)
                  00002ff4    0000004c                                   : atoi.obj (.text)
                  00003040    0000004c                                   : cpy_tbl.obj (.text)
                  0000308c    0000004a                                   : fd_tos_t2.obj (.text)
                  000030d6    00000002     --HOLE-- [fill = 0]
                  000030d8    00000048     driverlib.lib : gpio.obj (.text:GPIOPinConfigure)
                  00003120    00000044     rtsv7M4_T_le_v4SPD16_eabi.lib : exit.obj (.text)
                  00003164    00000040     driverlib.lib : uart.obj (.text:UARTConfigSetExpClk)
                  000031a4    00000034                   : sysctl.obj (.text:SysCtlPeripheralEnable)
                  000031d8    0000002a                   : gpio.obj (.text:GPIODirModeSet)
                  00003202    00000002     --HOLE-- [fill = 0]
                  00003204    00000024                   : interrupt.obj (.text:IntPrioritySet)
                  00003228    0000001c                   : uart.obj (.text:UARTDisable)
                  00003244    00000018                   : gpio.obj (.text:GPIOPinTypeGPIOOutput)
                  0000325c    00000018     rtsv7M4_T_le_v4SPD16_eabi.lib : args_main.obj (.text)
                  00003274    00000014     driverlib.lib : systick.obj (.text:SysTickEnable)
                  00003288    00000014                   : systick.obj (.text:SysTickIntEnable)
                  0000329c    00000014                   : uart.obj (.text:UARTEnable)
                  000032b0    00000014     rtsv7M4_T_le_v4SPD16_eabi.lib : _lock.obj (.text)
                  000032c4    00000012     driverlib.lib : gpio.obj (.text:GPIOPinTypeUART)
                  000032d6    00000012                   : timer.obj (.text:TimerLoadSet)
                  000032e8    00000012     rtsv7M4_T_le_v4SPD16_eabi.lib : atof.obj (.text)
                  000032fa    00000002     --HOLE-- [fill = 0]
                  000032fc    00000010     driverlib.lib : systick.obj (.text:SysTickPeriodSet)
                  0000330c    00000010     rtsv7M4_T_le_v4SPD16_eabi.lib : isdigit.obj (.text)
                  0000331c    0000000e     driverlib.lib : timer.obj (.text:TimerEnable)
                  0000332a    0000000e     rtsv7M4_T_le_v4SPD16_eabi.lib : copy_decompress_none.obj (.text:decompress:none)
                  00003338    0000000c     driverlib.lib : cpu.obj (.text:CPUcpsie)
                  00003344    0000000c                   : uart.obj (.text:UARTCharsAvail)
                  00003350    0000000c                   : uart.obj (.text:UARTTxIntModeSet)
                  0000335c    0000000c     rtsv7M4_T_le_v4SPD16_eabi.lib : copy_zero_init.obj (.text:decompress:ZI)
                  00003368    0000000c     tm4c123gh6pm_startup_ccs.obj (.text)
                  00003374    0000000a     driverlib.lib : interrupt.obj (.text:IntMasterEnable)
                  0000337e    0000000a                   : timer.obj (.text:TimerValueGet)
                  00003388    0000000a                   : uart.obj (.text:UARTCharGet)
                  00003392    0000000a                   : uart.obj (.text:UARTCharPut)
                  0000339c    0000000a                   : uart.obj (.text:UARTFIFOEnable)
                  000033a6    0000000a                   : uart.obj (.text:UARTIntStatus)
                  000033b0    00000008                   : timer.obj (.text:TimerIntEnable)
                  000033b8    00000008                   : uart.obj (.text:UARTIntEnable)
                  000033c0    00000006                   : gpio.obj (.text:GPIOPinRead)
                  000033c6    00000006                   : gpio.obj (.text:GPIOPinWrite)
                  000033cc    00000006                   : sysctl.obj (.text:SysCtlDelay)
                  000033d2    00000006                   : uart.obj (.text:UARTClockSourceSet)
                  000033d8    00000006                   : uart.obj (.text:UARTFIFOLevelSet)
                  000033de    00000006     rtsv7M4_T_le_v4SPD16_eabi.lib : copy_decompress_rle.obj (.text:decompress:rle24)
                  000033e4    00000004     driverlib.lib : timer.obj (.text:TimerIntClear)
                  000033e8    00000004                   : uart.obj (.text:UARTIntClear)
                  000033ec    00000004     rtsv7M4_T_le_v4SPD16_eabi.lib : pre_init.obj (.text)

.const     0    000033f0    000003a4     
                  000033f0    00000101     rtsv7M4_T_le_v4SPD16_eabi.lib : ctype.obj (.const:.string:_ctypes_)
                  000034f1    00000003     --HOLE-- [fill = 0]
                  000034f4    0000009c     driverlib.lib : interrupt.obj (.const:g_pui32Regs)
                  00003590    00000098     rtsv7M4_T_le_v4SPD16_eabi.lib : strtod.obj (.const)
                  00003628    00000090     driverlib.lib : gpio.obj (.const:g_pui32GPIOBaseAddrs)
                  000036b8    00000070                   : interrupt.obj (.const)
                  00003728    0000006c                   : sysctl.obj (.const:g_pui32Xtals)

.cinit     0    00003798    00000038     
                  00003798    00000014     (.cinit..data.load) [load image, compression = rle]
                  000037ac    0000000c     (__TI_handler_table)
                  000037b8    00000008     (.cinit..bss.load) [load image, compression = zero_init]
                  000037c0    00000010     (__TI_cinit_table)

.init_array 
*          0    00000000    00000000     UNINITIALIZED

.bss       0    20000000    00000267     UNINITIALIZED
                  20000000    000000cb     mySerial.obj (.bss:serialPC)
                  200000cb    00000098     mySerial.obj (.bss:dataSendBuffer)
                  20000163    00000001     (.common:FlagTimer)
                  20000164    00000060     SAM.obj (.bss:samPosition12)
                  200001c4    00000029     serial.obj (.bss:Uart)
                  200001ed    00000018     (.common:samD)
                  20000205    00000018     (.common:samDataAvail)
                  2000021d    00000018     (.common:samI)
                  20000235    00000018     (.common:samP)
                  2000024d    00000001     (.common:samReadBusy)
                  2000024e    00000001     (.common:samReadCurrentID_C2)
                  2000024f    00000001     (.common:samReadCurrentID_C4)
                  20000250    0000000c     (.common:sam1)
                  2000025c    00000006     (.common:SysTick_Int_Count)
                  20000262    00000004     (.common:toggle_led)
                  20000266    00000001     (.common:samReadMode)

.TI.noinit 
*          0    20000000    00000000     UNINITIALIZED

.stack     0    20000268    00000200     UNINITIALIZED
                  20000268    00000200     --HOLE--

.data      0    20000468    00000034     UNINITIALIZED
                  20000468    0000001a     myTimer.obj (.data)
                  20000482    00000001     mainSubController.obj (.data)
                  20000483    00000001     --HOLE--
                  20000484    00000008     rtsv7M4_T_le_v4SPD16_eabi.lib : _lock.obj (.data)
                  2000048c    00000008                                   : exit.obj (.data)
                  20000494    00000004                                   : errno.obj (.data)
                  20000498    00000004                                   : stkdepth_vars.obj (.data)

.TI.persistent 
*          0    20000468    00000000     UNINITIALIZED


LINKER GENERATED COPY TABLES

__TI_cinit_table @ 000037c0 records: 2, size/record: 8, table size: 16
	.data: load addr=00003798, load size=00000014 bytes, run addr=20000468, run size=00000034 bytes, compression=rle
	.bss: load addr=000037b8, load size=00000008 bytes, run addr=20000000, run size=00000267 bytes, compression=zero_init


LINKER GENERATED HANDLER TABLE

__TI_handler_table @ 000037ac records: 3, size/record: 4, table size: 12
	index: 0, handler: __TI_decompress_rle24
	index: 1, handler: __TI_decompress_none
	index: 2, handler: __TI_zero_init


GLOBAL SYMBOLS: SORTED ALPHABETICALLY BY Name 

address   name                     
-------   ----                     
00003121  C$$EXIT                  
00003339  CPUcpsie                 
20000163  FlagTimer                
000031d9  GPIODirModeSet           
000027b9  GPIOPadConfigSet         
000030d9  GPIOPinConfigure         
000033c1  GPIOPinRead              
00003245  GPIOPinTypeGPIOOutput    
000032c5  GPIOPinTypeUART          
000033c7  GPIOPinWrite             
00002ee9  IntEnable                
00003375  IntMasterEnable          
00003205  IntPrioritySet           
00001631  Map_y                    
000011c9  RS485_2_Init             
00001485  RS485_3_Init             
00001329  RS485_4_Init             
00003369  ResetISR                 
00000fd3  SAM_get_I                
00000f6b  SAM_get_PD               
00001045  SAM_get_jointAngle10bit  
0000112b  SAM_get_jointAngle8bit   
00000cd9  SAM_init                 
00000cdb  SAM_send_bytes           
00000f01  SAM_set_I_Runtime        
00000e93  SAM_set_PD_Runtime       
000010ad  SAM_set_jointAngle10bit  
00001173  SAM_set_jointAngle8bit   
UNDEFED   SHT$$INIT_ARRAY$$Base    
UNDEFED   SHT$$INIT_ARRAY$$Limit   
00001cab  SerialGetStr             
00001c1f  SerialPutChar            
00001be7  SerialPutData            
00001c33  SerialPutStr             
00001c5b  SerialPutStrLn           
00001c8b  SerialPutStr_NonTer      
00001ef5  SerialSendData           
00001f1d  SerialSend_1_Position    
00001f7b  SerialSend_All_Position  
00001f8b  SerialSend_PID           
00001ceb  SerialTerminator         
20000481  SycTick_Int_Count        
000022eb  SycTick_Interrupt_Handler
000028e9  SysCtlClockGet           
00002afd  SysCtlClockSet           
000033cd  SysCtlDelay              
000031a5  SysCtlPeripheralEnable   
00003275  SysTickEnable            
00003289  SysTickIntEnable         
000032fd  SysTickPeriodSet         
000022d1  SysTick_Init             
2000025c  SysTick_Int_Count        
00002453  Timer0_Interrupt_Handler 
00002411  Timer0_init              
000023df  Timer1_Interrupt_Handler 
00002405  Timer1_Reset             
00002397  Timer1_init              
00002f49  TimerConfigure           
0000331d  TimerEnable              
000033e5  TimerIntClear            
000033b1  TimerIntEnable           
000032d7  TimerLoadSet             
0000337f  TimerValueGet            
00001b1f  UART0_Init               
00001a6d  UART0_Interrupt_Handler  
00001b75  UART1_Init               
00001a1b  UART1_Interrupt_Handler  
00001d49  UART2_Init               
00001251  UART2_Interrupt_Handler  
00001535  UART3_Interrupt_Handler  
000013ad  UART4_Interrupt_Handler  
00001daf  UART5_Init               
00001e07  UART5_Interrupt_Handler  
00001ac7  UART6_Init               
00001a01  UART6_Interrupt_Handler  
00001e79  UART7_Init               
00003389  UARTCharGet              
00003393  UARTCharPut              
00003345  UARTCharsAvail           
000033d3  UARTClockSourceSet       
00003165  UARTConfigSetExpClk      
00003229  UARTDisable              
0000329d  UARTEnable               
0000339d  UARTFIFOEnable           
000033d9  UARTFIFOLevelSet         
000033e9  UARTIntClear             
000033b9  UARTIntEnable            
000033a7  UARTIntStatus            
00003351  UARTTxIntModeSet         
200001c4  Uart                     
20000494  _Errno                   
20000468  __STACK_END              
00000200  __STACK_SIZE             
20000468  __STACK_TOP              
000037c0  __TI_CINIT_Base          
000037d0  __TI_CINIT_Limit         
000037ac  __TI_Handler_Table_Base  
000037b8  __TI_Handler_Table_Limit 
00002e11  __TI_auto_init           
2000048c  __TI_cleanup_ptr         
0000332b  __TI_decompress_none     
000033df  __TI_decompress_rle24    
20000490  __TI_dtors_ptr           
00000000  __TI_static_base__       
0000335d  __TI_zero_init           
00002d11  __aeabi_cdcmpeq          
00002d11  __aeabi_cdcmple          
0000308d  __aeabi_d2f              
000024d7  __aeabi_dadd             
00002683  __aeabi_ddiv             
00002a01  __aeabi_dmul             
000024cd  __aeabi_dsub             
00002d97  __aeabi_memclr           
00002d97  __aeabi_memclr4          
00002d97  __aeabi_memclr8          
00002bed  __aeabi_memcpy           
00002bed  __aeabi_memcpy4          
00002bed  __aeabi_memcpy8          
00002d99  __aeabi_memset           
00002d99  __aeabi_memset4          
00002d99  __aeabi_memset8          
ffffffff  __binit__                
ffffffff  __c_args__               
20000268  __stack                  
0000325d  _args_main               
00002fa5  _c_int00                 
000033f0  _ctypes_                 
20000484  _lock                    
000032bf  _nop                     
000032b7  _register_lock           
000032b1  _register_unlock         
000033ed  _system_pre_init         
20000488  _unlock                  
00003125  abort                    
000032e9  atof                     
00002ff5  atoi                     
ffffffff  binit                    
00002cf3  button                   
00000349  communication            
00003041  copy_in                  
200000cb  dataSendBuffer           
00000be5  display_com              
20000482  display_mode             
0000312d  exit                     
00001685  float2str                
00000000  g_pfnVectors             
00002471  getMicroSecond           
00001857  int2num                  
0000330d  isdigit                  
00002c9b  led                      
0000026d  main                     
20000498  main_func_sp             
00002bed  memcpy                   
00002d9f  memset                   
00002c89  myIO_init                
2000046c  preMicroSecond_angle     
20000478  preMicroSecond_camera    
20000470  preMicroSecond_position  
20000474  preMicroSecond_sonar     
20000480  safe_flag                
20000250  sam1                     
200001ed  samD                     
20000205  samDataAvail             
2000021d  samI                     
20000235  samP                     
20000164  samPosition12            
2000024d  samReadBusy              
2000024e  samReadCurrentID_C2      
2000024f  samReadCurrentID_C4      
20000266  samReadMode              
2000047c  sampling_time_second     
20000468  seconds                  
00001ed3  serialGetData            
20000000  serialPC                 
00001955  set_float_value          
0000198f  set_int_value            
000019c1  set_position             
00002095  strtod                   
00000301  task_100Hz               
000002eb  task_20Hz                
00000317  task_50Hz                
20000262  toggle_led               


GLOBAL SYMBOLS: SORTED BY Symbol Address 

address   name                     
-------   ----                     
00000000  __TI_static_base__       
00000000  g_pfnVectors             
00000200  __STACK_SIZE             
0000026d  main                     
000002eb  task_20Hz                
00000301  task_100Hz               
00000317  task_50Hz                
00000349  communication            
00000be5  display_com              
00000cd9  SAM_init                 
00000cdb  SAM_send_bytes           
00000e93  SAM_set_PD_Runtime       
00000f01  SAM_set_I_Runtime        
00000f6b  SAM_get_PD               
00000fd3  SAM_get_I                
00001045  SAM_get_jointAngle10bit  
000010ad  SAM_set_jointAngle10bit  
0000112b  SAM_get_jointAngle8bit   
00001173  SAM_set_jointAngle8bit   
000011c9  RS485_2_Init             
00001251  UART2_Interrupt_Handler  
00001329  RS485_4_Init             
000013ad  UART4_Interrupt_Handler  
00001485  RS485_3_Init             
00001535  UART3_Interrupt_Handler  
00001631  Map_y                    
00001685  float2str                
00001857  int2num                  
00001955  set_float_value          
0000198f  set_int_value            
000019c1  set_position             
00001a01  UART6_Interrupt_Handler  
00001a1b  UART1_Interrupt_Handler  
00001a6d  UART0_Interrupt_Handler  
00001ac7  UART6_Init               
00001b1f  UART0_Init               
00001b75  UART1_Init               
00001be7  SerialPutData            
00001c1f  SerialPutChar            
00001c33  SerialPutStr             
00001c5b  SerialPutStrLn           
00001c8b  SerialPutStr_NonTer      
00001cab  SerialGetStr             
00001ceb  SerialTerminator         
00001d49  UART2_Init               
00001daf  UART5_Init               
00001e07  UART5_Interrupt_Handler  
00001e79  UART7_Init               
00001ed3  serialGetData            
00001ef5  SerialSendData           
00001f1d  SerialSend_1_Position    
00001f7b  SerialSend_All_Position  
00001f8b  SerialSend_PID           
00002095  strtod                   
000022d1  SysTick_Init             
000022eb  SycTick_Interrupt_Handler
00002397  Timer1_init              
000023df  Timer1_Interrupt_Handler 
00002405  Timer1_Reset             
00002411  Timer0_init              
00002453  Timer0_Interrupt_Handler 
00002471  getMicroSecond           
000024cd  __aeabi_dsub             
000024d7  __aeabi_dadd             
00002683  __aeabi_ddiv             
000027b9  GPIOPadConfigSet         
000028e9  SysCtlClockGet           
00002a01  __aeabi_dmul             
00002afd  SysCtlClockSet           
00002bed  __aeabi_memcpy           
00002bed  __aeabi_memcpy4          
00002bed  __aeabi_memcpy8          
00002bed  memcpy                   
00002c89  myIO_init                
00002c9b  led                      
00002cf3  button                   
00002d11  __aeabi_cdcmpeq          
00002d11  __aeabi_cdcmple          
00002d97  __aeabi_memclr           
00002d97  __aeabi_memclr4          
00002d97  __aeabi_memclr8          
00002d99  __aeabi_memset           
00002d99  __aeabi_memset4          
00002d99  __aeabi_memset8          
00002d9f  memset                   
00002e11  __TI_auto_init           
00002ee9  IntEnable                
00002f49  TimerConfigure           
00002fa5  _c_int00                 
00002ff5  atoi                     
00003041  copy_in                  
0000308d  __aeabi_d2f              
000030d9  GPIOPinConfigure         
00003121  C$$EXIT                  
00003125  abort                    
0000312d  exit                     
00003165  UARTConfigSetExpClk      
000031a5  SysCtlPeripheralEnable   
000031d9  GPIODirModeSet           
00003205  IntPrioritySet           
00003229  UARTDisable              
00003245  GPIOPinTypeGPIOOutput    
0000325d  _args_main               
00003275  SysTickEnable            
00003289  SysTickIntEnable         
0000329d  UARTEnable               
000032b1  _register_unlock         
000032b7  _register_lock           
000032bf  _nop                     
000032c5  GPIOPinTypeUART          
000032d7  TimerLoadSet             
000032e9  atof                     
000032fd  SysTickPeriodSet         
0000330d  isdigit                  
0000331d  TimerEnable              
0000332b  __TI_decompress_none     
00003339  CPUcpsie                 
00003345  UARTCharsAvail           
00003351  UARTTxIntModeSet         
0000335d  __TI_zero_init           
00003369  ResetISR                 
00003375  IntMasterEnable          
0000337f  TimerValueGet            
00003389  UARTCharGet              
00003393  UARTCharPut              
0000339d  UARTFIFOEnable           
000033a7  UARTIntStatus            
000033b1  TimerIntEnable           
000033b9  UARTIntEnable            
000033c1  GPIOPinRead              
000033c7  GPIOPinWrite             
000033cd  SysCtlDelay              
000033d3  UARTClockSourceSet       
000033d9  UARTFIFOLevelSet         
000033df  __TI_decompress_rle24    
000033e5  TimerIntClear            
000033e9  UARTIntClear             
000033ed  _system_pre_init         
000033f0  _ctypes_                 
000037ac  __TI_Handler_Table_Base  
000037b8  __TI_Handler_Table_Limit 
000037c0  __TI_CINIT_Base          
000037d0  __TI_CINIT_Limit         
20000000  serialPC                 
200000cb  dataSendBuffer           
20000163  FlagTimer                
20000164  samPosition12            
200001c4  Uart                     
200001ed  samD                     
20000205  samDataAvail             
2000021d  samI                     
20000235  samP                     
2000024d  samReadBusy              
2000024e  samReadCurrentID_C2      
2000024f  samReadCurrentID_C4      
20000250  sam1                     
2000025c  SysTick_Int_Count        
20000262  toggle_led               
20000266  samReadMode              
20000268  __stack                  
20000468  __STACK_END              
20000468  __STACK_TOP              
20000468  seconds                  
2000046c  preMicroSecond_angle     
20000470  preMicroSecond_position  
20000474  preMicroSecond_sonar     
20000478  preMicroSecond_camera    
2000047c  sampling_time_second     
20000480  safe_flag                
20000481  SycTick_Int_Count        
20000482  display_mode             
20000484  _lock                    
20000488  _unlock                  
2000048c  __TI_cleanup_ptr         
20000490  __TI_dtors_ptr           
20000494  _Errno                   
20000498  main_func_sp             
ffffffff  __binit__                
ffffffff  __c_args__               
ffffffff  binit                    
UNDEFED   SHT$$INIT_ARRAY$$Base    
UNDEFED   SHT$$INIT_ARRAY$$Limit   

[182 symbols]
