******************************************************************************
                  TI ARM Linker PC v5.2.2                      
******************************************************************************
>> Linked Wed Mar 29 17:27:21 2017

OUTPUT FILE NAME:   <SAM_subcontroller.out>
ENTRY POINT SYMBOL: "_c_int00"  address: 00002c11


MEMORY CONFIGURATION

         name            origin    length      used     unused   attr    fill
----------------------  --------  ---------  --------  --------  ----  --------
  FLASH                 00000000   00040000  00003438  0003cbc8  R  X
  SRAM                  20000000   00008000  00000476  00007b8a  RW X


SEGMENT ALLOCATION MAP

run origin  load origin   length   init length attrs members
----------  ----------- ---------- ----------- ----- -------
00000000    00000000    00003440   00003440    r-x
  00000000    00000000    0000026c   0000026c    r-- .intvecs
  0000026c    0000026c    00002df0   00002df0    r-x .text
  00003060    00003060    000003a4   000003a4    r-- .const
  00003408    00003408    00000038   00000038    r-- .cinit
20000000    20000000    00000478   00000000    rw-
  20000000    20000000    00000242   00000000    rw- .bss
  20000244    20000244    00000200   00000000    rw- .stack
  20000444    20000444    00000034   00000000    rw- .data


SECTION ALLOCATION MAP

 output                                  attributes/
section   page    origin      length       input sections
--------  ----  ----------  ----------   ----------------
.intvecs   0    00000000    0000026c     
                  00000000    0000026c     tm4c123gh6pm_startup_ccs.obj (.intvecs)

.text      0    0000026c    00002df0     
                  0000026c    000007ec     mainSubController.obj (.text)
                  00000a58    00000514     SAM.obj (.text)
                  00000f6c    000003dc     myRS485.obj (.text)
                  00001348    00000390     numManipulate.obj (.text)
                  000016d8    00000388     serial.obj (.text)
                  00001a60    000002a0     mySerial.obj (.text)
                  00001d00    0000023c     rtsv7M4_T_le_v4SPD16_eabi.lib : strtod.obj (.text)
                  00001f3c    000001fc     myTimer.obj (.text)
                  00002138    000001b6     rtsv7M4_T_le_v4SPD16_eabi.lib : fd_add_t2.obj (.text)
                  000022ee    00000136                                   : fd_div_t2.obj (.text)
                  00002424    00000130     driverlib.lib : gpio.obj (.text:GPIOPadConfigSet)
                  00002554    00000118                   : sysctl.obj (.text:SysCtlClockGet)
                  0000266c    000000fc     rtsv7M4_T_le_v4SPD16_eabi.lib : fd_mul_t2.obj (.text)
                  00002768    000000f0     driverlib.lib : sysctl.obj (.text:SysCtlClockSet)
                  00002858    0000009c     rtsv7M4_T_le_v4SPD16_eabi.lib : memcpy_t2.obj (.text)
                  000028f4    00000088     myIO.obj (.text)
                  0000297c    00000086     rtsv7M4_T_le_v4SPD16_eabi.lib : fd_cmp_t2.obj (.text:__aeabi_cdcmple)
                  00002a02    0000007a                                   : memset_t2.obj (.text)
                  00002a7c    0000006c                                   : autoinit.obj (.text)
                  00002ae8    0000006a                                   : copy_decompress_rle.obj (.text)
                  00002b52    00000002     --HOLE-- [fill = 0]
                  00002b54    00000060     driverlib.lib : interrupt.obj (.text:IntEnable)
                  00002bb4    0000005c                   : timer.obj (.text:TimerConfigure)
                  00002c10    00000050     rtsv7M4_T_le_v4SPD16_eabi.lib : boot.obj (.text)
                  00002c60    0000004c                                   : atoi.obj (.text)
                  00002cac    0000004c                                   : cpy_tbl.obj (.text)
                  00002cf8    0000004a                                   : fd_tos_t2.obj (.text)
                  00002d42    00000002     --HOLE-- [fill = 0]
                  00002d44    00000048     driverlib.lib : gpio.obj (.text:GPIOPinConfigure)
                  00002d8c    00000044     rtsv7M4_T_le_v4SPD16_eabi.lib : exit.obj (.text)
                  00002dd0    00000040     driverlib.lib : uart.obj (.text:UARTConfigSetExpClk)
                  00002e10    00000034                   : sysctl.obj (.text:SysCtlPeripheralEnable)
                  00002e44    0000002a                   : gpio.obj (.text:GPIODirModeSet)
                  00002e6e    00000002     --HOLE-- [fill = 0]
                  00002e70    00000024                   : interrupt.obj (.text:IntPrioritySet)
                  00002e94    0000001c                   : uart.obj (.text:UARTDisable)
                  00002eb0    00000018                   : gpio.obj (.text:GPIOPinTypeGPIOOutput)
                  00002ec8    00000018     rtsv7M4_T_le_v4SPD16_eabi.lib : args_main.obj (.text)
                  00002ee0    00000014     driverlib.lib : systick.obj (.text:SysTickEnable)
                  00002ef4    00000014                   : systick.obj (.text:SysTickIntEnable)
                  00002f08    00000014                   : uart.obj (.text:UARTEnable)
                  00002f1c    00000014     rtsv7M4_T_le_v4SPD16_eabi.lib : _lock.obj (.text)
                  00002f30    00000012     driverlib.lib : gpio.obj (.text:GPIOPinTypeUART)
                  00002f42    00000012                   : timer.obj (.text:TimerLoadSet)
                  00002f54    00000012     rtsv7M4_T_le_v4SPD16_eabi.lib : atof.obj (.text)
                  00002f66    00000002     --HOLE-- [fill = 0]
                  00002f68    00000010     driverlib.lib : systick.obj (.text:SysTickPeriodSet)
                  00002f78    00000010     rtsv7M4_T_le_v4SPD16_eabi.lib : isdigit.obj (.text)
                  00002f88    0000000e     driverlib.lib : timer.obj (.text:TimerEnable)
                  00002f96    0000000e     rtsv7M4_T_le_v4SPD16_eabi.lib : copy_decompress_none.obj (.text:decompress:none)
                  00002fa4    0000000c     driverlib.lib : cpu.obj (.text:CPUcpsie)
                  00002fb0    0000000c                   : uart.obj (.text:UARTCharsAvail)
                  00002fbc    0000000c                   : uart.obj (.text:UARTTxIntModeSet)
                  00002fc8    0000000c     rtsv7M4_T_le_v4SPD16_eabi.lib : copy_zero_init.obj (.text:decompress:ZI)
                  00002fd4    0000000c     tm4c123gh6pm_startup_ccs.obj (.text)
                  00002fe0    0000000a     driverlib.lib : interrupt.obj (.text:IntMasterEnable)
                  00002fea    0000000a                   : timer.obj (.text:TimerValueGet)
                  00002ff4    0000000a                   : uart.obj (.text:UARTCharGet)
                  00002ffe    0000000a                   : uart.obj (.text:UARTCharPut)
                  00003008    0000000a                   : uart.obj (.text:UARTFIFOEnable)
                  00003012    0000000a                   : uart.obj (.text:UARTIntStatus)
                  0000301c    00000008                   : timer.obj (.text:TimerIntEnable)
                  00003024    00000008                   : uart.obj (.text:UARTIntEnable)
                  0000302c    00000006                   : gpio.obj (.text:GPIOPinRead)
                  00003032    00000006                   : gpio.obj (.text:GPIOPinWrite)
                  00003038    00000006                   : sysctl.obj (.text:SysCtlDelay)
                  0000303e    00000006                   : uart.obj (.text:UARTClockSourceSet)
                  00003044    00000006                   : uart.obj (.text:UARTFIFOLevelSet)
                  0000304a    00000006     rtsv7M4_T_le_v4SPD16_eabi.lib : copy_decompress_rle.obj (.text:decompress:rle24)
                  00003050    00000004     driverlib.lib : timer.obj (.text:TimerIntClear)
                  00003054    00000004                   : uart.obj (.text:UARTIntClear)
                  00003058    00000004     rtsv7M4_T_le_v4SPD16_eabi.lib : pre_init.obj (.text)

.const     0    00003060    000003a4     
                  00003060    00000101     rtsv7M4_T_le_v4SPD16_eabi.lib : ctype.obj (.const:.string:_ctypes_)
                  00003161    00000003     --HOLE-- [fill = 0]
                  00003164    0000009c     driverlib.lib : interrupt.obj (.const:g_pui32Regs)
                  00003200    00000098     rtsv7M4_T_le_v4SPD16_eabi.lib : strtod.obj (.const)
                  00003298    00000090     driverlib.lib : gpio.obj (.const:g_pui32GPIOBaseAddrs)
                  00003328    00000070                   : interrupt.obj (.const)
                  00003398    0000006c                   : sysctl.obj (.const:g_pui32Xtals)

.cinit     0    00003408    00000038     
                  00003408    00000014     (.cinit..data.load) [load image, compression = rle]
                  0000341c    0000000c     (__TI_handler_table)
                  00003428    00000008     (.cinit..bss.load) [load image, compression = zero_init]
                  00003430    00000010     (__TI_cinit_table)

.init_array 
*          0    00000000    00000000     UNINITIALIZED

.bss       0    20000000    00000242     UNINITIALIZED
                  20000000    000000cb     mySerial.obj (.bss:serialPC)
                  200000cb    00000098     mySerial.obj (.bss:dataSendBuffer)
                  20000163    00000001     (.common:FlagTimer)
                  20000164    00000080     SAM.obj (.bss:samPosition12)
                  200001e4    00000029     serial.obj (.bss:Uart)
                  2000020d    00000020     (.common:samDataAvail)
                  2000022d    00000001     (.common:samReadBusy)
                  2000022e    00000001     (.common:samReadCurrentID_C2)
                  2000022f    00000001     (.common:samReadCurrentID_C4)
                  20000230    00000008     (.common:sam1)
                  20000238    00000006     (.common:SysTick_Int_Count)
                  2000023e    00000004     (.common:toggle_led)

.TI.noinit 
*          0    20000000    00000000     UNINITIALIZED

.stack     0    20000244    00000200     UNINITIALIZED
                  20000244    00000200     --HOLE--

.data      0    20000444    00000034     UNINITIALIZED
                  20000444    0000001a     myTimer.obj (.data)
                  2000045e    00000001     mainSubController.obj (.data)
                  2000045f    00000001     --HOLE--
                  20000460    00000008     rtsv7M4_T_le_v4SPD16_eabi.lib : _lock.obj (.data)
                  20000468    00000008                                   : exit.obj (.data)
                  20000470    00000004                                   : errno.obj (.data)
                  20000474    00000004                                   : stkdepth_vars.obj (.data)

.TI.persistent 
*          0    20000444    00000000     UNINITIALIZED


LINKER GENERATED COPY TABLES

__TI_cinit_table @ 00003430 records: 2, size/record: 8, table size: 16
	.data: load addr=00003408, load size=00000014 bytes, run addr=20000444, run size=00000034 bytes, compression=rle
	.bss: load addr=00003428, load size=00000008 bytes, run addr=20000000, run size=00000242 bytes, compression=zero_init


LINKER GENERATED HANDLER TABLE

__TI_handler_table @ 0000341c records: 3, size/record: 4, table size: 12
	index: 0, handler: __TI_decompress_rle24
	index: 1, handler: __TI_decompress_none
	index: 2, handler: __TI_zero_init


GLOBAL SYMBOLS: SORTED ALPHABETICALLY BY Name 

address   name                     
-------   ----                     
00002d8d  C$$EXIT                  
00002fa5  CPUcpsie                 
20000163  FlagTimer                
00002e45  GPIODirModeSet           
00002425  GPIOPadConfigSet         
00002d45  GPIOPinConfigure         
0000302d  GPIOPinRead              
00002eb1  GPIOPinTypeGPIOOutput    
00002f31  GPIOPinTypeUART          
00003033  GPIOPinWrite             
00002b55  IntEnable                
00002fe1  IntMasterEnable          
00002e71  IntPrioritySet           
00001349  Map_y                    
00000f6d  RS485_2_Init             
000011ad  RS485_3_Init             
0000108f  RS485_4_Init             
00002fd5  ResetISR                 
00000a5b  SAM_get_jointAngle10bit  
00000e9d  SAM_get_jointAngle8bit   
00000a59  SAM_init                 
00000c6d  SAM_set_jointAngle10bit  
00000f01  SAM_set_jointAngle8bit   
UNDEFED   SHT$$INIT_ARRAY$$Base    
UNDEFED   SHT$$INIT_ARRAY$$Limit   
000019c3  SerialGetStr             
00001937  SerialPutChar            
000018ff  SerialPutData            
0000194b  SerialPutStr             
00001973  SerialPutStrLn           
000019a3  SerialPutStr_NonTer      
00001c0d  SerialSendData           
00001c35  SerialSend_1_Position    
00001c93  SerialSend_All_Position  
00001a03  SerialTerminator         
2000045d  SycTick_Int_Count        
00001f57  SycTick_Interrupt_Handler
00002555  SysCtlClockGet           
00002769  SysCtlClockSet           
00003039  SysCtlDelay              
00002e11  SysCtlPeripheralEnable   
00002ee1  SysTickEnable            
00002ef5  SysTickIntEnable         
00002f69  SysTickPeriodSet         
00001f3d  SysTick_Init             
20000238  SysTick_Int_Count        
000020bf  Timer0_Interrupt_Handler 
0000207d  Timer0_init              
0000204b  Timer1_Interrupt_Handler 
00002071  Timer1_Reset             
00002003  Timer1_init              
00002bb5  TimerConfigure           
00002f89  TimerEnable              
00003051  TimerIntClear            
0000301d  TimerIntEnable           
00002f43  TimerLoadSet             
00002feb  TimerValueGet            
00001837  UART0_Init               
00001785  UART0_Interrupt_Handler  
0000188d  UART1_Init               
00001733  UART1_Interrupt_Handler  
00001a61  UART2_Init               
00000ff5  UART2_Interrupt_Handler  
00001231  UART3_Interrupt_Handler  
00001113  UART4_Interrupt_Handler  
00001ac7  UART5_Init               
00001b1f  UART5_Interrupt_Handler  
000017df  UART6_Init               
00001719  UART6_Interrupt_Handler  
00001b91  UART7_Init               
00002ff5  UARTCharGet              
00002fff  UARTCharPut              
00002fb1  UARTCharsAvail           
0000303f  UARTClockSourceSet       
00002dd1  UARTConfigSetExpClk      
00002e95  UARTDisable              
00002f09  UARTEnable               
00003009  UARTFIFOEnable           
00003045  UARTFIFOLevelSet         
00003055  UARTIntClear             
00003025  UARTIntEnable            
00003013  UARTIntStatus            
00002fbd  UARTTxIntModeSet         
200001e4  Uart                     
20000470  _Errno                   
20000444  __STACK_END              
00000200  __STACK_SIZE             
20000444  __STACK_TOP              
00003430  __TI_CINIT_Base          
00003440  __TI_CINIT_Limit         
0000341c  __TI_Handler_Table_Base  
00003428  __TI_Handler_Table_Limit 
00002a7d  __TI_auto_init           
20000468  __TI_cleanup_ptr         
00002f97  __TI_decompress_none     
0000304b  __TI_decompress_rle24    
2000046c  __TI_dtors_ptr           
00000000  __TI_static_base__       
00002fc9  __TI_zero_init           
0000297d  __aeabi_cdcmpeq          
0000297d  __aeabi_cdcmple          
00002cf9  __aeabi_d2f              
00002143  __aeabi_dadd             
000022ef  __aeabi_ddiv             
0000266d  __aeabi_dmul             
00002139  __aeabi_dsub             
00002a03  __aeabi_memclr           
00002a03  __aeabi_memclr4          
00002a03  __aeabi_memclr8          
00002859  __aeabi_memcpy           
00002859  __aeabi_memcpy4          
00002859  __aeabi_memcpy8          
00002a05  __aeabi_memset           
00002a05  __aeabi_memset4          
00002a05  __aeabi_memset8          
ffffffff  __binit__                
ffffffff  __c_args__               
20000244  __stack                  
00002ec9  _args_main               
00002c11  _c_int00                 
00003060  _ctypes_                 
20000460  _lock                    
00002f2b  _nop                     
00002f23  _register_lock           
00002f1d  _register_unlock         
00003059  _system_pre_init         
20000464  _unlock                  
00002d91  abort                    
00002f55  atof                     
00002c61  atoi                     
ffffffff  binit                    
0000295f  button                   
00000349  communication            
00002cad  copy_in                  
200000cb  dataSendBuffer           
0000097d  display_com              
2000045e  display_mode             
00002d99  exit                     
0000139d  float2str                
00000000  g_pfnVectors             
000020dd  getMicroSecond           
0000156f  int2num                  
00002f79  isdigit                  
00002907  led                      
0000026d  main                     
20000474  main_func_sp             
00002859  memcpy                   
00002a0b  memset                   
000028f5  myIO_init                
20000448  preMicroSecond_angle     
20000454  preMicroSecond_camera    
2000044c  preMicroSecond_position  
20000450  preMicroSecond_sonar     
2000045c  safe_flag                
20000230  sam1                     
2000020d  samDataAvail             
20000164  samPosition12            
2000022d  samReadBusy              
2000022e  samReadCurrentID_C2      
2000022f  samReadCurrentID_C4      
20000458  sampling_time_second     
20000444  seconds                  
00001beb  serialGetData            
20000000  serialPC                 
0000166d  set_float_value          
000016a7  set_int_value            
000016d9  set_position             
00001d01  strtod                   
00000301  task_100Hz               
000002eb  task_20Hz                
00000317  task_50Hz                
2000023e  toggle_led               


GLOBAL SYMBOLS: SORTED BY Symbol Address 

address   name                     
-------   ----                     
00000000  __TI_static_base__       
00000000  g_pfnVectors             
00000200  __STACK_SIZE             
0000026d  main                     
000002eb  task_20Hz                
00000301  task_100Hz               
00000317  task_50Hz                
00000349  communication            
0000097d  display_com              
00000a59  SAM_init                 
00000a5b  SAM_get_jointAngle10bit  
00000c6d  SAM_set_jointAngle10bit  
00000e9d  SAM_get_jointAngle8bit   
00000f01  SAM_set_jointAngle8bit   
00000f6d  RS485_2_Init             
00000ff5  UART2_Interrupt_Handler  
0000108f  RS485_4_Init             
00001113  UART4_Interrupt_Handler  
000011ad  RS485_3_Init             
00001231  UART3_Interrupt_Handler  
00001349  Map_y                    
0000139d  float2str                
0000156f  int2num                  
0000166d  set_float_value          
000016a7  set_int_value            
000016d9  set_position             
00001719  UART6_Interrupt_Handler  
00001733  UART1_Interrupt_Handler  
00001785  UART0_Interrupt_Handler  
000017df  UART6_Init               
00001837  UART0_Init               
0000188d  UART1_Init               
000018ff  SerialPutData            
00001937  SerialPutChar            
0000194b  SerialPutStr             
00001973  SerialPutStrLn           
000019a3  SerialPutStr_NonTer      
000019c3  SerialGetStr             
00001a03  SerialTerminator         
00001a61  UART2_Init               
00001ac7  UART5_Init               
00001b1f  UART5_Interrupt_Handler  
00001b91  UART7_Init               
00001beb  serialGetData            
00001c0d  SerialSendData           
00001c35  SerialSend_1_Position    
00001c93  SerialSend_All_Position  
00001d01  strtod                   
00001f3d  SysTick_Init             
00001f57  SycTick_Interrupt_Handler
00002003  Timer1_init              
0000204b  Timer1_Interrupt_Handler 
00002071  Timer1_Reset             
0000207d  Timer0_init              
000020bf  Timer0_Interrupt_Handler 
000020dd  getMicroSecond           
00002139  __aeabi_dsub             
00002143  __aeabi_dadd             
000022ef  __aeabi_ddiv             
00002425  GPIOPadConfigSet         
00002555  SysCtlClockGet           
0000266d  __aeabi_dmul             
00002769  SysCtlClockSet           
00002859  __aeabi_memcpy           
00002859  __aeabi_memcpy4          
00002859  __aeabi_memcpy8          
00002859  memcpy                   
000028f5  myIO_init                
00002907  led                      
0000295f  button                   
0000297d  __aeabi_cdcmpeq          
0000297d  __aeabi_cdcmple          
00002a03  __aeabi_memclr           
00002a03  __aeabi_memclr4          
00002a03  __aeabi_memclr8          
00002a05  __aeabi_memset           
00002a05  __aeabi_memset4          
00002a05  __aeabi_memset8          
00002a0b  memset                   
00002a7d  __TI_auto_init           
00002b55  IntEnable                
00002bb5  TimerConfigure           
00002c11  _c_int00                 
00002c61  atoi                     
00002cad  copy_in                  
00002cf9  __aeabi_d2f              
00002d45  GPIOPinConfigure         
00002d8d  C$$EXIT                  
00002d91  abort                    
00002d99  exit                     
00002dd1  UARTConfigSetExpClk      
00002e11  SysCtlPeripheralEnable   
00002e45  GPIODirModeSet           
00002e71  IntPrioritySet           
00002e95  UARTDisable              
00002eb1  GPIOPinTypeGPIOOutput    
00002ec9  _args_main               
00002ee1  SysTickEnable            
00002ef5  SysTickIntEnable         
00002f09  UARTEnable               
00002f1d  _register_unlock         
00002f23  _register_lock           
00002f2b  _nop                     
00002f31  GPIOPinTypeUART          
00002f43  TimerLoadSet             
00002f55  atof                     
00002f69  SysTickPeriodSet         
00002f79  isdigit                  
00002f89  TimerEnable              
00002f97  __TI_decompress_none     
00002fa5  CPUcpsie                 
00002fb1  UARTCharsAvail           
00002fbd  UARTTxIntModeSet         
00002fc9  __TI_zero_init           
00002fd5  ResetISR                 
00002fe1  IntMasterEnable          
00002feb  TimerValueGet            
00002ff5  UARTCharGet              
00002fff  UARTCharPut              
00003009  UARTFIFOEnable           
00003013  UARTIntStatus            
0000301d  TimerIntEnable           
00003025  UARTIntEnable            
0000302d  GPIOPinRead              
00003033  GPIOPinWrite             
00003039  SysCtlDelay              
0000303f  UARTClockSourceSet       
00003045  UARTFIFOLevelSet         
0000304b  __TI_decompress_rle24    
00003051  TimerIntClear            
00003055  UARTIntClear             
00003059  _system_pre_init         
00003060  _ctypes_                 
0000341c  __TI_Handler_Table_Base  
00003428  __TI_Handler_Table_Limit 
00003430  __TI_CINIT_Base          
00003440  __TI_CINIT_Limit         
20000000  serialPC                 
200000cb  dataSendBuffer           
20000163  FlagTimer                
20000164  samPosition12            
200001e4  Uart                     
2000020d  samDataAvail             
2000022d  samReadBusy              
2000022e  samReadCurrentID_C2      
2000022f  samReadCurrentID_C4      
20000230  sam1                     
20000238  SysTick_Int_Count        
2000023e  toggle_led               
20000244  __stack                  
20000444  __STACK_END              
20000444  __STACK_TOP              
20000444  seconds                  
20000448  preMicroSecond_angle     
2000044c  preMicroSecond_position  
20000450  preMicroSecond_sonar     
20000454  preMicroSecond_camera    
20000458  sampling_time_second     
2000045c  safe_flag                
2000045d  SycTick_Int_Count        
2000045e  display_mode             
20000460  _lock                    
20000464  _unlock                  
20000468  __TI_cleanup_ptr         
2000046c  __TI_dtors_ptr           
20000470  _Errno                   
20000474  main_func_sp             
ffffffff  __binit__                
ffffffff  __c_args__               
ffffffff  binit                    
UNDEFED   SHT$$INIT_ARRAY$$Base    
UNDEFED   SHT$$INIT_ARRAY$$Limit   

[172 symbols]
