******************************************************************************
                  TI ARM Linker PC v5.2.2                      
******************************************************************************
>> Linked Fri Mar 17 17:31:21 2017

OUTPUT FILE NAME:   <SAM_subcontroller.out>
ENTRY POINT SYMBOL: "_c_int00"  address: 000028fd


MEMORY CONFIGURATION

         name            origin    length      used     unused   attr    fill
----------------------  --------  ---------  --------  --------  ----  --------
  FLASH                 00000000   00040000  0000314a  0003ceb6  R  X
  SRAM                  20000000   00008000  000005bb  00007a45  RW X


SEGMENT ALLOCATION MAP

run origin  load origin   length   init length attrs members
----------  ----------- ---------- ----------- ----- -------
00000000    00000000    00003150   00003150    r-x
  00000000    00000000    0000026c   0000026c    r-- .intvecs
  0000026c    0000026c    00002afa   00002afa    r-x .text
  00002d68    00002d68    000003a4   000003a4    r-- .const
  00003110    00003110    00000040   00000040    r-- .cinit
20000000    20000000    000005bc   00000000    rw-
  20000000    20000000    0000037f   00000000    rw- .bss
  20000380    20000380    00000200   00000000    rw- .stack
  20000580    20000580    0000003c   00000000    rw- .data


SECTION ALLOCATION MAP

 output                                  attributes/
section   page    origin      length       input sections
--------  ----  ----------  ----------   ----------------
.intvecs   0    00000000    0000026c     
                  00000000    0000026c     tm4c123gh6pm_startup_ccs.obj (.intvecs)

.text      0    0000026c    00002afa     
                  0000026c    00000720     mainSubController.obj (.text)
                  0000098c    00000390     numManipulate.obj (.text)
                  00000d1c    00000388     serial.obj (.text)
                  000010a4    0000030c     ringbuf.obj (.text)
                  000013b0    00000298     myRS485.obj (.text)
                  00001648    0000023c     rtsv7M4_T_le_v4SPD16_eabi.lib : strtod.obj (.text)
                  00001884    00000214     mySerial.obj (.text)
                  00001a98    000001f4     myTimer.obj (.text)
                  00001c8c    000001b6     rtsv7M4_T_le_v4SPD16_eabi.lib : fd_add_t2.obj (.text)
                  00001e42    00000002     --HOLE-- [fill = 0]
                  00001e44    00000194     myFIFO.obj (.text)
                  00001fd8    00000136     rtsv7M4_T_le_v4SPD16_eabi.lib : fd_div_t2.obj (.text)
                  0000210e    00000130     driverlib.lib : gpio.obj (.text:GPIOPadConfigSet)
                  0000223e    00000002     --HOLE-- [fill = 0]
                  00002240    00000118                   : sysctl.obj (.text:SysCtlClockGet)
                  00002358    000000fc     rtsv7M4_T_le_v4SPD16_eabi.lib : fd_mul_t2.obj (.text)
                  00002454    000000f0     driverlib.lib : sysctl.obj (.text:SysCtlClockSet)
                  00002544    0000009c     rtsv7M4_T_le_v4SPD16_eabi.lib : memcpy_t2.obj (.text)
                  000025e0    00000088     myIO.obj (.text)
                  00002668    00000086     rtsv7M4_T_le_v4SPD16_eabi.lib : fd_cmp_t2.obj (.text:__aeabi_cdcmple)
                  000026ee    0000007a                                   : memset_t2.obj (.text)
                  00002768    0000006c                                   : autoinit.obj (.text)
                  000027d4    0000006a                                   : copy_decompress_rle.obj (.text)
                  0000283e    00000002     --HOLE-- [fill = 0]
                  00002840    00000060     driverlib.lib : interrupt.obj (.text:IntEnable)
                  000028a0    0000005c                   : timer.obj (.text:TimerConfigure)
                  000028fc    00000050     rtsv7M4_T_le_v4SPD16_eabi.lib : boot.obj (.text)
                  0000294c    0000004c                                   : atoi.obj (.text)
                  00002998    0000004c                                   : cpy_tbl.obj (.text)
                  000029e4    0000004a                                   : fd_tos_t2.obj (.text)
                  00002a2e    00000002     --HOLE-- [fill = 0]
                  00002a30    00000048     driverlib.lib : gpio.obj (.text:GPIOPinConfigure)
                  00002a78    00000044     rtsv7M4_T_le_v4SPD16_eabi.lib : exit.obj (.text)
                  00002abc    00000040     driverlib.lib : uart.obj (.text:UARTConfigSetExpClk)
                  00002afc    00000034                   : sysctl.obj (.text:SysCtlPeripheralEnable)
                  00002b30    0000002a                   : gpio.obj (.text:GPIODirModeSet)
                  00002b5a    00000002     --HOLE-- [fill = 0]
                  00002b5c    00000024                   : interrupt.obj (.text:IntPrioritySet)
                  00002b80    0000001c                   : uart.obj (.text:UARTDisable)
                  00002b9c    00000018                   : gpio.obj (.text:GPIOPinTypeGPIOOutput)
                  00002bb4    00000018     rtsv7M4_T_le_v4SPD16_eabi.lib : args_main.obj (.text)
                  00002bcc    00000014     driverlib.lib : systick.obj (.text:SysTickEnable)
                  00002be0    00000014                   : systick.obj (.text:SysTickIntEnable)
                  00002bf4    00000014                   : uart.obj (.text:UARTEnable)
                  00002c08    00000014     rtsv7M4_T_le_v4SPD16_eabi.lib : _lock.obj (.text)
                  00002c1c    00000012     driverlib.lib : gpio.obj (.text:GPIOPinTypeUART)
                  00002c2e    00000012                   : timer.obj (.text:TimerLoadSet)
                  00002c40    00000012     rtsv7M4_T_le_v4SPD16_eabi.lib : atof.obj (.text)
                  00002c52    00000002     --HOLE-- [fill = 0]
                  00002c54    00000010     driverlib.lib : systick.obj (.text:SysTickPeriodSet)
                  00002c64    00000010     rtsv7M4_T_le_v4SPD16_eabi.lib : isdigit.obj (.text)
                  00002c74    0000000e     driverlib.lib : timer.obj (.text:TimerEnable)
                  00002c82    0000000e     rtsv7M4_T_le_v4SPD16_eabi.lib : copy_decompress_none.obj (.text:decompress:none)
                  00002c90    0000000c     driverlib.lib : cpu.obj (.text:CPUcpsid)
                  00002c9c    0000000c                   : cpu.obj (.text:CPUcpsie)
                  00002ca8    0000000c                   : uart.obj (.text:UARTCharsAvail)
                  00002cb4    0000000c                   : uart.obj (.text:UARTTxIntModeSet)
                  00002cc0    0000000c     rtsv7M4_T_le_v4SPD16_eabi.lib : copy_zero_init.obj (.text:decompress:ZI)
                  00002ccc    0000000c     tm4c123gh6pm_startup_ccs.obj (.text)
                  00002cd8    0000000a     driverlib.lib : interrupt.obj (.text:IntMasterDisable)
                  00002ce2    0000000a                   : interrupt.obj (.text:IntMasterEnable)
                  00002cec    0000000a                   : timer.obj (.text:TimerValueGet)
                  00002cf6    0000000a                   : uart.obj (.text:UARTCharGet)
                  00002d00    0000000a                   : uart.obj (.text:UARTCharPut)
                  00002d0a    0000000a                   : uart.obj (.text:UARTFIFOEnable)
                  00002d14    0000000a                   : uart.obj (.text:UARTIntStatus)
                  00002d1e    00000008                   : timer.obj (.text:TimerIntEnable)
                  00002d26    00000008                   : uart.obj (.text:UARTBusy)
                  00002d2e    00000008                   : uart.obj (.text:UARTIntEnable)
                  00002d36    00000006                   : gpio.obj (.text:GPIOPinRead)
                  00002d3c    00000006                   : gpio.obj (.text:GPIOPinWrite)
                  00002d42    00000006                   : sysctl.obj (.text:SysCtlDelay)
                  00002d48    00000006                   : uart.obj (.text:UARTClockSourceSet)
                  00002d4e    00000006                   : uart.obj (.text:UARTFIFOLevelSet)
                  00002d54    00000006     rtsv7M4_T_le_v4SPD16_eabi.lib : copy_decompress_rle.obj (.text:decompress:rle24)
                  00002d5a    00000004     driverlib.lib : timer.obj (.text:TimerIntClear)
                  00002d5e    00000004                   : uart.obj (.text:UARTIntClear)
                  00002d62    00000004     rtsv7M4_T_le_v4SPD16_eabi.lib : pre_init.obj (.text)

.const     0    00002d68    000003a4     
                  00002d68    00000101     rtsv7M4_T_le_v4SPD16_eabi.lib : ctype.obj (.const:.string:_ctypes_)
                  00002e69    00000003     --HOLE-- [fill = 0]
                  00002e6c    0000009c     driverlib.lib : interrupt.obj (.const:g_pui32Regs)
                  00002f08    00000098     rtsv7M4_T_le_v4SPD16_eabi.lib : strtod.obj (.const)
                  00002fa0    00000090     driverlib.lib : gpio.obj (.const:g_pui32GPIOBaseAddrs)
                  00003030    00000070                   : interrupt.obj (.const)
                  000030a0    0000006c                   : sysctl.obj (.const:g_pui32Xtals)

.cinit     0    00003110    00000040     
                  00003110    0000001a     (.cinit..data.load) [load image, compression = rle]
                  0000312a    00000002     --HOLE-- [fill = 0]
                  0000312c    0000000c     (__TI_handler_table)
                  00003138    00000008     (.cinit..bss.load) [load image, compression = zero_init]
                  00003140    00000010     (__TI_cinit_table)

.init_array 
*          0    00000000    00000000     UNINITIALIZED

.bss       0    20000000    0000037f     UNINITIALIZED
                  20000000    00000278     mySerial.obj (.bss:serialPcFIFO)
                  20000278    000000cb     mySerial.obj (.bss:serialPC)
                  20000343    00000029     serial.obj (.bss:Uart)
                  2000036c    00000008     (.common:sam1)
                  20000374    00000006     (.common:SysTick_Int_Count)
                  2000037a    00000004     (.common:toggle_led)
                  2000037e    00000001     (.common:FlagTimer)

.TI.noinit 
*          0    20000000    00000000     UNINITIALIZED

.stack     0    20000380    00000200     UNINITIALIZED
                  20000380    00000200     --HOLE--

.data      0    20000580    0000003c     UNINITIALIZED
                  20000580    0000001a     myTimer.obj (.data)
                  2000059a    00000001     myFIFO.obj (.data)
                  2000059b    00000001     --HOLE--
                  2000059c    00000008     rtsv7M4_T_le_v4SPD16_eabi.lib : _lock.obj (.data)
                  200005a4    00000008                                   : exit.obj (.data)
                  200005ac    00000005     mainSubController.obj (.data)
                  200005b1    00000003     --HOLE--
                  200005b4    00000004     rtsv7M4_T_le_v4SPD16_eabi.lib : errno.obj (.data)
                  200005b8    00000004                                   : stkdepth_vars.obj (.data)

.TI.persistent 
*          0    20000580    00000000     UNINITIALIZED


LINKER GENERATED COPY TABLES

__TI_cinit_table @ 00003140 records: 2, size/record: 8, table size: 16
	.data: load addr=00003110, load size=0000001a bytes, run addr=20000580, run size=0000003c bytes, compression=rle
	.bss: load addr=00003138, load size=00000008 bytes, run addr=20000000, run size=0000037f bytes, compression=zero_init


LINKER GENERATED HANDLER TABLE

__TI_handler_table @ 0000312c records: 3, size/record: 4, table size: 12
	index: 0, handler: __TI_decompress_rle24
	index: 1, handler: __TI_decompress_none
	index: 2, handler: __TI_zero_init


GLOBAL SYMBOLS: SORTED ALPHABETICALLY BY Name 

address   name                     
-------   ----                     
00002a79  C$$EXIT                  
00002c91  CPUcpsid                 
00002c9d  CPUcpsie                 
00001f67  FIFOCharPut              
00001f8f  FIFO_PutStr              
00001ea1  FIFO_Rx_CharPut          
00001e5f  FIFO_Rx_DataGet          
00001eb7  FIFO_Rx_StrGet           
00001e45  FIFO_Rx_clear            
00001e53  FIFO_Tx_clear            
2000037e  FlagTimer                
00002b31  GPIODirModeSet           
0000210f  GPIOPadConfigSet         
00002a31  GPIOPinConfigure         
00002d37  GPIOPinRead              
00002b9d  GPIOPinTypeGPIOOutput    
00002c1d  GPIOPinTypeUART          
00002d3d  GPIOPinWrite             
00002841  IntEnable                
00002cd9  IntMasterDisable         
00002ce3  IntMasterEnable          
00002b5d  IntPrioritySet           
0000098d  Map_y                    
0000053b  RS485PutData             
000014e5  RS485_3_Init             
000013b1  RS485_4_Init             
00002ccd  ResetISR                 
0000128f  RingBufAdvanceRead       
000012bd  RingBufAdvanceWrite      
000011e9  RingBufContigFree        
000011bb  RingBufContigUsed        
00001129  RingBufEmpty             
00001153  RingBufFlush             
000011a5  RingBufFree              
000010ef  RingBufFull              
0000138d  RingBufInit              
00001259  RingBufRead              
00001233  RingBufReadOne           
00001225  RingBufSize              
00001173  RingBufUsed              
00001357  RingBufWrite             
00001331  RingBufWriteOne          
UNDEFED   SHT$$INIT_ARRAY$$Base    
UNDEFED   SHT$$INIT_ARRAY$$Limit   
00001007  SerialGetStr             
00000f7b  SerialPutChar            
00000f43  SerialPutData            
00000f8f  SerialPutStr             
00000fb7  SerialPutStrLn           
00000fe7  SerialPutStr_NonTer      
00001047  SerialTerminator         
20000599  SycTick_Int_Count        
00001ab3  SycTick_Interrupt_Handler
00002241  SysCtlClockGet           
00002455  SysCtlClockSet           
00002d43  SysCtlDelay              
00002afd  SysCtlPeripheralEnable   
00002bcd  SysTickEnable            
00002be1  SysTickIntEnable         
00002c55  SysTickPeriodSet         
00001a99  SysTick_Init             
20000374  SysTick_Int_Count        
00001c15  Timer0_Interrupt_Handler 
00001bd3  Timer0_init              
00001ba7  Timer1_Interrupt_Handler 
00001bc7  Timer1_Reset             
00001b5f  Timer1_init              
000028a1  TimerConfigure           
00002c75  TimerEnable              
00002d5b  TimerIntClear            
00002d1f  TimerIntEnable           
00002c2f  TimerLoadSet             
00002ced  TimerValueGet            
00000e7b  UART0_Init               
00000dc9  UART0_Interrupt_Handler  
00000ed1  UART1_Init               
00000d77  UART1_Interrupt_Handler  
00001885  UART2_Init               
00001569  UART3_Interrupt_Handler  
00001435  UART4_Interrupt_Handler  
000018eb  UART5_Init               
00001949  UART5_Interrupt_Handler  
00000e23  UART6_Init               
00000d5d  UART6_Interrupt_Handler  
000019bb  UART7_Init               
00002d27  UARTBusy                 
00002cf7  UARTCharGet              
00002d01  UARTCharPut              
00002ca9  UARTCharsAvail           
00002d49  UARTClockSourceSet       
00002abd  UARTConfigSetExpClk      
00002b81  UARTDisable              
00002bf5  UARTEnable               
00002d0b  UARTFIFOEnable           
00002d4f  UARTFIFOLevelSet         
00002d5f  UARTIntClear             
00002d2f  UARTIntEnable            
00002d15  UARTIntStatus            
00002cb5  UARTTxIntModeSet         
20000343  Uart                     
200005b4  _Errno                   
20000580  __STACK_END              
00000200  __STACK_SIZE             
20000580  __STACK_TOP              
00003140  __TI_CINIT_Base          
00003150  __TI_CINIT_Limit         
0000312c  __TI_Handler_Table_Base  
00003138  __TI_Handler_Table_Limit 
00002769  __TI_auto_init           
200005a4  __TI_cleanup_ptr         
00002c83  __TI_decompress_none     
00002d55  __TI_decompress_rle24    
200005a8  __TI_dtors_ptr           
00000000  __TI_static_base__       
00002cc1  __TI_zero_init           
00002669  __aeabi_cdcmpeq          
00002669  __aeabi_cdcmple          
000029e5  __aeabi_d2f              
00001c97  __aeabi_dadd             
00001fd9  __aeabi_ddiv             
00002359  __aeabi_dmul             
00001c8d  __aeabi_dsub             
000026ef  __aeabi_memclr           
000026ef  __aeabi_memclr4          
000026ef  __aeabi_memclr8          
00002545  __aeabi_memcpy           
00002545  __aeabi_memcpy4          
00002545  __aeabi_memcpy8          
000026f1  __aeabi_memset           
000026f1  __aeabi_memset4          
000026f1  __aeabi_memset8          
ffffffff  __binit__                
ffffffff  __c_args__               
20000380  __stack                  
00002bb5  _args_main               
000028fd  _c_int00                 
00002d68  _ctypes_                 
2000059c  _lock                    
00002c17  _nop                     
00002c0f  _register_lock           
00002c09  _register_unlock         
00002d63  _system_pre_init         
200005a0  _unlock                  
00002a7d  abort                    
00002c41  atof                     
0000294d  atoi                     
ffffffff  binit                    
0000264b  button                   
00000641  communication            
00002999  copy_in                  
200005ac  count                    
00000889  display_com              
200005b0  display_mode             
00002a85  exit                     
2000059a  flag_change_mode         
000009e1  float2str                
00000000  g_pfnVectors             
00001c33  getMicroSecond           
00000bb3  int2num                  
00002c65  isdigit                  
000025f3  led                      
00000583  main                     
200005b8  main_func_sp             
00002545  memcpy                   
000026f7  memset                   
00001e7b  myFIFO_init              
000025e1  myIO_init                
20000584  preMicroSecond_angle     
20000590  preMicroSecond_camera    
20000588  preMicroSecond_position  
2000058c  preMicroSecond_sonar     
20000598  safe_flag                
2000036c  sam1                     
20000594  sampling_time_second     
20000580  seconds                  
00001a15  serialGetData            
20000278  serialPC                 
20000000  serialPcFIFO             
00000cb1  set_float_value          
00000ceb  set_int_value            
00000d1d  set_position             
00001649  strtod                   
00000611  task_100Hz               
000005dd  task_20Hz                
00000627  task_50Hz                
2000037a  toggle_led               
0000026d  uax_get_jointAngle10bit  
0000041f  uax_get_jointAngle8bit   
00000335  uax_set_jointAngle10bit  
000004ad  uax_set_jointAngle8bit   
00001eed  update_hardwareFIFO      


GLOBAL SYMBOLS: SORTED BY Symbol Address 

address   name                     
-------   ----                     
00000000  __TI_static_base__       
00000000  g_pfnVectors             
00000200  __STACK_SIZE             
0000026d  uax_get_jointAngle10bit  
00000335  uax_set_jointAngle10bit  
0000041f  uax_get_jointAngle8bit   
000004ad  uax_set_jointAngle8bit   
0000053b  RS485PutData             
00000583  main                     
000005dd  task_20Hz                
00000611  task_100Hz               
00000627  task_50Hz                
00000641  communication            
00000889  display_com              
0000098d  Map_y                    
000009e1  float2str                
00000bb3  int2num                  
00000cb1  set_float_value          
00000ceb  set_int_value            
00000d1d  set_position             
00000d5d  UART6_Interrupt_Handler  
00000d77  UART1_Interrupt_Handler  
00000dc9  UART0_Interrupt_Handler  
00000e23  UART6_Init               
00000e7b  UART0_Init               
00000ed1  UART1_Init               
00000f43  SerialPutData            
00000f7b  SerialPutChar            
00000f8f  SerialPutStr             
00000fb7  SerialPutStrLn           
00000fe7  SerialPutStr_NonTer      
00001007  SerialGetStr             
00001047  SerialTerminator         
000010ef  RingBufFull              
00001129  RingBufEmpty             
00001153  RingBufFlush             
00001173  RingBufUsed              
000011a5  RingBufFree              
000011bb  RingBufContigUsed        
000011e9  RingBufContigFree        
00001225  RingBufSize              
00001233  RingBufReadOne           
00001259  RingBufRead              
0000128f  RingBufAdvanceRead       
000012bd  RingBufAdvanceWrite      
00001331  RingBufWriteOne          
00001357  RingBufWrite             
0000138d  RingBufInit              
000013b1  RS485_4_Init             
00001435  UART4_Interrupt_Handler  
000014e5  RS485_3_Init             
00001569  UART3_Interrupt_Handler  
00001649  strtod                   
00001885  UART2_Init               
000018eb  UART5_Init               
00001949  UART5_Interrupt_Handler  
000019bb  UART7_Init               
00001a15  serialGetData            
00001a99  SysTick_Init             
00001ab3  SycTick_Interrupt_Handler
00001b5f  Timer1_init              
00001ba7  Timer1_Interrupt_Handler 
00001bc7  Timer1_Reset             
00001bd3  Timer0_init              
00001c15  Timer0_Interrupt_Handler 
00001c33  getMicroSecond           
00001c8d  __aeabi_dsub             
00001c97  __aeabi_dadd             
00001e45  FIFO_Rx_clear            
00001e53  FIFO_Tx_clear            
00001e5f  FIFO_Rx_DataGet          
00001e7b  myFIFO_init              
00001ea1  FIFO_Rx_CharPut          
00001eb7  FIFO_Rx_StrGet           
00001eed  update_hardwareFIFO      
00001f67  FIFOCharPut              
00001f8f  FIFO_PutStr              
00001fd9  __aeabi_ddiv             
0000210f  GPIOPadConfigSet         
00002241  SysCtlClockGet           
00002359  __aeabi_dmul             
00002455  SysCtlClockSet           
00002545  __aeabi_memcpy           
00002545  __aeabi_memcpy4          
00002545  __aeabi_memcpy8          
00002545  memcpy                   
000025e1  myIO_init                
000025f3  led                      
0000264b  button                   
00002669  __aeabi_cdcmpeq          
00002669  __aeabi_cdcmple          
000026ef  __aeabi_memclr           
000026ef  __aeabi_memclr4          
000026ef  __aeabi_memclr8          
000026f1  __aeabi_memset           
000026f1  __aeabi_memset4          
000026f1  __aeabi_memset8          
000026f7  memset                   
00002769  __TI_auto_init           
00002841  IntEnable                
000028a1  TimerConfigure           
000028fd  _c_int00                 
0000294d  atoi                     
00002999  copy_in                  
000029e5  __aeabi_d2f              
00002a31  GPIOPinConfigure         
00002a79  C$$EXIT                  
00002a7d  abort                    
00002a85  exit                     
00002abd  UARTConfigSetExpClk      
00002afd  SysCtlPeripheralEnable   
00002b31  GPIODirModeSet           
00002b5d  IntPrioritySet           
00002b81  UARTDisable              
00002b9d  GPIOPinTypeGPIOOutput    
00002bb5  _args_main               
00002bcd  SysTickEnable            
00002be1  SysTickIntEnable         
00002bf5  UARTEnable               
00002c09  _register_unlock         
00002c0f  _register_lock           
00002c17  _nop                     
00002c1d  GPIOPinTypeUART          
00002c2f  TimerLoadSet             
00002c41  atof                     
00002c55  SysTickPeriodSet         
00002c65  isdigit                  
00002c75  TimerEnable              
00002c83  __TI_decompress_none     
00002c91  CPUcpsid                 
00002c9d  CPUcpsie                 
00002ca9  UARTCharsAvail           
00002cb5  UARTTxIntModeSet         
00002cc1  __TI_zero_init           
00002ccd  ResetISR                 
00002cd9  IntMasterDisable         
00002ce3  IntMasterEnable          
00002ced  TimerValueGet            
00002cf7  UARTCharGet              
00002d01  UARTCharPut              
00002d0b  UARTFIFOEnable           
00002d15  UARTIntStatus            
00002d1f  TimerIntEnable           
00002d27  UARTBusy                 
00002d2f  UARTIntEnable            
00002d37  GPIOPinRead              
00002d3d  GPIOPinWrite             
00002d43  SysCtlDelay              
00002d49  UARTClockSourceSet       
00002d4f  UARTFIFOLevelSet         
00002d55  __TI_decompress_rle24    
00002d5b  TimerIntClear            
00002d5f  UARTIntClear             
00002d63  _system_pre_init         
00002d68  _ctypes_                 
0000312c  __TI_Handler_Table_Base  
00003138  __TI_Handler_Table_Limit 
00003140  __TI_CINIT_Base          
00003150  __TI_CINIT_Limit         
20000000  serialPcFIFO             
20000278  serialPC                 
20000343  Uart                     
2000036c  sam1                     
20000374  SysTick_Int_Count        
2000037a  toggle_led               
2000037e  FlagTimer                
20000380  __stack                  
20000580  __STACK_END              
20000580  __STACK_TOP              
20000580  seconds                  
20000584  preMicroSecond_angle     
20000588  preMicroSecond_position  
2000058c  preMicroSecond_sonar     
20000590  preMicroSecond_camera    
20000594  sampling_time_second     
20000598  safe_flag                
20000599  SycTick_Int_Count        
2000059a  flag_change_mode         
2000059c  _lock                    
200005a0  _unlock                  
200005a4  __TI_cleanup_ptr         
200005a8  __TI_dtors_ptr           
200005ac  count                    
200005b0  display_mode             
200005b4  _Errno                   
200005b8  main_func_sp             
ffffffff  __binit__                
ffffffff  __c_args__               
ffffffff  binit                    
UNDEFED   SHT$$INIT_ARRAY$$Base    
UNDEFED   SHT$$INIT_ARRAY$$Limit   

[191 symbols]
