******************************************************************************
                  TI ARM Linker Unix v16.9.1                   
******************************************************************************
>> Linked Thu Jun  1 20:09:40 2017

OUTPUT FILE NAME:   <SAM_subcontroller.out>
ENTRY POINT SYMBOL: "_c_int00"  address: 000042e9


MEMORY CONFIGURATION

         name            origin    length      used     unused   attr    fill
----------------------  --------  ---------  --------  --------  ----  --------
  FLASH                 00000000   00040000  00004ada  0003b526  R  X
  SRAM                  20000000   00008000  00000536  00007aca  RW X


SEGMENT ALLOCATION MAP

run origin  load origin   length   init length attrs members
----------  ----------- ---------- ----------- ----- -------
00000000    00000000    00004ae0   00004ae0    r-x
  00000000    00000000    0000026c   0000026c    r-- .intvecs
  0000026c    0000026c    0000448a   0000448a    r-x .text
  000046f8    000046f8    000003a4   000003a4    r-- .const
  00004aa0    00004aa0    00000040   00000040    r-- .cinit
20000000    20000000    00000538   00000000    rw-
  20000000    20000000    000002fe   00000000    rw- .bss
  20000300    20000300    00000200   00000000    rw- .stack
  20000500    20000500    00000038   00000000    rw- .data


SECTION ALLOCATION MAP

 output                                  attributes/
section   page    origin      length       input sections
--------  ----  ----------  ----------   ----------------
.intvecs   0    00000000    0000026c     
                  00000000    0000026c     tm4c123gh6pm_startup_ccs.obj (.intvecs)

.text      0    0000026c    0000448a     
                  0000026c    000017b4     mainSubController.obj (.text)
                  00001a20    00000720     myRS485.obj (.text)
                  00002140    0000068c     SAM.obj (.text)
                  000027cc    00000494     mySerial.obj (.text)
                  00002c60    00000390     numManipulate.obj (.text)
                  00002ff0    00000338     serial.obj (.text)
                  00003328    0000023c     rtsv7M4_T_le_v4SPD16_eabi.lib : strtod.obj (.text)
                  00003564    000001fc     myTimer.obj (.text)
                  00003760    000001b6     rtsv7M4_T_le_v4SPD16_eabi.lib : fd_add_t2.obj (.text)
                  00003916    00000136                                   : fd_div_t2.obj (.text)
                  00003a4c    00000130     driverlib.lib : gpio.obj (.text:GPIOPadConfigSet)
                  00003b7c    00000118                   : sysctl.obj (.text:SysCtlClockGet)
                  00003c94    000000fc     rtsv7M4_T_le_v4SPD16_eabi.lib : fd_mul_t2.obj (.text)
                  00003d90    000000f0     driverlib.lib : sysctl.obj (.text:SysCtlClockSet)
                  00003e80    000000c8     myIO.obj (.text)
                  00003f48    0000009c     rtsv7M4_T_le_v4SPD16_eabi.lib : memcpy_t2.obj (.text)
                  00003fe4    00000086                                   : fd_cmp_t2.obj (.text:__aeabi_cdcmple)
                  0000406a    0000007a                                   : memset_t2.obj (.text)
                  000040e4    00000070                                   : autoinit.obj (.text)
                  00004154    0000006e                                   : fd_tos_t2.obj (.text)
                  000041c2    00000068                                   : copy_decompress_lzss.obj (.text:decompress:lzss)
                  0000422a    00000002                                   : mpu_init.obj (.text)
                  0000422c    00000060     driverlib.lib : interrupt.obj (.text:IntEnable)
                  0000428c    0000005c                   : timer.obj (.text:TimerConfigure)
                  000042e8    00000054     rtsv7M4_T_le_v4SPD16_eabi.lib : boot.obj (.text)
                  0000433c    00000054                                   : exit.obj (.text)
                  00004390    0000004c                                   : atoi.obj (.text)
                  000043dc    0000004c                                   : cpy_tbl.obj (.text)
                  00004428    00000048     driverlib.lib : gpio.obj (.text:GPIOPinConfigure)
                  00004470    00000040                   : uart.obj (.text:UARTConfigSetExpClk)
                  000044b0    00000034                   : sysctl.obj (.text:SysCtlPeripheralEnable)
                  000044e4    0000002a                   : gpio.obj (.text:GPIODirModeSet)
                  0000450e    00000002     rtsv7M4_T_le_v4SPD16_eabi.lib : startup.obj (.text)
                  00004510    00000024     driverlib.lib : interrupt.obj (.text:IntPrioritySet)
                  00004534    0000001c                   : uart.obj (.text:UARTDisable)
                  00004550    00000018                   : gpio.obj (.text:GPIOPinTypeGPIOOutput)
                  00004568    00000018     rtsv7M4_T_le_v4SPD16_eabi.lib : args_main.obj (.text)
                  00004580    00000014     driverlib.lib : systick.obj (.text:SysTickEnable)
                  00004594    00000014                   : systick.obj (.text:SysTickIntEnable)
                  000045a8    00000014                   : uart.obj (.text:UARTEnable)
                  000045bc    00000014     rtsv7M4_T_le_v4SPD16_eabi.lib : _lock.obj (.text)
                  000045d0    00000012     driverlib.lib : gpio.obj (.text:GPIOPinTypeUART)
                  000045e2    00000012                   : timer.obj (.text:TimerLoadSet)
                  000045f4    00000012     rtsv7M4_T_le_v4SPD16_eabi.lib : atof.obj (.text)
                  00004606    00000002     --HOLE-- [fill = 0]
                  00004608    00000010     driverlib.lib : systick.obj (.text:SysTickPeriodSet)
                  00004618    00000010     rtsv7M4_T_le_v4SPD16_eabi.lib : isdigit.obj (.text)
                  00004628    0000000e     driverlib.lib : timer.obj (.text:TimerEnable)
                  00004636    0000000e     rtsv7M4_T_le_v4SPD16_eabi.lib : copy_decompress_none.obj (.text:decompress:none)
                  00004644    0000000c     driverlib.lib : cpu.obj (.text:CPUcpsie)
                  00004650    0000000c                   : uart.obj (.text:UARTCharsAvail)
                  0000465c    0000000c                   : uart.obj (.text:UARTTxIntModeSet)
                  00004668    0000000c     rtsv7M4_T_le_v4SPD16_eabi.lib : copy_zero_init.obj (.text:decompress:ZI)
                  00004674    0000000c     tm4c123gh6pm_startup_ccs.obj (.text)
                  00004680    0000000a     driverlib.lib : interrupt.obj (.text:IntMasterEnable)
                  0000468a    0000000a                   : timer.obj (.text:TimerValueGet)
                  00004694    0000000a                   : uart.obj (.text:UARTCharGet)
                  0000469e    0000000a                   : uart.obj (.text:UARTCharPut)
                  000046a8    0000000a                   : uart.obj (.text:UARTFIFOEnable)
                  000046b2    0000000a                   : uart.obj (.text:UARTIntStatus)
                  000046bc    00000008                   : timer.obj (.text:TimerIntEnable)
                  000046c4    00000008                   : uart.obj (.text:UARTIntEnable)
                  000046cc    00000006                   : gpio.obj (.text:GPIOPinRead)
                  000046d2    00000006                   : gpio.obj (.text:GPIOPinWrite)
                  000046d8    00000006                   : sysctl.obj (.text:SysCtlDelay)
                  000046de    00000006                   : uart.obj (.text:UARTClockSourceSet)
                  000046e4    00000006                   : uart.obj (.text:UARTFIFOLevelSet)
                  000046ea    00000004                   : timer.obj (.text:TimerIntClear)
                  000046ee    00000004                   : uart.obj (.text:UARTIntClear)
                  000046f2    00000004     rtsv7M4_T_le_v4SPD16_eabi.lib : pre_init.obj (.text)

.const     0    000046f8    000003a4     
                  000046f8    00000101     rtsv7M4_T_le_v4SPD16_eabi.lib : ctype.obj (.const:.string:_ctypes_)
                  000047f9    00000003     --HOLE-- [fill = 0]
                  000047fc    0000009c     driverlib.lib : interrupt.obj (.const:g_pui32Regs)
                  00004898    00000098     rtsv7M4_T_le_v4SPD16_eabi.lib : strtod.obj (.const:$O1$$)
                  00004930    00000090     driverlib.lib : gpio.obj (.const:g_pui32GPIOBaseAddrs)
                  000049c0    00000070                   : interrupt.obj (.const)
                  00004a30    0000006c                   : sysctl.obj (.const:g_pui32Xtals)

.cinit     0    00004aa0    00000040     
                  00004aa0    00000015     (.cinit..data.load) [load image, compression = lzss]
                  00004ab5    00000003     --HOLE-- [fill = 0]
                  00004ab8    0000000c     (__TI_handler_table)
                  00004ac4    00000004     --HOLE-- [fill = 0]
                  00004ac8    00000008     (.cinit..bss.load) [load image, compression = zero_init]
                  00004ad0    00000010     (__TI_cinit_table)

.init_array 
*          0    00000000    00000000     UNINITIALIZED

.bss       0    20000000    000002fe     UNINITIALIZED
                  20000000    000000cc     (.common:serialPC)
                  200000cc    00000098     (.common:dataSendBuffer)
                  20000164    00000060     (.common:samAverageTorq)
                  200001c4    00000060     (.common:samPosition12)
                  20000224    00000029     (.common:Uart)
                  2000024d    00000018     (.common:samD)
                  20000265    00000018     (.common:samDataAvail)
                  2000027d    00000018     (.common:samI)
                  20000295    00000018     (.common:samLoad8)
                  200002ad    00000018     (.common:samP)
                  200002c5    00000018     (.common:samPosition8)
                  200002dd    00000001     (.common:FlagTimer)
                  200002de    00000001     (.common:samReadBusy)
                  200002df    00000001     (.common:samReadCurrentID_C1)
                  200002e0    00000010     (.common:sam1)
                  200002f0    00000006     (.common:SysTick_Int_Count)
                  200002f6    00000004     (.common:toggle_led)
                  200002fa    00000001     (.common:samReadCurrentID_C2)
                  200002fb    00000001     (.common:samReadCurrentID_C3)
                  200002fc    00000001     (.common:samReadCurrentID_C4)
                  200002fd    00000001     (.common:samReadMode)

.data      0    20000500    00000038     UNINITIALIZED
                  20000500    0000001a     myTimer.obj (.data)
                  2000051a    00000001     mainSubController.obj (.data)
                  2000051b    00000001     --HOLE--
                  2000051c    0000000c     rtsv7M4_T_le_v4SPD16_eabi.lib : exit.obj (.data:$O1$$)
                  20000528    00000008                                   : _lock.obj (.data:$O1$$)
                  20000530    00000004                                   : errno.obj (.data)
                  20000534    00000004                                   : stkdepth_vars.obj (.data)

.stack     0    20000300    00000200     UNINITIALIZED
                  20000300    00000200     --HOLE--

MODULE SUMMARY

       Module                         code    ro data   rw data
       ------                         ----    -------   -------
    ./
       mainSubController.obj          6068    0         2      
       SAM.obj                        1676    0         358    
       myRS485.obj                    1824    0         0      
       mySerial.obj                   1172    0         356    
       numManipulate.obj              912     0         0      
       serial.obj                     824     0         41     
       tm4c123gh6pm_startup_ccs.obj   12      620       0      
       myTimer.obj                    508     0         32     
       myIO.obj                       200     0         4      
    +--+------------------------------+-------+---------+---------+
       Total:                         13196   620       793    
                                                               
    /opt/ti/TivaWare_C_Series-2.1.0.12573/driverlib/ccs/Debug/driverlib.lib
       sysctl.obj                     578     108       0      
       gpio.obj                       472     144       0      
       interrupt.obj                  142     268       0      
       uart.obj                       200     0         0      
       timer.obj                      146     0         0      
       systick.obj                    56      0         0      
       cpu.obj                        12      0         0      
    +--+------------------------------+-------+---------+---------+
       Total:                         1606    520       0      
                                                               
    /opt/ti/ccs710/ccsv7/tools/compiler/ti-cgt-arm_16.9.1.LTS/lib/rtsv7M4_T_le_v4SPD16_eabi.lib
       strtod.obj                     572     152       0      
       fd_add_t2.obj                  438     0         0      
       fd_div_t2.obj                  310     0         0      
       ctype.obj                      0       257       0      
       fd_mul_t2.obj                  252     0         0      
       memcpy_t2.obj                  156     0         0      
       fd_cmp_t2.obj                  134     0         0      
       memset_t2.obj                  122     0         0      
       autoinit.obj                   112     0         0      
       fd_tos_t2.obj                  110     0         0      
       copy_decompress_lzss.obj       104     0         0      
       exit.obj                       84      0         12     
       boot.obj                       84      0         0      
       atoi.obj                       76      0         0      
       cpy_tbl.obj                    76      0         0      
       _lock.obj                      20      0         8      
       args_main.obj                  24      0         0      
       atof.obj                       18      0         0      
       isdigit.obj                    16      0         0      
       copy_decompress_none.obj       14      0         0      
       copy_zero_init.obj             12      0         0      
       errno.obj                      0       0         4      
       pre_init.obj                   4       0         0      
       stkdepth_vars.obj              0       0         4      
       mpu_init.obj                   2       0         0      
       startup.obj                    2       0         0      
    +--+------------------------------+-------+---------+---------+
       Total:                         2742    409       28     
                                                               
       Stack:                         0       0         512    
       Linker Generated:              0       57        0      
    +--+------------------------------+-------+---------+---------+
       Grand Total:                   17544   1606      1333   


LINKER GENERATED COPY TABLES

__TI_cinit_table @ 00004ad0 records: 2, size/record: 8, table size: 16
	.data: load addr=00004aa0, load size=00000015 bytes, run addr=20000500, run size=00000038 bytes, compression=lzss
	.bss: load addr=00004ac8, load size=00000008 bytes, run addr=20000000, run size=000002fe bytes, compression=zero_init


LINKER GENERATED HANDLER TABLE

__TI_handler_table @ 00004ab8 records: 3, size/record: 4, table size: 12
	index: 0, handler: __TI_decompress_lzss
	index: 1, handler: __TI_decompress_none
	index: 2, handler: __TI_zero_init


GLOBAL SYMBOLS: SORTED ALPHABETICALLY BY Name 

address   name                           
-------   ----                           
0000433d  C$$EXIT                        
00004645  CPUcpsie                       
200002dd  FlagTimer                      
000044e5  GPIODirModeSet                 
00003a4d  GPIOPadConfigSet               
00004429  GPIOPinConfigure               
000046cd  GPIOPinRead                    
00004551  GPIOPinTypeGPIOOutput          
000045d1  GPIOPinTypeUART                
000046d3  GPIOPinWrite                   
0000422d  IntEnable                      
00004681  IntMasterEnable                
00004511  IntPrioritySet                 
00002c61  Map_y                          
00001a21  RS485_1_Init                   
00001b91  RS485_2_Init                   
00001f37  RS485_3_Init                   
00001d45  RS485_4_Init                   
00004675  ResetISR                       
00003ea3  SAM_Power_enable               
00002589  SAM_get_I                      
00002523  SAM_get_PD                     
00002367  SAM_get_avergTorque            
00002601  SAM_get_jointAngle12bit        
000026eb  SAM_get_jointAngle8bit         
00002141  SAM_init                       
00002143  SAM_send_bytes                 
000024b5  SAM_set_I_Runtime              
0000243d  SAM_set_PD_Runtime             
000023cd  SAM_set_PD_RuntimeQuick        
000022f9  SAM_set_avergTorque            
0000266d  SAM_set_jointAngle12bit        
0000272f  SAM_set_jointAngle8bit         
00002789  SAM_set_passiveMode            
UNDEFED   SHT$$INIT_ARRAY$$Base          
UNDEFED   SHT$$INIT_ARRAY$$Limit         
00003289  SerialGetStr                   
000031fd  SerialPutChar                  
000031c5  SerialPutData                  
00003211  SerialPutStr                   
00003239  SerialPutStrLn                 
00003269  SerialPutStr_NonTer            
000029bb  SerialSendData                 
00002a41  SerialSend_1_AverageTorq       
000029e3  SerialSend_1_Position12        
00002ae1  SerialSend_1_Position8         
00002b6d  SerialSend_All_Position        
00002ba9  SerialSend_PID                 
000032c9  SerialTerminator               
20000519  SycTick_Int_Count              
0000357f  SycTick_Interrupt_Handler      
00003b7d  SysCtlClockGet                 
00003d91  SysCtlClockSet                 
000046d9  SysCtlDelay                    
000044b1  SysCtlPeripheralEnable         
00004581  SysTickEnable                  
00004595  SysTickIntEnable               
00004609  SysTickPeriodSet               
00003565  SysTick_Init                   
200002f0  SysTick_Int_Count              
000036e7  Timer0_Interrupt_Handler       
000036a5  Timer0_init                    
00003673  Timer1_Interrupt_Handler       
00003699  Timer1_Reset                   
0000362b  Timer1_init                    
0000428d  TimerConfigure                 
00004629  TimerEnable                    
000046eb  TimerIntClear                  
000046bd  TimerIntEnable                 
000045e3  TimerLoadSet                   
0000468b  TimerValueGet                  
000030fd  UART0_Init                     
0000304b  UART0_Interrupt_Handler        
00003153  UART1_Init                     
00001a9d  UART1_Interrupt_Handler        
000027cd  UART2_Init                     
00001c17  UART2_Interrupt_Handler        
00001fd9  UART3_Interrupt_Handler        
00001e1d  UART4_Interrupt_Handler        
00002833  UART5_Init                     
0000288b  UART5_Interrupt_Handler        
000030a5  UART6_Init                     
00003031  UART6_Interrupt_Handler        
0000293f  UART7_Init                     
00004695  UARTCharGet                    
0000469f  UARTCharPut                    
00004651  UARTCharsAvail                 
000046df  UARTClockSourceSet             
00004471  UARTConfigSetExpClk            
00004535  UARTDisable                    
000045a9  UARTEnable                     
000046a9  UARTFIFOEnable                 
000046e5  UARTFIFOLevelSet               
000046ef  UARTIntClear                   
000046c5  UARTIntEnable                  
000046b3  UARTIntStatus                  
0000465d  UARTTxIntModeSet               
20000224  Uart                           
20000500  __STACK_END                    
00000200  __STACK_SIZE                   
20000500  __STACK_TOP                    
00004ad0  __TI_CINIT_Base                
00004ae0  __TI_CINIT_Limit               
00004ab8  __TI_Handler_Table_Base        
00004ac4  __TI_Handler_Table_Limit       
000040e5  __TI_auto_init                 
2000051c  __TI_cleanup_ptr               
000041c3  __TI_decompress_lzss           
00004637  __TI_decompress_none           
20000520  __TI_dtors_ptr                 
20000524  __TI_enable_exit_profile_output
ffffffff  __TI_pprof_out_hndl            
ffffffff  __TI_prof_data_size            
ffffffff  __TI_prof_data_start           
00000000  __TI_static_base__             
00004669  __TI_zero_init                 
00003fe5  __aeabi_cdcmpeq                
00003fe5  __aeabi_cdcmple                
00004155  __aeabi_d2f                    
0000376b  __aeabi_dadd                   
00003917  __aeabi_ddiv                   
00003c95  __aeabi_dmul                   
00003761  __aeabi_dsub                   
0000406b  __aeabi_memclr                 
0000406b  __aeabi_memclr4                
0000406b  __aeabi_memclr8                
00003f49  __aeabi_memcpy                 
00003f49  __aeabi_memcpy4                
00003f49  __aeabi_memcpy8                
0000406d  __aeabi_memset                 
0000406d  __aeabi_memset4                
0000406d  __aeabi_memset8                
ffffffff  __binit__                      
ffffffff  __c_args__                     
0000422b  __mpu_init                     
20000300  __stack                        
00004569  _args_main                     
000042e9  _c_int00                       
000046f8  _ctypes_                       
20000528  _lock                          
000045cb  _nop                           
000045c3  _register_lock                 
000045bd  _register_unlock               
0000450f  _system_post_cinit             
000046f3  _system_pre_init               
2000052c  _unlock                        
00004341  abort                          
000045f5  atof                           
00004391  atoi                           
ffffffff  binit                          
00003f25  button                         
00000345  communication                  
000043dd  copy_in                        
200000cc  dataSendBuffer                 
00001931  display_com                    
2000051a  display_mode                   
20000530  errno                          
00004349  exit                           
00002cb5  float2str                      
00000000  g_pfnVectors                   
00003705  getMicroSecond                 
00002e87  int2num                        
00004619  isdigit                        
00003ecd  led                            
0000026d  main                           
20000534  main_func_sp                   
00003f49  memcpy                         
00004073  memset                         
00003e81  myIO_init                      
20000504  preMicroSecond_angle           
20000510  preMicroSecond_camera          
20000508  preMicroSecond_position        
2000050c  preMicroSecond_sonar           
20000518  safe_flag                      
200002e0  sam1                           
20000164  samAverageTorq                 
2000024d  samD                           
20000265  samDataAvail                   
2000027d  samI                           
20000295  samLoad8                       
200002ad  samP                           
200001c4  samPosition12                  
200002c5  samPosition8                   
200002de  samReadBusy                    
200002df  samReadCurrentID_C1            
200002fa  samReadCurrentID_C2            
200002fb  samReadCurrentID_C3            
200002fc  samReadCurrentID_C4            
200002fd  samReadMode                    
20000514  sampling_time_second           
20000500  seconds                        
00002999  serialGetData                  
20000000  serialPC                       
00002f85  set_float_value                
00002fbf  set_int_value                  
00002ff1  set_position                   
00003329  strtod                         
00003329  strtold                        
00000301  task_100Hz                     
000002eb  task_20Hz                      
00000317  task_50Hz                      
200002f6  toggle_led                     


GLOBAL SYMBOLS: SORTED BY Symbol Address 

address   name                           
-------   ----                           
00000000  __TI_static_base__             
00000000  g_pfnVectors                   
00000200  __STACK_SIZE                   
0000026d  main                           
000002eb  task_20Hz                      
00000301  task_100Hz                     
00000317  task_50Hz                      
00000345  communication                  
00001931  display_com                    
00001a21  RS485_1_Init                   
00001a9d  UART1_Interrupt_Handler        
00001b91  RS485_2_Init                   
00001c17  UART2_Interrupt_Handler        
00001d45  RS485_4_Init                   
00001e1d  UART4_Interrupt_Handler        
00001f37  RS485_3_Init                   
00001fd9  UART3_Interrupt_Handler        
00002141  SAM_init                       
00002143  SAM_send_bytes                 
000022f9  SAM_set_avergTorque            
00002367  SAM_get_avergTorque            
000023cd  SAM_set_PD_RuntimeQuick        
0000243d  SAM_set_PD_Runtime             
000024b5  SAM_set_I_Runtime              
00002523  SAM_get_PD                     
00002589  SAM_get_I                      
00002601  SAM_get_jointAngle12bit        
0000266d  SAM_set_jointAngle12bit        
000026eb  SAM_get_jointAngle8bit         
0000272f  SAM_set_jointAngle8bit         
00002789  SAM_set_passiveMode            
000027cd  UART2_Init                     
00002833  UART5_Init                     
0000288b  UART5_Interrupt_Handler        
0000293f  UART7_Init                     
00002999  serialGetData                  
000029bb  SerialSendData                 
000029e3  SerialSend_1_Position12        
00002a41  SerialSend_1_AverageTorq       
00002ae1  SerialSend_1_Position8         
00002b6d  SerialSend_All_Position        
00002ba9  SerialSend_PID                 
00002c61  Map_y                          
00002cb5  float2str                      
00002e87  int2num                        
00002f85  set_float_value                
00002fbf  set_int_value                  
00002ff1  set_position                   
00003031  UART6_Interrupt_Handler        
0000304b  UART0_Interrupt_Handler        
000030a5  UART6_Init                     
000030fd  UART0_Init                     
00003153  UART1_Init                     
000031c5  SerialPutData                  
000031fd  SerialPutChar                  
00003211  SerialPutStr                   
00003239  SerialPutStrLn                 
00003269  SerialPutStr_NonTer            
00003289  SerialGetStr                   
000032c9  SerialTerminator               
00003329  strtod                         
00003329  strtold                        
00003565  SysTick_Init                   
0000357f  SycTick_Interrupt_Handler      
0000362b  Timer1_init                    
00003673  Timer1_Interrupt_Handler       
00003699  Timer1_Reset                   
000036a5  Timer0_init                    
000036e7  Timer0_Interrupt_Handler       
00003705  getMicroSecond                 
00003761  __aeabi_dsub                   
0000376b  __aeabi_dadd                   
00003917  __aeabi_ddiv                   
00003a4d  GPIOPadConfigSet               
00003b7d  SysCtlClockGet                 
00003c95  __aeabi_dmul                   
00003d91  SysCtlClockSet                 
00003e81  myIO_init                      
00003ea3  SAM_Power_enable               
00003ecd  led                            
00003f25  button                         
00003f49  __aeabi_memcpy                 
00003f49  __aeabi_memcpy4                
00003f49  __aeabi_memcpy8                
00003f49  memcpy                         
00003fe5  __aeabi_cdcmpeq                
00003fe5  __aeabi_cdcmple                
0000406b  __aeabi_memclr                 
0000406b  __aeabi_memclr4                
0000406b  __aeabi_memclr8                
0000406d  __aeabi_memset                 
0000406d  __aeabi_memset4                
0000406d  __aeabi_memset8                
00004073  memset                         
000040e5  __TI_auto_init                 
00004155  __aeabi_d2f                    
000041c3  __TI_decompress_lzss           
0000422b  __mpu_init                     
0000422d  IntEnable                      
0000428d  TimerConfigure                 
000042e9  _c_int00                       
0000433d  C$$EXIT                        
00004341  abort                          
00004349  exit                           
00004391  atoi                           
000043dd  copy_in                        
00004429  GPIOPinConfigure               
00004471  UARTConfigSetExpClk            
000044b1  SysCtlPeripheralEnable         
000044e5  GPIODirModeSet                 
0000450f  _system_post_cinit             
00004511  IntPrioritySet                 
00004535  UARTDisable                    
00004551  GPIOPinTypeGPIOOutput          
00004569  _args_main                     
00004581  SysTickEnable                  
00004595  SysTickIntEnable               
000045a9  UARTEnable                     
000045bd  _register_unlock               
000045c3  _register_lock                 
000045cb  _nop                           
000045d1  GPIOPinTypeUART                
000045e3  TimerLoadSet                   
000045f5  atof                           
00004609  SysTickPeriodSet               
00004619  isdigit                        
00004629  TimerEnable                    
00004637  __TI_decompress_none           
00004645  CPUcpsie                       
00004651  UARTCharsAvail                 
0000465d  UARTTxIntModeSet               
00004669  __TI_zero_init                 
00004675  ResetISR                       
00004681  IntMasterEnable                
0000468b  TimerValueGet                  
00004695  UARTCharGet                    
0000469f  UARTCharPut                    
000046a9  UARTFIFOEnable                 
000046b3  UARTIntStatus                  
000046bd  TimerIntEnable                 
000046c5  UARTIntEnable                  
000046cd  GPIOPinRead                    
000046d3  GPIOPinWrite                   
000046d9  SysCtlDelay                    
000046df  UARTClockSourceSet             
000046e5  UARTFIFOLevelSet               
000046eb  TimerIntClear                  
000046ef  UARTIntClear                   
000046f3  _system_pre_init               
000046f8  _ctypes_                       
00004ab8  __TI_Handler_Table_Base        
00004ac4  __TI_Handler_Table_Limit       
00004ad0  __TI_CINIT_Base                
00004ae0  __TI_CINIT_Limit               
20000000  serialPC                       
200000cc  dataSendBuffer                 
20000164  samAverageTorq                 
200001c4  samPosition12                  
20000224  Uart                           
2000024d  samD                           
20000265  samDataAvail                   
2000027d  samI                           
20000295  samLoad8                       
200002ad  samP                           
200002c5  samPosition8                   
200002dd  FlagTimer                      
200002de  samReadBusy                    
200002df  samReadCurrentID_C1            
200002e0  sam1                           
200002f0  SysTick_Int_Count              
200002f6  toggle_led                     
200002fa  samReadCurrentID_C2            
200002fb  samReadCurrentID_C3            
200002fc  samReadCurrentID_C4            
200002fd  samReadMode                    
20000300  __stack                        
20000500  __STACK_END                    
20000500  __STACK_TOP                    
20000500  seconds                        
20000504  preMicroSecond_angle           
20000508  preMicroSecond_position        
2000050c  preMicroSecond_sonar           
20000510  preMicroSecond_camera          
20000514  sampling_time_second           
20000518  safe_flag                      
20000519  SycTick_Int_Count              
2000051a  display_mode                   
2000051c  __TI_cleanup_ptr               
20000520  __TI_dtors_ptr                 
20000524  __TI_enable_exit_profile_output
20000528  _lock                          
2000052c  _unlock                        
20000530  errno                          
20000534  main_func_sp                   
ffffffff  __TI_pprof_out_hndl            
ffffffff  __TI_prof_data_size            
ffffffff  __TI_prof_data_start           
ffffffff  __binit__                      
ffffffff  __c_args__                     
ffffffff  binit                          
UNDEFED   SHT$$INIT_ARRAY$$Base          
UNDEFED   SHT$$INIT_ARRAY$$Limit         

[202 symbols]
