******************************************************************************
                  TI ARM Linker Unix v16.9.1                   
******************************************************************************
>> Linked Thu Jun 15 14:45:38 2017

OUTPUT FILE NAME:   <SAM_subcontroller.out>
ENTRY POINT SYMBOL: "_c_int00"  address: 00004595


MEMORY CONFIGURATION

         name            origin    length      used     unused   attr    fill
----------------------  --------  ---------  --------  --------  ----  --------
  FLASH                 00000000   00040000  00004d80  0003b280  R  X
  SRAM                  20000000   00008000  00000538  00007ac8  RW X


SEGMENT ALLOCATION MAP

run origin  load origin   length   init length attrs members
----------  ----------- ---------- ----------- ----- -------
00000000    00000000    00004d88   00004d88    r-x
  00000000    00000000    0000026c   0000026c    r-- .intvecs
  0000026c    0000026c    00004730   00004730    r-x .text
  000049a0    000049a0    000003a4   000003a4    r-- .const
  00004d48    00004d48    00000040   00000040    r-- .cinit
20000000    20000000    00000538   00000000    rw-
  20000000    20000000    00000300   00000000    rw- .bss
  20000300    20000300    00000200   00000000    rw- .stack
  20000500    20000500    00000038   00000000    rw- .data


SECTION ALLOCATION MAP

 output                                  attributes/
section   page    origin      length       input sections
--------  ----  ----------  ----------   ----------------
.intvecs   0    00000000    0000026c     
                  00000000    0000026c     tm4c123gh6pm_startup_ccs.obj (.intvecs)

.text      0    0000026c    00004730     
                  0000026c    000017c0     mainSubController.obj (.text)
                  00001a2c    00000ad4     myRS485.obj (.text)
                  00002500    000006f4     SAM.obj (.text)
                  00002bf4    0000042c     mySerial.obj (.text)
                  00003020    00000390     numManipulate.obj (.text)
                  000033b0    0000023c     rtsv7M4_T_le_v4SPD16_eabi.lib : strtod.obj (.text)
                  000035ec    00000224     serial.obj (.text)
                  00003810    000001fc     myTimer.obj (.text)
                  00003a0c    000001b6     rtsv7M4_T_le_v4SPD16_eabi.lib : fd_add_t2.obj (.text)
                  00003bc2    00000136                                   : fd_div_t2.obj (.text)
                  00003cf8    00000130     driverlib.lib : gpio.obj (.text:GPIOPadConfigSet)
                  00003e28    00000118                   : sysctl.obj (.text:SysCtlClockGet)
                  00003f40    000000fc     rtsv7M4_T_le_v4SPD16_eabi.lib : fd_mul_t2.obj (.text)
                  0000403c    000000f0     driverlib.lib : sysctl.obj (.text:SysCtlClockSet)
                  0000412c    000000c8     myIO.obj (.text)
                  000041f4    0000009c     rtsv7M4_T_le_v4SPD16_eabi.lib : memcpy_t2.obj (.text)
                  00004290    00000086                                   : fd_cmp_t2.obj (.text:__aeabi_cdcmple)
                  00004316    0000007a                                   : memset_t2.obj (.text)
                  00004390    00000070                                   : autoinit.obj (.text)
                  00004400    0000006e                                   : fd_tos_t2.obj (.text)
                  0000446e    00000068                                   : copy_decompress_lzss.obj (.text:decompress:lzss)
                  000044d6    00000002                                   : mpu_init.obj (.text)
                  000044d8    00000060     driverlib.lib : interrupt.obj (.text:IntEnable)
                  00004538    0000005c                   : timer.obj (.text:TimerConfigure)
                  00004594    00000054     rtsv7M4_T_le_v4SPD16_eabi.lib : boot.obj (.text)
                  000045e8    00000054                                   : exit.obj (.text)
                  0000463c    0000004c                                   : atoi.obj (.text)
                  00004688    0000004c                                   : cpy_tbl.obj (.text)
                  000046d4    00000048     driverlib.lib : gpio.obj (.text:GPIOPinConfigure)
                  0000471c    00000040                   : uart.obj (.text:UARTConfigSetExpClk)
                  0000475c    00000034                   : sysctl.obj (.text:SysCtlPeripheralEnable)
                  00004790    0000002a                   : gpio.obj (.text:GPIODirModeSet)
                  000047ba    00000002     rtsv7M4_T_le_v4SPD16_eabi.lib : startup.obj (.text)
                  000047bc    00000024     driverlib.lib : interrupt.obj (.text:IntPrioritySet)
                  000047e0    0000001c                   : uart.obj (.text:UARTDisable)
                  000047fc    00000018                   : gpio.obj (.text:GPIOPinTypeGPIOOutput)
                  00004814    00000018     rtsv7M4_T_le_v4SPD16_eabi.lib : args_main.obj (.text)
                  0000482c    00000014     driverlib.lib : systick.obj (.text:SysTickEnable)
                  00004840    00000014                   : systick.obj (.text:SysTickIntEnable)
                  00004854    00000014                   : uart.obj (.text:UARTEnable)
                  00004868    00000014     rtsv7M4_T_le_v4SPD16_eabi.lib : _lock.obj (.text)
                  0000487c    00000012     driverlib.lib : gpio.obj (.text:GPIOPinTypeUART)
                  0000488e    00000012                   : timer.obj (.text:TimerLoadSet)
                  000048a0    00000012     rtsv7M4_T_le_v4SPD16_eabi.lib : atof.obj (.text)
                  000048b2    00000002     --HOLE-- [fill = 0]
                  000048b4    00000010     driverlib.lib : systick.obj (.text:SysTickPeriodSet)
                  000048c4    00000010     rtsv7M4_T_le_v4SPD16_eabi.lib : isdigit.obj (.text)
                  000048d4    0000000e     driverlib.lib : timer.obj (.text:TimerEnable)
                  000048e2    0000000e     rtsv7M4_T_le_v4SPD16_eabi.lib : copy_decompress_none.obj (.text:decompress:none)
                  000048f0    0000000c     driverlib.lib : cpu.obj (.text:CPUcpsie)
                  000048fc    0000000c                   : uart.obj (.text:UARTCharsAvail)
                  00004908    0000000c                   : uart.obj (.text:UARTTxIntModeSet)
                  00004914    0000000c     rtsv7M4_T_le_v4SPD16_eabi.lib : copy_zero_init.obj (.text:decompress:ZI)
                  00004920    0000000c     tm4c123gh6pm_startup_ccs.obj (.text)
                  0000492c    0000000a     driverlib.lib : interrupt.obj (.text:IntMasterEnable)
                  00004936    0000000a                   : timer.obj (.text:TimerValueGet)
                  00004940    0000000a                   : uart.obj (.text:UARTCharGet)
                  0000494a    0000000a                   : uart.obj (.text:UARTCharPut)
                  00004954    0000000a                   : uart.obj (.text:UARTFIFOEnable)
                  0000495e    0000000a                   : uart.obj (.text:UARTIntStatus)
                  00004968    00000008                   : timer.obj (.text:TimerIntEnable)
                  00004970    00000008                   : uart.obj (.text:UARTIntEnable)
                  00004978    00000006                   : gpio.obj (.text:GPIOPinRead)
                  0000497e    00000006                   : gpio.obj (.text:GPIOPinWrite)
                  00004984    00000006                   : sysctl.obj (.text:SysCtlDelay)
                  0000498a    00000006                   : uart.obj (.text:UARTFIFOLevelSet)
                  00004990    00000004                   : timer.obj (.text:TimerIntClear)
                  00004994    00000004                   : uart.obj (.text:UARTIntClear)
                  00004998    00000004     rtsv7M4_T_le_v4SPD16_eabi.lib : pre_init.obj (.text)

.const     0    000049a0    000003a4     
                  000049a0    00000101     rtsv7M4_T_le_v4SPD16_eabi.lib : ctype.obj (.const:.string:_ctypes_)
                  00004aa1    00000003     --HOLE-- [fill = 0]
                  00004aa4    0000009c     driverlib.lib : interrupt.obj (.const:g_pui32Regs)
                  00004b40    00000098     rtsv7M4_T_le_v4SPD16_eabi.lib : strtod.obj (.const:$O1$$)
                  00004bd8    00000090     driverlib.lib : gpio.obj (.const:g_pui32GPIOBaseAddrs)
                  00004c68    00000070                   : interrupt.obj (.const)
                  00004cd8    0000006c                   : sysctl.obj (.const:g_pui32Xtals)

.cinit     0    00004d48    00000040     
                  00004d48    00000015     (.cinit..data.load) [load image, compression = lzss]
                  00004d5d    00000003     --HOLE-- [fill = 0]
                  00004d60    0000000c     (__TI_handler_table)
                  00004d6c    00000004     --HOLE-- [fill = 0]
                  00004d70    00000008     (.cinit..bss.load) [load image, compression = zero_init]
                  00004d78    00000010     (__TI_cinit_table)

.init_array 
*          0    00000000    00000000     UNINITIALIZED

.bss       0    20000000    00000300     UNINITIALIZED
                  20000000    000000cc     (.common:serialPC)
                  200000cc    00000098     (.common:dataSendBuffer)
                  20000164    00000060     (.common:samAverageTorq)
                  200001c4    00000060     (.common:samPosition12)
                  20000224    00000029     (.common:Uart)
                  2000024d    00000018     (.common:samD)
                  20000265    00000018     (.common:samDataAvail)
                  2000027d    00000018     (.common:samI)
                  20000295    00000018     (.common:samLoad8)
                  200002ad    00000018     (.common:samP)
                  200002c5    00000018     (.common:samPosition8)
                  200002dd    00000001     (.common:FlagTimer)
                  200002de    00000001     (.common:samReadBusy)
                  200002df    00000001     (.common:samReadCurrentID_C1)
                  200002e0    00000010     (.common:sam1)
                  200002f0    00000006     (.common:SysTick_Int_Count)
                  200002f6    00000004     (.common:toggle_led)
                  200002fa    00000001     (.common:samReadCurrentID_C2)
                  200002fb    00000001     (.common:samReadCurrentID_C3)
                  200002fc    00000001     (.common:samReadCurrentID_C4)
                  200002fd    00000001     (.common:samReadCurrentID_C6)
                  200002fe    00000001     (.common:samReadCurrentID_C7)
                  200002ff    00000001     (.common:samReadMode)

.data      0    20000500    00000038     UNINITIALIZED
                  20000500    0000001a     myTimer.obj (.data)
                  2000051a    00000001     mainSubController.obj (.data)
                  2000051b    00000001     --HOLE--
                  2000051c    0000000c     rtsv7M4_T_le_v4SPD16_eabi.lib : exit.obj (.data:$O1$$)
                  20000528    00000008                                   : _lock.obj (.data:$O1$$)
                  20000530    00000004                                   : errno.obj (.data)
                  20000534    00000004                                   : stkdepth_vars.obj (.data)

.stack     0    20000300    00000200     UNINITIALIZED
                  20000300    00000200     --HOLE--

MODULE SUMMARY

       Module                         code    ro data   rw data
       ------                         ----    -------   -------
    ./
       mainSubController.obj          6080    0         2      
       myRS485.obj                    2772    0         0      
       SAM.obj                        1780    0         360    
       mySerial.obj                   1068    0         356    
       numManipulate.obj              912     0         0      
       tm4c123gh6pm_startup_ccs.obj   12      620       0      
       serial.obj                     548     0         41     
       myTimer.obj                    508     0         32     
       myIO.obj                       200     0         4      
    +--+------------------------------+-------+---------+---------+
       Total:                         13880   620       795    
                                                               
    /opt/ti/TivaWare_C_Series-2.1.0.12573/driverlib/ccs/Debug/driverlib.lib
       sysctl.obj                     578     108       0      
       gpio.obj                       472     144       0      
       interrupt.obj                  142     268       0      
       uart.obj                       194     0         0      
       timer.obj                      146     0         0      
       systick.obj                    56      0         0      
       cpu.obj                        12      0         0      
    +--+------------------------------+-------+---------+---------+
       Total:                         1600    520       0      
                                                               
    /opt/ti/ccs710/ccsv7/tools/compiler/ti-cgt-arm_16.9.1.LTS/lib/rtsv7M4_T_le_v4SPD16_eabi.lib
       strtod.obj                     572     152       0      
       fd_add_t2.obj                  438     0         0      
       fd_div_t2.obj                  310     0         0      
       ctype.obj                      0       257       0      
       fd_mul_t2.obj                  252     0         0      
       memcpy_t2.obj                  156     0         0      
       fd_cmp_t2.obj                  134     0         0      
       memset_t2.obj                  122     0         0      
       autoinit.obj                   112     0         0      
       fd_tos_t2.obj                  110     0         0      
       copy_decompress_lzss.obj       104     0         0      
       exit.obj                       84      0         12     
       boot.obj                       84      0         0      
       atoi.obj                       76      0         0      
       cpy_tbl.obj                    76      0         0      
       _lock.obj                      20      0         8      
       args_main.obj                  24      0         0      
       atof.obj                       18      0         0      
       isdigit.obj                    16      0         0      
       copy_decompress_none.obj       14      0         0      
       copy_zero_init.obj             12      0         0      
       errno.obj                      0       0         4      
       pre_init.obj                   4       0         0      
       stkdepth_vars.obj              0       0         4      
       mpu_init.obj                   2       0         0      
       startup.obj                    2       0         0      
    +--+------------------------------+-------+---------+---------+
       Total:                         2742    409       28     
                                                               
       Stack:                         0       0         512    
       Linker Generated:              0       57        0      
    +--+------------------------------+-------+---------+---------+
       Grand Total:                   18222   1606      1335   


LINKER GENERATED COPY TABLES

__TI_cinit_table @ 00004d78 records: 2, size/record: 8, table size: 16
	.data: load addr=00004d48, load size=00000015 bytes, run addr=20000500, run size=00000038 bytes, compression=lzss
	.bss: load addr=00004d70, load size=00000008 bytes, run addr=20000000, run size=00000300 bytes, compression=zero_init


LINKER GENERATED HANDLER TABLE

__TI_handler_table @ 00004d60 records: 3, size/record: 4, table size: 12
	index: 0, handler: __TI_decompress_lzss
	index: 1, handler: __TI_decompress_none
	index: 2, handler: __TI_zero_init


GLOBAL SYMBOLS: SORTED ALPHABETICALLY BY Name 

address   name                           
-------   ----                           
000045e9  C$$EXIT                        
000048f1  CPUcpsie                       
200002dd  FlagTimer                      
00004791  GPIODirModeSet                 
00003cf9  GPIOPadConfigSet               
000046d5  GPIOPinConfigure               
00004979  GPIOPinRead                    
000047fd  GPIOPinTypeGPIOOutput          
0000487d  GPIOPinTypeUART                
0000497f  GPIOPinWrite                   
000044d9  IntEnable                      
0000492d  IntMasterEnable                
000047bd  IntPrioritySet                 
00003021  Map_y                          
00001d79  RS485_1_Init                   
00001f51  RS485_2_Init                   
000022fb  RS485_3_Init                   
0000210d  RS485_4_Init                   
00001bc3  RS485_6_Init                   
00001a2d  RS485_7_Init                   
00004921  ResetISR                       
0000414f  SAM_Power_enable               
000029b5  SAM_get_I                      
0000293f  SAM_get_PD                     
00002779  SAM_get_avergTorque            
00002a29  SAM_get_jointAngle12bit        
00002b13  SAM_get_jointAngle8bit         
00002501  SAM_init                       
00002503  SAM_send_bytes                 
000028d1  SAM_set_I_Runtime              
00002855  SAM_set_PD_Runtime             
000027df  SAM_set_PD_RuntimeQuick        
0000270b  SAM_set_avergTorque            
00002a95  SAM_set_jointAngle12bit        
00002b57  SAM_set_jointAngle8bit         
00002bb1  SAM_set_passiveMode            
UNDEFED   SHT$$INIT_ARRAY$$Base          
UNDEFED   SHT$$INIT_ARRAY$$Limit         
000037a1  SerialGetStr                   
00003715  SerialPutChar                  
000036dd  SerialPutData                  
00003729  SerialPutStr                   
00003751  SerialPutStrLn                 
00003781  SerialPutStr_NonTer            
00002d89  SerialSendData                 
00002e0f  SerialSend_1_AverageTorq       
00002db1  SerialSend_1_Position12        
00002e8b  SerialSend_1_Position8         
00002f17  SerialSend_All_Position        
00002f69  SerialSend_PID                 
000037e1  SerialTerminator               
20000519  SycTick_Int_Count              
0000382b  SycTick_Interrupt_Handler      
00003e29  SysCtlClockGet                 
0000403d  SysCtlClockSet                 
00004985  SysCtlDelay                    
0000475d  SysCtlPeripheralEnable         
0000482d  SysTickEnable                  
00004841  SysTickIntEnable               
000048b5  SysTickPeriodSet               
00003811  SysTick_Init                   
200002f0  SysTick_Int_Count              
00003993  Timer0_Interrupt_Handler       
00003951  Timer0_init                    
0000391f  Timer1_Interrupt_Handler       
00003945  Timer1_Reset                   
000038d7  Timer1_init                    
00004539  TimerConfigure                 
000048d5  TimerEnable                    
00004991  TimerIntClear                  
00004969  TimerIntEnable                 
0000488f  TimerLoadSet                   
00004937  TimerValueGet                  
00003687  UART0_Init                     
0000362d  UART0_Interrupt_Handler        
00001e39  UART1_Interrupt_Handler        
00002bf5  UART2_Init                     
00001ff1  UART2_Interrupt_Handler        
0000239d  UART3_Interrupt_Handler        
000021e1  UART4_Interrupt_Handler        
00002c5b  UART5_Init                     
00002cb3  UART5_Interrupt_Handler        
00001c3f  UART6_Interrupt_Handler        
00001aa9  UART7_Interrupt_Handler        
00004941  UARTCharGet                    
0000494b  UARTCharPut                    
000048fd  UARTCharsAvail                 
0000471d  UARTConfigSetExpClk            
000047e1  UARTDisable                    
00004855  UARTEnable                     
00004955  UARTFIFOEnable                 
0000498b  UARTFIFOLevelSet               
00004995  UARTIntClear                   
00004971  UARTIntEnable                  
0000495f  UARTIntStatus                  
00004909  UARTTxIntModeSet               
20000224  Uart                           
20000500  __STACK_END                    
00000200  __STACK_SIZE                   
20000500  __STACK_TOP                    
00004d78  __TI_CINIT_Base                
00004d88  __TI_CINIT_Limit               
00004d60  __TI_Handler_Table_Base        
00004d6c  __TI_Handler_Table_Limit       
00004391  __TI_auto_init                 
2000051c  __TI_cleanup_ptr               
0000446f  __TI_decompress_lzss           
000048e3  __TI_decompress_none           
20000520  __TI_dtors_ptr                 
20000524  __TI_enable_exit_profile_output
ffffffff  __TI_pprof_out_hndl            
ffffffff  __TI_prof_data_size            
ffffffff  __TI_prof_data_start           
00000000  __TI_static_base__             
00004915  __TI_zero_init                 
00004291  __aeabi_cdcmpeq                
00004291  __aeabi_cdcmple                
00004401  __aeabi_d2f                    
00003a17  __aeabi_dadd                   
00003bc3  __aeabi_ddiv                   
00003f41  __aeabi_dmul                   
00003a0d  __aeabi_dsub                   
00004317  __aeabi_memclr                 
00004317  __aeabi_memclr4                
00004317  __aeabi_memclr8                
000041f5  __aeabi_memcpy                 
000041f5  __aeabi_memcpy4                
000041f5  __aeabi_memcpy8                
00004319  __aeabi_memset                 
00004319  __aeabi_memset4                
00004319  __aeabi_memset8                
ffffffff  __binit__                      
ffffffff  __c_args__                     
000044d7  __mpu_init                     
20000300  __stack                        
00004815  _args_main                     
00004595  _c_int00                       
000049a0  _ctypes_                       
20000528  _lock                          
00004877  _nop                           
0000486f  _register_lock                 
00004869  _register_unlock               
000047bb  _system_post_cinit             
00004999  _system_pre_init               
2000052c  _unlock                        
000045ed  abort                          
000048a1  atof                           
0000463d  atoi                           
ffffffff  binit                          
000041d1  button                         
00000351  communication                  
00004689  copy_in                        
200000cc  dataSendBuffer                 
0000193d  display_com                    
2000051a  display_mode                   
20000530  errno                          
000045f5  exit                           
00003075  float2str                      
00000000  g_pfnVectors                   
000039b1  getMicroSecond                 
00003247  int2num                        
000048c5  isdigit                        
00004179  led                            
0000026d  main                           
20000534  main_func_sp                   
000041f5  memcpy                         
0000431f  memset                         
0000412d  myIO_init                      
20000504  preMicroSecond_angle           
20000510  preMicroSecond_camera          
20000508  preMicroSecond_position        
2000050c  preMicroSecond_sonar           
20000518  safe_flag                      
200002e0  sam1                           
20000164  samAverageTorq                 
2000024d  samD                           
20000265  samDataAvail                   
2000027d  samI                           
20000295  samLoad8                       
200002ad  samP                           
200001c4  samPosition12                  
200002c5  samPosition8                   
200002de  samReadBusy                    
200002df  samReadCurrentID_C1            
200002fa  samReadCurrentID_C2            
200002fb  samReadCurrentID_C3            
200002fc  samReadCurrentID_C4            
200002fd  samReadCurrentID_C6            
200002fe  samReadCurrentID_C7            
200002ff  samReadMode                    
20000514  sampling_time_second           
20000500  seconds                        
00002d67  serialGetData                  
20000000  serialPC                       
00003345  set_float_value                
0000337f  set_int_value                  
000035ed  set_position                   
000033b1  strtod                         
000033b1  strtold                        
0000030d  task_100Hz                     
000002f7  task_20Hz                      
00000323  task_50Hz                      
200002f6  toggle_led                     


GLOBAL SYMBOLS: SORTED BY Symbol Address 

address   name                           
-------   ----                           
00000000  __TI_static_base__             
00000000  g_pfnVectors                   
00000200  __STACK_SIZE                   
0000026d  main                           
000002f7  task_20Hz                      
0000030d  task_100Hz                     
00000323  task_50Hz                      
00000351  communication                  
0000193d  display_com                    
00001a2d  RS485_7_Init                   
00001aa9  UART7_Interrupt_Handler        
00001bc3  RS485_6_Init                   
00001c3f  UART6_Interrupt_Handler        
00001d79  RS485_1_Init                   
00001e39  UART1_Interrupt_Handler        
00001f51  RS485_2_Init                   
00001ff1  UART2_Interrupt_Handler        
0000210d  RS485_4_Init                   
000021e1  UART4_Interrupt_Handler        
000022fb  RS485_3_Init                   
0000239d  UART3_Interrupt_Handler        
00002501  SAM_init                       
00002503  SAM_send_bytes                 
0000270b  SAM_set_avergTorque            
00002779  SAM_get_avergTorque            
000027df  SAM_set_PD_RuntimeQuick        
00002855  SAM_set_PD_Runtime             
000028d1  SAM_set_I_Runtime              
0000293f  SAM_get_PD                     
000029b5  SAM_get_I                      
00002a29  SAM_get_jointAngle12bit        
00002a95  SAM_set_jointAngle12bit        
00002b13  SAM_get_jointAngle8bit         
00002b57  SAM_set_jointAngle8bit         
00002bb1  SAM_set_passiveMode            
00002bf5  UART2_Init                     
00002c5b  UART5_Init                     
00002cb3  UART5_Interrupt_Handler        
00002d67  serialGetData                  
00002d89  SerialSendData                 
00002db1  SerialSend_1_Position12        
00002e0f  SerialSend_1_AverageTorq       
00002e8b  SerialSend_1_Position8         
00002f17  SerialSend_All_Position        
00002f69  SerialSend_PID                 
00003021  Map_y                          
00003075  float2str                      
00003247  int2num                        
00003345  set_float_value                
0000337f  set_int_value                  
000033b1  strtod                         
000033b1  strtold                        
000035ed  set_position                   
0000362d  UART0_Interrupt_Handler        
00003687  UART0_Init                     
000036dd  SerialPutData                  
00003715  SerialPutChar                  
00003729  SerialPutStr                   
00003751  SerialPutStrLn                 
00003781  SerialPutStr_NonTer            
000037a1  SerialGetStr                   
000037e1  SerialTerminator               
00003811  SysTick_Init                   
0000382b  SycTick_Interrupt_Handler      
000038d7  Timer1_init                    
0000391f  Timer1_Interrupt_Handler       
00003945  Timer1_Reset                   
00003951  Timer0_init                    
00003993  Timer0_Interrupt_Handler       
000039b1  getMicroSecond                 
00003a0d  __aeabi_dsub                   
00003a17  __aeabi_dadd                   
00003bc3  __aeabi_ddiv                   
00003cf9  GPIOPadConfigSet               
00003e29  SysCtlClockGet                 
00003f41  __aeabi_dmul                   
0000403d  SysCtlClockSet                 
0000412d  myIO_init                      
0000414f  SAM_Power_enable               
00004179  led                            
000041d1  button                         
000041f5  __aeabi_memcpy                 
000041f5  __aeabi_memcpy4                
000041f5  __aeabi_memcpy8                
000041f5  memcpy                         
00004291  __aeabi_cdcmpeq                
00004291  __aeabi_cdcmple                
00004317  __aeabi_memclr                 
00004317  __aeabi_memclr4                
00004317  __aeabi_memclr8                
00004319  __aeabi_memset                 
00004319  __aeabi_memset4                
00004319  __aeabi_memset8                
0000431f  memset                         
00004391  __TI_auto_init                 
00004401  __aeabi_d2f                    
0000446f  __TI_decompress_lzss           
000044d7  __mpu_init                     
000044d9  IntEnable                      
00004539  TimerConfigure                 
00004595  _c_int00                       
000045e9  C$$EXIT                        
000045ed  abort                          
000045f5  exit                           
0000463d  atoi                           
00004689  copy_in                        
000046d5  GPIOPinConfigure               
0000471d  UARTConfigSetExpClk            
0000475d  SysCtlPeripheralEnable         
00004791  GPIODirModeSet                 
000047bb  _system_post_cinit             
000047bd  IntPrioritySet                 
000047e1  UARTDisable                    
000047fd  GPIOPinTypeGPIOOutput          
00004815  _args_main                     
0000482d  SysTickEnable                  
00004841  SysTickIntEnable               
00004855  UARTEnable                     
00004869  _register_unlock               
0000486f  _register_lock                 
00004877  _nop                           
0000487d  GPIOPinTypeUART                
0000488f  TimerLoadSet                   
000048a1  atof                           
000048b5  SysTickPeriodSet               
000048c5  isdigit                        
000048d5  TimerEnable                    
000048e3  __TI_decompress_none           
000048f1  CPUcpsie                       
000048fd  UARTCharsAvail                 
00004909  UARTTxIntModeSet               
00004915  __TI_zero_init                 
00004921  ResetISR                       
0000492d  IntMasterEnable                
00004937  TimerValueGet                  
00004941  UARTCharGet                    
0000494b  UARTCharPut                    
00004955  UARTFIFOEnable                 
0000495f  UARTIntStatus                  
00004969  TimerIntEnable                 
00004971  UARTIntEnable                  
00004979  GPIOPinRead                    
0000497f  GPIOPinWrite                   
00004985  SysCtlDelay                    
0000498b  UARTFIFOLevelSet               
00004991  TimerIntClear                  
00004995  UARTIntClear                   
00004999  _system_pre_init               
000049a0  _ctypes_                       
00004d60  __TI_Handler_Table_Base        
00004d6c  __TI_Handler_Table_Limit       
00004d78  __TI_CINIT_Base                
00004d88  __TI_CINIT_Limit               
20000000  serialPC                       
200000cc  dataSendBuffer                 
20000164  samAverageTorq                 
200001c4  samPosition12                  
20000224  Uart                           
2000024d  samD                           
20000265  samDataAvail                   
2000027d  samI                           
20000295  samLoad8                       
200002ad  samP                           
200002c5  samPosition8                   
200002dd  FlagTimer                      
200002de  samReadBusy                    
200002df  samReadCurrentID_C1            
200002e0  sam1                           
200002f0  SysTick_Int_Count              
200002f6  toggle_led                     
200002fa  samReadCurrentID_C2            
200002fb  samReadCurrentID_C3            
200002fc  samReadCurrentID_C4            
200002fd  samReadCurrentID_C6            
200002fe  samReadCurrentID_C7            
200002ff  samReadMode                    
20000300  __stack                        
20000500  __STACK_END                    
20000500  __STACK_TOP                    
20000500  seconds                        
20000504  preMicroSecond_angle           
20000508  preMicroSecond_position        
2000050c  preMicroSecond_sonar           
20000510  preMicroSecond_camera          
20000514  sampling_time_second           
20000518  safe_flag                      
20000519  SycTick_Int_Count              
2000051a  display_mode                   
2000051c  __TI_cleanup_ptr               
20000520  __TI_dtors_ptr                 
20000524  __TI_enable_exit_profile_output
20000528  _lock                          
2000052c  _unlock                        
20000530  errno                          
20000534  main_func_sp                   
ffffffff  __TI_pprof_out_hndl            
ffffffff  __TI_prof_data_size            
ffffffff  __TI_prof_data_start           
ffffffff  __binit__                      
ffffffff  __c_args__                     
ffffffff  binit                          
UNDEFED   SHT$$INIT_ARRAY$$Base          
UNDEFED   SHT$$INIT_ARRAY$$Limit         

[203 symbols]
